Archive member included to satisfy reference by file (symbol)

/Applications/ArmGNUToolchain/15.2.rel1/arm-none-eabi/bin/../lib/gcc/arm-none-eabi/15.2.1/../../../../arm-none-eabi/lib/thumb/v8-m.main+fp/softfp/libm.a(libm_a-wf_sqrt.o)
                              CMakeFiles/sensor_node.dir/Users/yiwenxu/softwares/pico-sdk/src/rp2_common/pico_float/float_math.c.o (sqrtf)
/Applications/ArmGNUToolchain/15.2.rel1/arm-none-eabi/bin/../lib/gcc/arm-none-eabi/15.2.1/../../../../arm-none-eabi/lib/thumb/v8-m.main+fp/softfp/libm.a(libm_a-ef_sqrt.o)
                              /Applications/ArmGNUToolchain/15.2.rel1/arm-none-eabi/bin/../lib/gcc/arm-none-eabi/15.2.1/../../../../arm-none-eabi/lib/thumb/v8-m.main+fp/softfp/libm.a(libm_a-wf_sqrt.o) (__ieee754_sqrtf)
/Applications/ArmGNUToolchain/15.2.rel1/arm-none-eabi/bin/../lib/gcc/arm-none-eabi/15.2.1/thumb/v8-m.main+fp/softfp/libgcc.a(_arm_addsubdf3.o)
                              CMakeFiles/sensor_node.dir/src/main.c.o (__aeabi_f2d)
/Applications/ArmGNUToolchain/15.2.rel1/arm-none-eabi/bin/../lib/gcc/arm-none-eabi/15.2.1/thumb/v8-m.main+fp/softfp/libgcc.a(_aeabi_ldivmod.o)
                              CMakeFiles/sensor_node.dir/src/bme680_min.c.o (__aeabi_ldivmod)
/Applications/ArmGNUToolchain/15.2.rel1/arm-none-eabi/bin/../lib/gcc/arm-none-eabi/15.2.1/thumb/v8-m.main+fp/softfp/libgcc.a(_aeabi_uldivmod.o)
                              CMakeFiles/sensor_node.dir/src/main.c.o (__aeabi_uldivmod)
/Applications/ArmGNUToolchain/15.2.rel1/arm-none-eabi/bin/../lib/gcc/arm-none-eabi/15.2.1/thumb/v8-m.main+fp/softfp/libgcc.a(_udivmoddi4.o)
                              /Applications/ArmGNUToolchain/15.2.rel1/arm-none-eabi/bin/../lib/gcc/arm-none-eabi/15.2.1/thumb/v8-m.main+fp/softfp/libgcc.a(_aeabi_ldivmod.o) (__udivmoddi4)
/Applications/ArmGNUToolchain/15.2.rel1/arm-none-eabi/bin/../lib/gcc/arm-none-eabi/15.2.1/thumb/v8-m.main+fp/softfp/libgcc.a(_dvmd_tls.o)
                              /Applications/ArmGNUToolchain/15.2.rel1/arm-none-eabi/bin/../lib/gcc/arm-none-eabi/15.2.1/thumb/v8-m.main+fp/softfp/libgcc.a(_aeabi_ldivmod.o) (__aeabi_ldiv0)
/Applications/ArmGNUToolchain/15.2.rel1/arm-none-eabi/bin/../lib/gcc/arm-none-eabi/15.2.1/../../../../arm-none-eabi/lib/thumb/v8-m.main+fp/softfp/libg.a(libc_a-ctype_.o)
                              CMakeFiles/sensor_node.dir/Users/yiwenxu/softwares/pico-sdk/lib/tinyusb/src/tusb.c.o (_ctype_)
/Applications/ArmGNUToolchain/15.2.rel1/arm-none-eabi/bin/../lib/gcc/arm-none-eabi/15.2.1/../../../../arm-none-eabi/lib/thumb/v8-m.main+fp/softfp/libg.a(libc_a-calloc.o)
                              CMakeFiles/sensor_node.dir/Users/yiwenxu/softwares/pico-sdk/src/rp2_common/pico_malloc/malloc.c.o (calloc)
/Applications/ArmGNUToolchain/15.2.rel1/arm-none-eabi/bin/../lib/gcc/arm-none-eabi/15.2.1/../../../../arm-none-eabi/lib/thumb/v8-m.main+fp/softfp/libg.a(libc_a-callocr.o)
                              /Applications/ArmGNUToolchain/15.2.rel1/arm-none-eabi/bin/../lib/gcc/arm-none-eabi/15.2.1/../../../../arm-none-eabi/lib/thumb/v8-m.main+fp/softfp/libg.a(libc_a-calloc.o) (_calloc_r)
/Applications/ArmGNUToolchain/15.2.rel1/arm-none-eabi/bin/../lib/gcc/arm-none-eabi/15.2.1/../../../../arm-none-eabi/lib/thumb/v8-m.main+fp/softfp/libg.a(libc_a-malloc.o)
                              CMakeFiles/sensor_node.dir/Users/yiwenxu/softwares/pico-sdk/src/rp2_common/pico_malloc/malloc.c.o (malloc)
/Applications/ArmGNUToolchain/15.2.rel1/arm-none-eabi/bin/../lib/gcc/arm-none-eabi/15.2.1/../../../../arm-none-eabi/lib/thumb/v8-m.main+fp/softfp/libg.a(libc_a-mallocr.o)
                              /Applications/ArmGNUToolchain/15.2.rel1/arm-none-eabi/bin/../lib/gcc/arm-none-eabi/15.2.1/../../../../arm-none-eabi/lib/thumb/v8-m.main+fp/softfp/libg.a(libc_a-callocr.o) (_malloc_r)
/Applications/ArmGNUToolchain/15.2.rel1/arm-none-eabi/bin/../lib/gcc/arm-none-eabi/15.2.1/../../../../arm-none-eabi/lib/thumb/v8-m.main+fp/softfp/libg.a(libc_a-mlock.o)
                              /Applications/ArmGNUToolchain/15.2.rel1/arm-none-eabi/bin/../lib/gcc/arm-none-eabi/15.2.1/../../../../arm-none-eabi/lib/thumb/v8-m.main+fp/softfp/libg.a(libc_a-mallocr.o) (__malloc_lock)
/Applications/ArmGNUToolchain/15.2.rel1/arm-none-eabi/bin/../lib/gcc/arm-none-eabi/15.2.1/../../../../arm-none-eabi/lib/thumb/v8-m.main+fp/softfp/libg.a(libc_a-realloc.o)
                              CMakeFiles/sensor_node.dir/Users/yiwenxu/softwares/pico-sdk/src/rp2_common/pico_malloc/malloc.c.o (realloc)
/Applications/ArmGNUToolchain/15.2.rel1/arm-none-eabi/bin/../lib/gcc/arm-none-eabi/15.2.1/../../../../arm-none-eabi/lib/thumb/v8-m.main+fp/softfp/libg.a(libc_a-reallocr.o)
                              /Applications/ArmGNUToolchain/15.2.rel1/arm-none-eabi/bin/../lib/gcc/arm-none-eabi/15.2.1/../../../../arm-none-eabi/lib/thumb/v8-m.main+fp/softfp/libg.a(libc_a-realloc.o) (_realloc_r)
[...]
Memory Configuration

Name             Origin             Length             Attributes
FLASH            0x10000000         0x00400000         xr
RAM              0x20000000         0x00080000         xrw
SCRATCH_X        0x20080000         0x00001000         xrw
SCRATCH_Y        0x20081000         0x00001000         xrw
*default*        0x00000000         0xffffffff

Linker script and memory map

LOAD /Applications/ArmGNUToolchain/15.2.rel1/arm-none-eabi/bin/../lib/gcc/arm-none-eabi/15.2.1/thumb/v8-m.main+fp/softfp/crti.o
LOAD /Applications/ArmGNUToolchain/15.2.rel1/arm-none-eabi/bin/../lib/gcc/arm-none-eabi/15.2.1/thumb/v8-m.main+fp/softfp/crtbegin.o
LOAD /Applications/ArmGNUToolchain/15.2.rel1/arm-none-eabi/bin/../lib/gcc/arm-none-eabi/15.2.1/../../../../arm-none-eabi/lib/thumb/v8-m.main+fp/softfp/crt0.o

.flash_begin    0x10000000        0x0
                0x10000000                        __flash_binary_start = .

.text           0x10000000     0x86e0
                0x10000000                        __logical_binary_start = .
 *(.vectors)
 .vectors       0x10000000      0x124 CMakeFiles/sensor_node.dir/Users/yiwenxu/softwares/pico-sdk/src/rp2_common/pico_crt0/crt0.S.o
                0x10000000                __VECTOR_TABLE
                0x10000000                __vectors
                0x10000110                __unhandled_user_irq
                0x10000110                isr_irq49
                0x10000110                isr_irq13
                0x10000110                isr_irq43
                0x10000110                isr_irq45
                0x10000110                isr_irq27
                0x10000110                isr_irq32
                0x10000110                isr_irq31
                0x10000110                isr_irq5
                0x10000110                isr_irq11
                0x10000110                isr_irq23
                0x10000110                isr_usagefault
                0x10000110                isr_irq48
                0x10000110                isr_irq35
                0x10000110                isr_irq18
                0x10000110                isr_irq50
                0x10000110                isr_irq9
                0x10000110                isr_irq30
                0x10000110                isr_irq16
                0x10000110                isr_irq44
                0x10000110                isr_irq29
                0x10000110                isr_irq26
                0x10000110                isr_irq33
                0x10000110                isr_irq3
                0x10000110                isr_irq12
                0x10000110                isr_securefault
                0x10000110                isr_irq40
                0x10000110                isr_irq28
                0x10000110                isr_irq19
                0x10000110                isr_irq36
                0x10000110                isr_irq41
                0x10000110                isr_irq0
                0x10000110                isr_irq6
                0x10000110                isr_memmanage
                0x10000110                isr_irq37
                0x10000110                isr_irq42
                0x10000110                isr_irq22
                0x10000110                isr_irq17
                0x10000110                isr_irq38
                0x10000110                isr_irq14
                0x10000110                __vectors_end
                0x10000110                __default_isrs_start
                0x10000110                isr_irq2
                0x10000110                isr_irq10
                0x10000110                isr_irq8
                0x10000110                isr_debugmonitor
                0x10000110                isr_irq24
                0x10000110                isr_irq46
                0x10000110                isr_irq1
                0x10000110                isr_irq47
                0x10000110                isr_irq51
                0x10000110                isr_irq7
                0x10000110                isr_irq21
                0x10000110                isr_irq39
                0x10000110                isr_irq20
                0x10000110                isr_irq15
                0x10000110                isr_irq25
                0x10000110                isr_irq34
                0x10000110                isr_irq4
                0x10000110                isr_busfault
                0x10000116                unhandled_user_irq_num_in_r0
                0x10000118                isr_invalid
                0x1000011a                isr_nmi
                0x1000011c                isr_hardfault
                0x1000011e                isr_svcall
                0x10000120                isr_pendsv
                0x10000122                isr_systick
                0x10000124                __default_isrs_end
 *(.binary_info_header)
 .binary_info_header
                0x10000124       0x14 CMakeFiles/sensor_node.dir/Users/yiwenxu/softwares/pico-sdk/src/rp2_common/pico_crt0/crt0.S.o
                0x10000138                        __binary_info_header_end = .
 *(.embedded_block)
 .embedded_block
                0x10000138       0x14 CMakeFiles/sensor_node.dir/Users/yiwenxu/softwares/pico-sdk/src/rp2_common/pico_crt0/crt0.S.o
                0x1000014c                        __embedded_block_end = .
 *(.reset)
 .reset         0x1000014c       0x98 CMakeFiles/sensor_node.dir/Users/yiwenxu/softwares/pico-sdk/src/rp2_common/pico_crt0/crt0.S.o
                0x1000014c                _entry_point
 *(.init)
 .init          0x100001e4        0x4 /Applications/ArmGNUToolchain/15.2.rel1/arm-none-eabi/bin/../lib/gcc/arm-none-eabi/15.2.1/thumb/v8-m.main+fp/softfp/crti.o
                0x100001e4                _init
 SORT_BY_NAME(REVERSE(*libgcc.a:cmse_nonsecure_call.o))()
 *(EXCLUDE_FILE(*libm.a: *libc.a:*lib_a-mem*.o *libgcc.a:) .text*)
 .text.register_tm_clones
                0x100001e8       0x28 /Applications/ArmGNUToolchain/15.2.rel1/arm-none-eabi/bin/../lib/gcc/arm-none-eabi/15.2.1/thumb/v8-m.main+fp/softfp/crtbegin.o
 .text.frame_dummy
                0x10000210       0x24 /Applications/ArmGNUToolchain/15.2.rel1/arm-none-eabi/bin/../lib/gcc/arm-none-eabi/15.2.1/thumb/v8-m.main+fp/softfp/crtbegin.o
 .text.uart_putc
                0x10000234       0x70 CMakeFiles/sensor_node.dir/src/main.c.o
 .text.uart_puts
                0x100002a4       0x54 CMakeFiles/sensor_node.dir/src/main.c.o
 .text.uart_getc
                0x100002f8       0x2c CMakeFiles/sensor_node.dir/src/main.c.o
 .text.read_force_raw
                0x10000324       0x30 CMakeFiles/sensor_node.dir/src/main.c.o
 .text.update_event_irq_pin
                0x10000354       0x28 CMakeFiles/sensor_node.dir/src/main.c.o
 .text.frame_checksum
                0x1000037c       0x18 CMakeFiles/sensor_node.dir/src/main.c.o
 .text.feed_frame_byte
                0x10000394       0xd2 CMakeFiles/sensor_node.dir/src/main.c.o
 .text.adc_gpio_init
                0x10000466       0x1e CMakeFiles/sensor_node.dir/src/main.c.o
 .text.send_frame
                0x10000484      0x12c CMakeFiles/sensor_node.dir/src/main.c.o
 .text.send_base_bootsel_request
                0x100005b0       0x1c CMakeFiles/sensor_node.dir/src/main.c.o
 .text.i2c_probe_addr
                0x100005cc       0x28 CMakeFiles/sensor_node.dir/src/main.c.o
 .text.print_i2c_scan
                0x100005f4       0x50 CMakeFiles/sensor_node.dir/src/main.c.o
 .text.bme680_read_chip_id
                0x10000644       0x48 CMakeFiles/sensor_node.dir/src/main.c.o
 .text.print_bme_probe
                0x1000068c       0x48 CMakeFiles/sensor_node.dir/src/main.c.o
 .text.parse_u32_arg
                0x100006d4       0x54 CMakeFiles/sensor_node.dir/src/main.c.o
 .text.send_line
                0x10000728       0x6c CMakeFiles/sensor_node.dir/src/main.c.o
 .text.update_force_event
                0x10000794       0x8c CMakeFiles/sensor_node.dir/src/main.c.o
 .text.read_environment
                0x10000820       0x60 CMakeFiles/sensor_node.dir/src/main.c.o
 .text.print_bme_gas_debug
                0x10000880      0x118 CMakeFiles/sensor_node.dir/src/main.c.o
 .text.handle_usb_command
                0x10000998       0x90 CMakeFiles/sensor_node.dir/src/main.c.o
 .text.process_usb_console
                0x10000a28       0x50 CMakeFiles/sensor_node.dir/src/main.c.o
 .text.read_light
                0x10000a78       0x28 CMakeFiles/sensor_node.dir/src/main.c.o
 .text.handle_read_all
                0x10000aa0      0x17c CMakeFiles/sensor_node.dir/src/main.c.o
 .text.handle_command
                0x10000c1c      0x3b4 CMakeFiles/sensor_node.dir/src/main.c.o
 .text.handle_frame_command
                0x10000fd0      0x170 CMakeFiles/sensor_node.dir/src/main.c.o
 .text.main     0x10001140      0x2fc CMakeFiles/sensor_node.dir/src/main.c.o
                0x10001140                main
 .text.bme680_calc_temp
                0x1000143c       0x8c CMakeFiles/sensor_node.dir/src/bme680_min.c.o
 .text.bme680_calc_press
                0x100014c8       0xde CMakeFiles/sensor_node.dir/src/bme680_min.c.o
 *fill*         0x100015a6        0x2 
 .text.bme680_calc_humidity
                0x100015a8       0xe0 CMakeFiles/sensor_node.dir/src/bme680_min.c.o
 .text.bme680_calc_gas_resistance
                0x10001688       0x8c CMakeFiles/sensor_node.dir/src/bme680_min.c.o
 .text.bme680_calc_res_heat
                0x10001714       0xa0 CMakeFiles/sensor_node.dir/src/bme680_min.c.o
 .text.bme680_calc_gas_wait
                0x100017b4       0x20 CMakeFiles/sensor_node.dir/src/bme680_min.c.o
 .text.bme680_write_reg
                0x100017d4       0x22 CMakeFiles/sensor_node.dir/src/bme680_min.c.o
 .text.bme680_read_regs
                0x100017f6       0x42 CMakeFiles/sensor_node.dir/src/bme680_min.c.o
 .text.bme680_read_calibration
                0x10001838      0x154 CMakeFiles/sensor_node.dir/src/bme680_min.c.o
 .text.bme680_init_min
                0x1000198c       0xf8 CMakeFiles/sensor_node.dir/src/bme680_min.c.o
                0x1000198c                bme680_init_min
 .text.bme680_read_all_min
                0x10001a84      0x204 CMakeFiles/sensor_node.dir/src/bme680_min.c.o
                0x10001a84                bme680_read_all_min
 .text.bme680_get_last_debug
                0x10001c88       0x2c CMakeFiles/sensor_node.dir/src/bme680_min.c.o
                0x10001c88                bme680_get_last_debug
 .text.i2c_write_reg16
                0x10001cb4       0x24 CMakeFiles/sensor_node.dir/src/veml7700_min.c.o
 .text.i2c_read_reg16
                0x10001cd8       0x54 CMakeFiles/sensor_node.dir/src/veml7700_min.c.o
 .text.veml7700_init_min
                0x10001d2c       0x16 CMakeFiles/sensor_node.dir/src/veml7700_min.c.o
                0x10001d2c                veml7700_init_min
 .text.veml7700_read_raw
                0x10001d42       0x24 CMakeFiles/sensor_node.dir/src/veml7700_min.c.o
                0x10001d42                veml7700_read_raw
 *fill*         0x10001d66        0x2 
 .text.gpio_set_function
                0x10001d68       0x38 CMakeFiles/sensor_node.dir/Users/yiwenxu/softwares/pico-sdk/src/rp2_common/hardware_gpio/gpio.c.o
                0x10001d68                gpio_set_function
 .text.gpio_set_pulls
                0x10001da0       0x30 CMakeFiles/sensor_node.dir/Users/yiwenxu/softwares/pico-sdk/src/rp2_common/hardware_gpio/gpio.c.o
                0x10001da0                gpio_set_pulls
 .text.gpio_set_input_enabled
                0x10001dd0       0x28 CMakeFiles/sensor_node.dir/Users/yiwenxu/softwares/pico-sdk/src/rp2_common/hardware_gpio/gpio.c.o
                0x10001dd0                gpio_set_input_enabled
 .text.gpio_init
                0x10001df8       0x16 CMakeFiles/sensor_node.dir/Users/yiwenxu/softwares/pico-sdk/src/rp2_common/hardware_gpio/gpio.c.o
                0x10001df8                gpio_init
 *fill*         0x10001e0e        0x2 
 .text.panic    0x10001e10       0x30 CMakeFiles/sensor_node.dir/Users/yiwenxu/softwares/pico-sdk/src/rp2_common/pico_platform_panic/panic.c.o
                0x10001e10                panic
 .text.hw_claim_lock
                0x10001e40       0x24 CMakeFiles/sensor_node.dir/Users/yiwenxu/softwares/pico-sdk/src/common/hardware_claim/claim.c.o
                0x10001e40                hw_claim_lock
 .text.hw_claim_unlock
                0x10001e64       0x14 CMakeFiles/sensor_node.dir/Users/yiwenxu/softwares/pico-sdk/src/common/hardware_claim/claim.c.o
                0x10001e64                hw_claim_unlock
 .text.hw_claim_or_assert
                0x10001e78       0x32 CMakeFiles/sensor_node.dir/Users/yiwenxu/softwares/pico-sdk/src/common/hardware_claim/claim.c.o
                0x10001e78                hw_claim_or_assert
 .text.hw_claim_unused_from_range
                0x10001eaa       0x4e CMakeFiles/sensor_node.dir/Users/yiwenxu/softwares/pico-sdk/src/common/hardware_claim/claim.c.o
                0x10001eaa                hw_claim_unused_from_range
 .text.next_striped_spin_lock_num
                0x10001ef8       0x1c CMakeFiles/sensor_node.dir/Users/yiwenxu/softwares/pico-sdk/src/rp2_common/hardware_sync/sync.c.o
                0x10001ef8                next_striped_spin_lock_num
 .text.spin_lock_claim_unused
                0x10001f14       0x20 CMakeFiles/sensor_node.dir/Users/yiwenxu/softwares/pico-sdk/src/rp2_common/hardware_sync/sync.c.o
                0x10001f14                spin_lock_claim_unused
 .text.spinlock_set_extexclall
                0x10001f34        0xe CMakeFiles/sensor_node.dir/Users/yiwenxu/softwares/pico-sdk/src/rp2_common/hardware_sync_spin_lock/sync_spin_lock.c.o
 *fill*         0x10001f42        0x2 
 .text.spin_locks_reset
                0x10001f44       0x1c CMakeFiles/sensor_node.dir/Users/yiwenxu/softwares/pico-sdk/src/rp2_common/hardware_sync_spin_lock/sync_spin_lock.c.o
                0x10001f44                spin_locks_reset
 .text.set_raw_irq_handler_and_unlock
                0x10001f60       0x24 CMakeFiles/sensor_node.dir/Users/yiwenxu/softwares/pico-sdk/src/rp2_common/hardware_irq/irq.c.o
 .text.nvic_ipr0
                0x10001f84        0x8 CMakeFiles/sensor_node.dir/Users/yiwenxu/softwares/pico-sdk/src/rp2_common/hardware_irq/irq.c.o
 .text.runtime_init_per_core_irq_priorities
                0x10001f8c       0x1c CMakeFiles/sensor_node.dir/Users/yiwenxu/softwares/pico-sdk/src/rp2_common/hardware_irq/irq.c.o
                0x10001f8c                runtime_init_per_core_irq_priorities
 .text.resolve_j_16
                0x10001fa8       0x40 CMakeFiles/sensor_node.dir/Users/yiwenxu/softwares/pico-sdk/src/rp2_common/hardware_irq/irq.c.o
 .text.make_j_16
                0x10001fe8       0x3c CMakeFiles/sensor_node.dir/Users/yiwenxu/softwares/pico-sdk/src/rp2_common/hardware_irq/irq.c.o
 .text.irq_is_enabled
                0x10002024       0x20 CMakeFiles/sensor_node.dir/Users/yiwenxu/softwares/pico-sdk/src/rp2_common/hardware_irq/irq.c.o
                0x10002024                irq_is_enabled
 .text.irq_set_mask_n_enabled
                0x10002044       0x20 CMakeFiles/sensor_node.dir/Users/yiwenxu/softwares/pico-sdk/src/rp2_common/hardware_irq/irq.c.o
                0x10002044                irq_set_mask_n_enabled
 .text.irq_set_enabled
                0x10002064       0x14 CMakeFiles/sensor_node.dir/Users/yiwenxu/softwares/pico-sdk/src/rp2_common/hardware_irq/irq.c.o
                0x10002064                irq_set_enabled
 .text.irq_set_pending
                0x10002078       0x18 CMakeFiles/sensor_node.dir/Users/yiwenxu/softwares/pico-sdk/src/rp2_common/hardware_irq/irq.c.o
                0x10002078                irq_set_pending
 .text.irq_get_vtable_handler
                0x10002090       0x10 CMakeFiles/sensor_node.dir/Users/yiwenxu/softwares/pico-sdk/src/rp2_common/hardware_irq/irq.c.o
                0x10002090                irq_get_vtable_handler
 .text.irq_has_shared_handler
                0x100020a0       0x18 CMakeFiles/sensor_node.dir/Users/yiwenxu/softwares/pico-sdk/src/rp2_common/hardware_irq/irq.c.o
                0x100020a0                irq_has_shared_handler
 .text.irq_set_exclusive_handler
                0x100020b8       0x60 CMakeFiles/sensor_node.dir/Users/yiwenxu/softwares/pico-sdk/src/rp2_common/hardware_irq/irq.c.o
                0x100020b8                irq_set_exclusive_handler
 .text.irq_add_shared_handler
                0x10002118      0x234 CMakeFiles/sensor_node.dir/Users/yiwenxu/softwares/pico-sdk/src/rp2_common/hardware_irq/irq.c.o
                0x10002118                irq_add_shared_handler
 .text.irq_add_tail_to_free_list
                0x1000234c      0x100 CMakeFiles/sensor_node.dir/Users/yiwenxu/softwares/pico-sdk/src/rp2_common/hardware_irq/irq.c.o
                0x1000234c                irq_add_tail_to_free_list
 .text.user_irq_claim_unused
                0x1000244c       0x28 CMakeFiles/sensor_node.dir/Users/yiwenxu/softwares/pico-sdk/src/rp2_common/hardware_irq/irq.c.o
                0x1000244c                user_irq_claim_unused
 .text.lock_init
                0x10002474        0xc CMakeFiles/sensor_node.dir/Users/yiwenxu/softwares/pico-sdk/src/common/pico_sync/lock_core.c.o
                0x10002474                lock_init
 .text.mutex_init
                0x10002480       0x1a CMakeFiles/sensor_node.dir/Users/yiwenxu/softwares/pico-sdk/src/common/pico_sync/mutex.c.o
                0x10002480                mutex_init
 .text.recursive_mutex_init
                0x1000249a       0x1e CMakeFiles/sensor_node.dir/Users/yiwenxu/softwares/pico-sdk/src/common/pico_sync/mutex.c.o
                0x1000249a                recursive_mutex_init
 .text.runtime_init_mutex
                0x100024b8       0x4c CMakeFiles/sensor_node.dir/Users/yiwenxu/softwares/pico-sdk/src/common/pico_sync/mutex.c.o
                0x100024b8                runtime_init_mutex
 .text.critical_section_init_with_lock_num
                0x10002504       0x10 CMakeFiles/sensor_node.dir/Users/yiwenxu/softwares/pico-sdk/src/common/pico_sync/critical_section.c.o
                0x10002504                critical_section_init_with_lock_num
 .text.critical_section_init
                0x10002514       0x14 CMakeFiles/sensor_node.dir/Users/yiwenxu/softwares/pico-sdk/src/common/pico_sync/critical_section.c.o
                0x10002514                critical_section_init
 .text.ta_from_current_irq
                0x10002528       0x24 CMakeFiles/sensor_node.dir/Users/yiwenxu/softwares/pico-sdk/src/common/pico_time/time.c.o
 .text.ta_set_timeout
                0x1000254c       0x2e CMakeFiles/sensor_node.dir/Users/yiwenxu/softwares/pico-sdk/src/common/pico_time/time.c.o
 .text.make_alarm_id
                0x1000257a        0x6 CMakeFiles/sensor_node.dir/Users/yiwenxu/softwares/pico-sdk/src/common/pico_time/time.c.o
 .text.sleep_until_callback
                0x10002580       0x3c CMakeFiles/sensor_node.dir/Users/yiwenxu/softwares/pico-sdk/src/common/pico_time/time.c.o
 .text.alarm_pool_irq_handler
                0x100025bc      0x2ec CMakeFiles/sensor_node.dir/Users/yiwenxu/softwares/pico-sdk/src/common/pico_time/time.c.o
 .text.ta_enable_irq_handler
                0x100028a8       0x38 CMakeFiles/sensor_node.dir/Users/yiwenxu/softwares/pico-sdk/src/common/pico_time/time.c.o
 .text.alarm_pool_post_alloc_init
                0x100028e0       0x7c CMakeFiles/sensor_node.dir/Users/yiwenxu/softwares/pico-sdk/src/common/pico_time/time.c.o
 .text.alarm_pool_get_default
                0x1000295c       0x28 CMakeFiles/sensor_node.dir/Users/yiwenxu/softwares/pico-sdk/src/common/pico_time/time.c.o
                0x1000295c                alarm_pool_get_default
 .text.alarm_pool_add_alarm_at_force_in_context
                0x10002984       0xc0 CMakeFiles/sensor_node.dir/Users/yiwenxu/softwares/pico-sdk/src/common/pico_time/time.c.o
                0x10002984                alarm_pool_add_alarm_at_force_in_context
 .text.alarm_pool_add_alarm_at
                0x10002a44       0x38 CMakeFiles/sensor_node.dir/Users/yiwenxu/softwares/pico-sdk/src/common/pico_time/time.c.o
                0x10002a44                alarm_pool_add_alarm_at
 .text.add_alarm_at
                0x10002a7c       0x26 CMakeFiles/sensor_node.dir/Users/yiwenxu/softwares/pico-sdk/src/common/pico_time/time.c.o
 .text.alarm_pool_cancel_alarm
                0x10002aa2       0x72 CMakeFiles/sensor_node.dir/Users/yiwenxu/softwares/pico-sdk/src/common/pico_time/time.c.o
                0x10002aa2                alarm_pool_cancel_alarm
 .text.cancel_alarm
                0x10002b14       0x10 CMakeFiles/sensor_node.dir/Users/yiwenxu/softwares/pico-sdk/src/common/pico_time/time.c.o
 .text.alarm_pool_core_num
                0x10002b24        0x4 CMakeFiles/sensor_node.dir/Users/yiwenxu/softwares/pico-sdk/src/common/pico_time/time.c.o
                0x10002b24                alarm_pool_core_num
 .text.sleep_until
                0x10002b28       0xb4 CMakeFiles/sensor_node.dir/Users/yiwenxu/softwares/pico-sdk/src/common/pico_time/time.c.o
                0x10002b28                sleep_until
 .text.sleep_us
                0x10002bdc       0x24 CMakeFiles/sensor_node.dir/Users/yiwenxu/softwares/pico-sdk/src/common/pico_time/time.c.o
                0x10002bdc                sleep_us
 .text.sleep_ms
                0x10002c00       0x28 CMakeFiles/sensor_node.dir/Users/yiwenxu/softwares/pico-sdk/src/common/pico_time/time.c.o
                0x10002c00                sleep_ms
 .text.best_effort_wfe_or_timeout
                0x10002c28      0x100 CMakeFiles/sensor_node.dir/Users/yiwenxu/softwares/pico-sdk/src/common/pico_time/time.c.o
                0x10002c28                best_effort_wfe_or_timeout
 .text.alarm_pool_get_default_timer
                0x10002d28        0x8 CMakeFiles/sensor_node.dir/Users/yiwenxu/softwares/pico-sdk/src/common/pico_time/time.c.o
                0x10002d28                alarm_pool_get_default_timer
 .text.runtime_init_default_alarm_pool
                0x10002d30       0x34 CMakeFiles/sensor_node.dir/Users/yiwenxu/softwares/pico-sdk/src/common/pico_time/time.c.o
                0x10002d30                runtime_init_default_alarm_pool
 .text.timer_hardware_alarm_claim
                0x10002d64       0x24 CMakeFiles/sensor_node.dir/Users/yiwenxu/softwares/pico-sdk/src/rp2_common/hardware_timer/timer.c.o
                0x10002d64                timer_hardware_alarm_claim
 .text.timer_time_us_64
                0x10002d88       0x10 CMakeFiles/sensor_node.dir/Users/yiwenxu/softwares/pico-sdk/src/rp2_common/hardware_timer/timer.c.o
                0x10002d88                timer_time_us_64
 .text.timer_busy_wait_until
                0x10002d98       0x1a CMakeFiles/sensor_node.dir/Users/yiwenxu/softwares/pico-sdk/src/rp2_common/hardware_timer/timer.c.o
                0x10002d98                timer_busy_wait_until
 .text.timer_busy_wait_us
                0x10002db2       0x28 CMakeFiles/sensor_node.dir/Users/yiwenxu/softwares/pico-sdk/src/rp2_common/hardware_timer/timer.c.o
                0x10002db2                timer_busy_wait_us
 *fill*         0x10002dda        0x2 
 .text.time_us_64
                0x10002ddc       0x10 CMakeFiles/sensor_node.dir/Users/yiwenxu/softwares/pico-sdk/src/rp2_common/hardware_timer/timer.c.o
                0x10002ddc                time_us_64
 .text.busy_wait_us
                0x10002dec       0x14 CMakeFiles/sensor_node.dir/Users/yiwenxu/softwares/pico-sdk/src/rp2_common/hardware_timer/timer.c.o
                0x10002dec                busy_wait_us
 .text.busy_wait_until
                0x10002e00       0x14 CMakeFiles/sensor_node.dir/Users/yiwenxu/softwares/pico-sdk/src/rp2_common/hardware_timer/timer.c.o
                0x10002e00                busy_wait_until
 .text.uart_unreset
                0x10002e14       0x2c CMakeFiles/sensor_node.dir/Users/yiwenxu/softwares/pico-sdk/src/rp2_common/hardware_uart/uart.c.o
 .text.uart_disable_before_lcr_write
                0x10002e40       0x40 CMakeFiles/sensor_node.dir/Users/yiwenxu/softwares/pico-sdk/src/rp2_common/hardware_uart/uart.c.o
 .text.uart_write_lcr_bits_masked
                0x10002e80       0x20 CMakeFiles/sensor_node.dir/Users/yiwenxu/softwares/pico-sdk/src/rp2_common/hardware_uart/uart.c.o
 .text.uart_set_baudrate
                0x10002ea0       0x52 CMakeFiles/sensor_node.dir/Users/yiwenxu/softwares/pico-sdk/src/rp2_common/hardware_uart/uart.c.o
                0x10002ea0                uart_set_baudrate
 *fill*         0x10002ef2        0x2 
 .text.uart_set_translate_crlf
                0x10002ef4       0x24 CMakeFiles/sensor_node.dir/Users/yiwenxu/softwares/pico-sdk/src/rp2_common/hardware_uart/uart.c.o
                0x10002ef4                uart_set_translate_crlf
 .text.uart_init
                0x10002f18       0x5c CMakeFiles/sensor_node.dir/Users/yiwenxu/softwares/pico-sdk/src/rp2_common/hardware_uart/uart.c.o
                0x10002f18                uart_init
 .text.clock_configure_internal
                0x10002f74       0xbc CMakeFiles/sensor_node.dir/Users/yiwenxu/softwares/pico-sdk/src/rp2_common/hardware_clocks/clocks.c.o
 .text.clock_configure_undivided
                0x10003030       0x14 CMakeFiles/sensor_node.dir/Users/yiwenxu/softwares/pico-sdk/src/rp2_common/hardware_clocks/clocks.c.o
                0x10003030                clock_configure_undivided
 .text.clock_get_hz
                0x10003044        0xc CMakeFiles/sensor_node.dir/Users/yiwenxu/softwares/pico-sdk/src/rp2_common/hardware_clocks/clocks.c.o
                0x10003044                clock_get_hz
 .text.pll_init
                0x10003050      0x108 CMakeFiles/sensor_node.dir/Users/yiwenxu/softwares/pico-sdk/src/rp2_common/hardware_pll/pll.c.o
                0x10003050                pll_init
 .text.watchdog_update
                0x10003158       0x14 CMakeFiles/sensor_node.dir/Users/yiwenxu/softwares/pico-sdk/src/rp2_common/hardware_watchdog/watchdog.c.o
                0x10003158                watchdog_update
 .text._watchdog_enable
                0x1000316c       0x6c CMakeFiles/sensor_node.dir/Users/yiwenxu/softwares/pico-sdk/src/rp2_common/hardware_watchdog/watchdog.c.o
                0x1000316c                _watchdog_enable
 .text.watchdog_reboot
                0x100031d8       0x4c CMakeFiles/sensor_node.dir/Users/yiwenxu/softwares/pico-sdk/src/rp2_common/hardware_watchdog/watchdog.c.o
                0x100031d8                watchdog_reboot
 .text.tick_start
                0x10003224       0x1c CMakeFiles/sensor_node.dir/Users/yiwenxu/softwares/pico-sdk/src/rp2_common/hardware_ticks/ticks.c.o
                0x10003224                tick_start
 .text.rom_reboot
                0x10003240       0x40 CMakeFiles/sensor_node.dir/Users/yiwenxu/softwares/pico-sdk/src/rp2_common/pico_bootrom/bootrom.c.o
 .text.rom_func_lookup
                0x10003280       0x1e CMakeFiles/sensor_node.dir/Users/yiwenxu/softwares/pico-sdk/src/rp2_common/pico_bootrom/bootrom.c.o
                0x10003280                rom_func_lookup
 .text.rom_reset_usb_boot_extra
                0x1000329e       0x20 CMakeFiles/sensor_node.dir/Users/yiwenxu/softwares/pico-sdk/src/rp2_common/pico_bootrom/bootrom.c.o
                0x1000329e                rom_reset_usb_boot_extra
 *fill*         0x100032be        0x2 
 .text.runtime_init_bootrom_locking_enable
                0x100032c0       0x14 CMakeFiles/sensor_node.dir/Users/yiwenxu/softwares/pico-sdk/src/rp2_common/pico_bootrom/bootrom_lock.c.o
                0x100032c0                runtime_init_bootrom_locking_enable
 .text.boot_locks_reset
                0x100032d4       0x20 CMakeFiles/sensor_node.dir/Users/yiwenxu/softwares/pico-sdk/src/rp2_common/hardware_boot_lock/boot_lock.c.o
                0x100032d4                boot_locks_reset
 .text.runtime_init_boot_locks_reset
                0x100032f4        0x8 CMakeFiles/sensor_node.dir/Users/yiwenxu/softwares/pico-sdk/src/rp2_common/hardware_boot_lock/boot_lock.c.o
                0x100032f4                runtime_init_boot_locks_reset
 .text.xosc_init
                0x100032fc       0x28 CMakeFiles/sensor_node.dir/Users/yiwenxu/softwares/pico-sdk/src/rp2_common/hardware_xosc/xosc.c.o
                0x100032fc                xosc_init
 .text.runtime_run_initializers_from
                0x10003324       0x18 CMakeFiles/sensor_node.dir/Users/yiwenxu/softwares/pico-sdk/src/rp2_common/pico_runtime/runtime.c.o
 .text.first_per_core_initializer
                0x1000333c        0x2 CMakeFiles/sensor_node.dir/Users/yiwenxu/softwares/pico-sdk/src/rp2_common/pico_runtime/runtime.c.o
 *fill*         0x1000333e        0x2 
 .text.runtime_run_initializers
                0x10003340       0x10 CMakeFiles/sensor_node.dir/Users/yiwenxu/softwares/pico-sdk/src/rp2_common/pico_runtime/runtime.c.o
                0x10003340                runtime_run_initializers
 .text.runtime_init_early_resets
                0x10003350       0x2c CMakeFiles/sensor_node.dir/Users/yiwenxu/softwares/pico-sdk/src/rp2_common/pico_runtime_init/runtime_init.c.o
                0x10003350                runtime_init_early_resets
 .text.runtime_init_usb_power_down
                0x1000337c       0x20 CMakeFiles/sensor_node.dir/Users/yiwenxu/softwares/pico-sdk/src/rp2_common/pico_runtime_init/runtime_init.c.o
                0x1000337c                runtime_init_usb_power_down
 .text.runtime_init_per_core_enable_coprocessors
                0x1000339c       0x1c CMakeFiles/sensor_node.dir/Users/yiwenxu/softwares/pico-sdk/src/rp2_common/pico_runtime_init/runtime_init.c.o
                0x1000339c                runtime_init_per_core_enable_coprocessors
 .text.runtime_init_post_clock_resets
                0x100033b8       0x20 CMakeFiles/sensor_node.dir/Users/yiwenxu/softwares/pico-sdk/src/rp2_common/pico_runtime_init/runtime_init.c.o
                0x100033b8                runtime_init_post_clock_resets
 .text.runtime_init_bootrom_reset
                0x100033d8       0x12 CMakeFiles/sensor_node.dir/Users/yiwenxu/softwares/pico-sdk/src/rp2_common/pico_runtime_init/runtime_init.c.o
                0x100033d8                runtime_init_bootrom_reset
 .text.runtime_init_per_core_bootrom_reset
                0x100033ea       0x12 CMakeFiles/sensor_node.dir/Users/yiwenxu/softwares/pico-sdk/src/rp2_common/pico_runtime_init/runtime_init.c.o
                0x100033ea                runtime_init_per_core_bootrom_reset
 .text.runtime_init_spin_locks_reset
                0x100033fc        0x8 CMakeFiles/sensor_node.dir/Users/yiwenxu/softwares/pico-sdk/src/rp2_common/pico_runtime_init/runtime_init.c.o
                0x100033fc                runtime_init_spin_locks_reset
 .text.runtime_init_install_ram_vector_table
                0x10003404       0x48 CMakeFiles/sensor_node.dir/Users/yiwenxu/softwares/pico-sdk/src/rp2_common/pico_runtime_init/runtime_init.c.o
                0x10003404                runtime_init_install_ram_vector_table
 .text.start_all_ticks
                0x1000344c       0x28 CMakeFiles/sensor_node.dir/Users/yiwenxu/softwares/pico-sdk/src/rp2_common/pico_runtime_init/runtime_init_clocks.c.o
 .text.runtime_init_clocks
                0x10003474       0xc4 CMakeFiles/sensor_node.dir/Users/yiwenxu/softwares/pico-sdk/src/rp2_common/pico_runtime_init/runtime_init_clocks.c.o
                0x10003474                runtime_init_clocks
 .text.__rp2350_dcp_engaged_state_save_restore
                0x10003538       0x3a CMakeFiles/sensor_node.dir/Users/yiwenxu/softwares/pico-sdk/src/rp2_common/pico_double/double_aeabi_dcp.S.o
 *fill*         0x10003572        0x2 
 .text.__wrap___aeabi_dadd
                0x10003574       0x28 CMakeFiles/sensor_node.dir/Users/yiwenxu/softwares/pico-sdk/src/rp2_common/pico_double/double_aeabi_dcp.S.o
                0x1000357c                __wrap___aeabi_dadd
 .text.__wrap___aeabi_dsub
                0x1000359c       0x28 CMakeFiles/sensor_node.dir/Users/yiwenxu/softwares/pico-sdk/src/rp2_common/pico_double/double_aeabi_dcp.S.o
                0x100035a4                __wrap___aeabi_dsub
 .text.__wrap___aeabi_dmul
                0x100035c4       0x4c CMakeFiles/sensor_node.dir/Users/yiwenxu/softwares/pico-sdk/src/rp2_common/pico_double/double_aeabi_dcp.S.o
                0x100035cc                __wrap___aeabi_dmul
 .text.__wrap___aeabi_ddiv
                0x10003610       0x9c CMakeFiles/sensor_node.dir/Users/yiwenxu/softwares/pico-sdk/src/rp2_common/pico_double/double_aeabi_dcp.S.o
                0x10003618                __wrap___aeabi_ddiv
 .text.__wrap___aeabi_i2d
                0x100036ac       0x24 CMakeFiles/sensor_node.dir/Users/yiwenxu/softwares/pico-sdk/src/rp2_common/pico_double/double_aeabi_dcp.S.o
                0x100036b4                __wrap___aeabi_i2d
                0x100036b4                int2double
 .text.__wrap___aeabi_ui2d
                0x100036d0       0x24 CMakeFiles/sensor_node.dir/Users/yiwenxu/softwares/pico-sdk/src/rp2_common/pico_double/double_aeabi_dcp.S.o
                0x100036d8                __wrap___aeabi_ui2d
                0x100036d8                uint2double
 .text.__wrap___aeabi_d2iz
                0x100036f4       0x24 CMakeFiles/sensor_node.dir/Users/yiwenxu/softwares/pico-sdk/src/rp2_common/pico_double/double_aeabi_dcp.S.o
                0x100036fc                __wrap___aeabi_d2iz
                0x100036fc                double2int_z
 .text.__wrap___aeabi_d2uiz
                0x10003718       0x24 CMakeFiles/sensor_node.dir/Users/yiwenxu/softwares/pico-sdk/src/rp2_common/pico_double/double_aeabi_dcp.S.o
                0x10003720                double2uint_z
                0x10003720                double2uint
                0x10003720                __wrap___aeabi_d2uiz
 .text.__wrap___aeabi_dcmpun
                0x1000373c       0x24 CMakeFiles/sensor_node.dir/Users/yiwenxu/softwares/pico-sdk/src/rp2_common/pico_double/double_aeabi_dcp.S.o
                0x10003744                __wrap___aeabi_dcmpun
 .text.__wrap___aeabi_dcmplt
                0x10003760       0x28 CMakeFiles/sensor_node.dir/Users/yiwenxu/softwares/pico-sdk/src/rp2_common/pico_double/double_aeabi_dcp.S.o
                0x10003768                __wrap___aeabi_dcmplt
 .text.__wrap___aeabi_dcmple
                0x10003788       0x28 CMakeFiles/sensor_node.dir/Users/yiwenxu/softwares/pico-sdk/src/rp2_common/pico_double/double_aeabi_dcp.S.o
                0x10003790                __wrap___aeabi_dcmple
 .text.__wrap___aeabi_dcmpge
                0x100037b0       0x28 CMakeFiles/sensor_node.dir/Users/yiwenxu/softwares/pico-sdk/src/rp2_common/pico_double/double_aeabi_dcp.S.o
                0x100037b8                __wrap___aeabi_dcmpge
 .text.__wrap___aeabi_dcmpgt
                0x100037d8       0x28 CMakeFiles/sensor_node.dir/Users/yiwenxu/softwares/pico-sdk/src/rp2_common/pico_double/double_aeabi_dcp.S.o
                0x100037e0                __wrap___aeabi_dcmpgt
 .text._out_buffer
                0x10003800        0x8 CMakeFiles/sensor_node.dir/Users/yiwenxu/softwares/pico-sdk/src/rp2_common/pico_printf/printf.c.o
 .text._out_null
                0x10003808        0x2 CMakeFiles/sensor_node.dir/Users/yiwenxu/softwares/pico-sdk/src/rp2_common/pico_printf/printf.c.o
 .text._out_fct
                0x1000380a        0xe CMakeFiles/sensor_node.dir/Users/yiwenxu/softwares/pico-sdk/src/rp2_common/pico_printf/printf.c.o
 .text._atoi    0x10003818       0x26 CMakeFiles/sensor_node.dir/Users/yiwenxu/softwares/pico-sdk/src/rp2_common/pico_printf/printf.c.o
 .text._out_rev
                0x1000383e       0x8e CMakeFiles/sensor_node.dir/Users/yiwenxu/softwares/pico-sdk/src/rp2_common/pico_printf/printf.c.o
 .text._ntoa_format
                0x100038cc      0x15a CMakeFiles/sensor_node.dir/Users/yiwenxu/softwares/pico-sdk/src/rp2_common/pico_printf/printf.c.o
 .text._ntoa_long
                0x10003a26       0xa0 CMakeFiles/sensor_node.dir/Users/yiwenxu/softwares/pico-sdk/src/rp2_common/pico_printf/printf.c.o
 .text._ntoa_long_long
                0x10003ac6       0xc0 CMakeFiles/sensor_node.dir/Users/yiwenxu/softwares/pico-sdk/src/rp2_common/pico_printf/printf.c.o
 *fill*         0x10003b86        0x2 
 .text._etoa    0x10003b88      0x440 CMakeFiles/sensor_node.dir/Users/yiwenxu/softwares/pico-sdk/src/rp2_common/pico_printf/printf.c.o
 .text._ftoa    0x10003fc8      0x394 CMakeFiles/sensor_node.dir/Users/yiwenxu/softwares/pico-sdk/src/rp2_common/pico_printf/printf.c.o
 .text._vsnprintf
                0x1000435c      0x624 CMakeFiles/sensor_node.dir/Users/yiwenxu/softwares/pico-sdk/src/rp2_common/pico_printf/printf.c.o
 .text.__wrap_snprintf
                0x10004980       0x2c CMakeFiles/sensor_node.dir/Users/yiwenxu/softwares/pico-sdk/src/rp2_common/pico_printf/printf.c.o
                0x10004980                __wrap_snprintf
 .text.vfctprintf
                0x100049ac       0x20 CMakeFiles/sensor_node.dir/Users/yiwenxu/softwares/pico-sdk/src/rp2_common/pico_printf/printf.c.o
                0x100049ac                vfctprintf
 .text._exit    0x100049cc        0x4 CMakeFiles/sensor_node.dir/Users/yiwenxu/softwares/pico-sdk/src/rp2_common/pico_clib_interface/newlib_interface.c.o
                0x100049cc                _exit
 .text.exit     0x100049d0        0x6 CMakeFiles/sensor_node.dir/Users/yiwenxu/softwares/pico-sdk/src/rp2_common/pico_clib_interface/newlib_interface.c.o
                0x100049d0                exit
 *fill*         0x100049d6        0x2 
 .text.__assert_func
                0x100049d8       0x38 CMakeFiles/sensor_node.dir/Users/yiwenxu/softwares/pico-sdk/src/rp2_common/pico_clib_interface/newlib_interface.c.o
                0x100049d8                __assert_func
 .text.runtime_init
                0x10004a10       0x2c CMakeFiles/sensor_node.dir/Users/yiwenxu/softwares/pico-sdk/src/rp2_common/pico_clib_interface/newlib_interface.c.o
                0x10004a10                runtime_init
 .text.stdio_out_chars_no_crlf
                0x10004a3c        0xe CMakeFiles/sensor_node.dir/Users/yiwenxu/softwares/pico-sdk/src/rp2_common/pico_stdio/stdio.c.o
 *fill*         0x10004a4a        0x2 
 .text.stdio_out_chars_crlf
                0x10004a4c       0x7c CMakeFiles/sensor_node.dir/Users/yiwenxu/softwares/pico-sdk/src/rp2_common/pico_stdio/stdio.c.o
 .text.stdio_stack_buffer_flush
                0x10004ac8       0x40 CMakeFiles/sensor_node.dir/Users/yiwenxu/softwares/pico-sdk/src/rp2_common/pico_stdio/stdio.c.o
 .text.stdio_buffered_printer
                0x10004b08       0x20 CMakeFiles/sensor_node.dir/Users/yiwenxu/softwares/pico-sdk/src/rp2_common/pico_stdio/stdio.c.o
 .text.stdout_serialize_begin
                0x10004b28       0x2c CMakeFiles/sensor_node.dir/Users/yiwenxu/softwares/pico-sdk/src/rp2_common/pico_stdio/stdio.c.o
                0x10004b28                stdout_serialize_begin
 .text.stdout_serialize_end
                0x10004b54       0x10 CMakeFiles/sensor_node.dir/Users/yiwenxu/softwares/pico-sdk/src/rp2_common/pico_stdio/stdio.c.o
                0x10004b54                stdout_serialize_end
 .text.stdio_put_string
                0x10004b64       0x88 CMakeFiles/sensor_node.dir/Users/yiwenxu/softwares/pico-sdk/src/rp2_common/pico_stdio/stdio.c.o
                0x10004b64                stdio_put_string
 .text.stdio_get_until
                0x10004bec       0x6c CMakeFiles/sensor_node.dir/Users/yiwenxu/softwares/pico-sdk/src/rp2_common/pico_stdio/stdio.c.o
                0x10004bec                stdio_get_until
 .text.stdio_set_driver_enabled
                0x10004c58       0x28 CMakeFiles/sensor_node.dir/Users/yiwenxu/softwares/pico-sdk/src/rp2_common/pico_stdio/stdio.c.o
                0x10004c58                stdio_set_driver_enabled
 .text.stdio_flush
                0x10004c80       0x1c CMakeFiles/sensor_node.dir/Users/yiwenxu/softwares/pico-sdk/src/rp2_common/pico_stdio/stdio.c.o
                0x10004c80                stdio_flush
 .text.stdio_init_all
                0x10004c9c        0x8 CMakeFiles/sensor_node.dir/Users/yiwenxu/softwares/pico-sdk/src/rp2_common/pico_stdio/stdio.c.o
                0x10004c9c                stdio_init_all
 .text.stdio_getchar_timeout_us
                0x10004ca4       0x50 CMakeFiles/sensor_node.dir/Users/yiwenxu/softwares/pico-sdk/src/rp2_common/pico_stdio/stdio.c.o
                0x10004ca4                stdio_getchar_timeout_us
 .text.__wrap_puts
                0x10004cf4       0x1e CMakeFiles/sensor_node.dir/Users/yiwenxu/softwares/pico-sdk/src/rp2_common/pico_stdio/stdio.c.o
                0x10004cf4                __wrap_puts
                0x10004cf4                stdio_puts
 *fill*         0x10004d12        0x2 
 .text.__wrap_vprintf
                0x10004d14       0x40 CMakeFiles/sensor_node.dir/Users/yiwenxu/softwares/pico-sdk/src/rp2_common/pico_stdio/stdio.c.o
                0x10004d14                __wrap_vprintf
                0x10004d14                stdio_vprintf
 .text.__wrap_printf
                0x10004d54       0x1c CMakeFiles/sensor_node.dir/Users/yiwenxu/softwares/pico-sdk/src/rp2_common/pico_stdio/stdio.c.o
                0x10004d54                stdio_printf
                0x10004d54                __wrap_printf
 .text.resetd_init
                0x10004d70        0x2 CMakeFiles/sensor_node.dir/Users/yiwenxu/softwares/pico-sdk/src/rp2_common/pico_stdio_usb/reset_interface.c.o
 *fill*         0x10004d72        0x2 
 .text.resetd_reset
                0x10004d74        0xc CMakeFiles/sensor_node.dir/Users/yiwenxu/softwares/pico-sdk/src/rp2_common/pico_stdio_usb/reset_interface.c.o
 .text.resetd_open
                0x10004d80       0x34 CMakeFiles/sensor_node.dir/Users/yiwenxu/softwares/pico-sdk/src/rp2_common/pico_stdio_usb/reset_interface.c.o
 .text.resetd_xfer_cb
                0x10004db4        0x4 CMakeFiles/sensor_node.dir/Users/yiwenxu/softwares/pico-sdk/src/rp2_common/pico_stdio_usb/reset_interface.c.o
 .text.resetd_control_xfer_cb
                0x10004db8       0x54 CMakeFiles/sensor_node.dir/Users/yiwenxu/softwares/pico-sdk/src/rp2_common/pico_stdio_usb/reset_interface.c.o
 .text.tud_descriptor_bos_cb
                0x10004e0c        0x8 CMakeFiles/sensor_node.dir/Users/yiwenxu/softwares/pico-sdk/src/rp2_common/pico_stdio_usb/reset_interface.c.o
                0x10004e0c                tud_descriptor_bos_cb
 .text.tud_vendor_control_xfer_cb
                0x10004e14       0x30 CMakeFiles/sensor_node.dir/Users/yiwenxu/softwares/pico-sdk/src/rp2_common/pico_stdio_usb/reset_interface.c.o
                0x10004e14                tud_vendor_control_xfer_cb
 .text.usbd_app_driver_get_cb
                0x10004e44        0xc CMakeFiles/sensor_node.dir/Users/yiwenxu/softwares/pico-sdk/src/rp2_common/pico_stdio_usb/reset_interface.c.o
                0x10004e44                usbd_app_driver_get_cb
 .text.tud_cdc_line_coding_cb
                0x10004e50       0x18 CMakeFiles/sensor_node.dir/Users/yiwenxu/softwares/pico-sdk/src/rp2_common/pico_stdio_usb/reset_interface.c.o
                0x10004e50                tud_cdc_line_coding_cb
 .text.stdio_usb_set_chars_available_callback
                0x10004e68       0x14 CMakeFiles/sensor_node.dir/Users/yiwenxu/softwares/pico-sdk/src/rp2_common/pico_stdio_usb/stdio_usb.c.o
                0x10004e68                stdio_usb_set_chars_available_callback
 .text.stdio_usb_out_flush
                0x10004e7c       0x48 CMakeFiles/sensor_node.dir/Users/yiwenxu/softwares/pico-sdk/src/rp2_common/pico_stdio_usb/stdio_usb.c.o
 .text.timer_task
                0x10004ec4       0x7c CMakeFiles/sensor_node.dir/Users/yiwenxu/softwares/pico-sdk/src/rp2_common/pico_stdio_usb/stdio_usb.c.o
 .text.usb_irq  0x10004f40       0x10 CMakeFiles/sensor_node.dir/Users/yiwenxu/softwares/pico-sdk/src/rp2_common/pico_stdio_usb/stdio_usb.c.o
 .text.alarm_pool_add_alarm_in_us
                0x10004f50       0x3a CMakeFiles/sensor_node.dir/Users/yiwenxu/softwares/pico-sdk/src/rp2_common/pico_stdio_usb/stdio_usb.c.o
 .text.add_alarm_in_us
                0x10004f8a       0x26 CMakeFiles/sensor_node.dir/Users/yiwenxu/softwares/pico-sdk/src/rp2_common/pico_stdio_usb/stdio_usb.c.o
 .text.low_priority_worker_irq
                0x10004fb0       0xb0 CMakeFiles/sensor_node.dir/Users/yiwenxu/softwares/pico-sdk/src/rp2_common/pico_stdio_usb/stdio_usb.c.o
 .text.stdio_usb_init
                0x10005060       0xd4 CMakeFiles/sensor_node.dir/Users/yiwenxu/softwares/pico-sdk/src/rp2_common/pico_stdio_usb/stdio_usb.c.o
                0x10005060                stdio_usb_init
 .text.stdio_usb_connected
                0x10005134        0xa CMakeFiles/sensor_node.dir/Users/yiwenxu/softwares/pico-sdk/src/rp2_common/pico_stdio_usb/stdio_usb.c.o
                0x10005134                stdio_usb_connected
 *fill*         0x1000513e        0x2 
 .text.stdio_usb_in_chars
                0x10005140       0x98 CMakeFiles/sensor_node.dir/Users/yiwenxu/softwares/pico-sdk/src/rp2_common/pico_stdio_usb/stdio_usb.c.o
                0x10005140                stdio_usb_in_chars
 .text.stdio_usb_out_chars
                0x100051d8       0xd4 CMakeFiles/sensor_node.dir/Users/yiwenxu/softwares/pico-sdk/src/rp2_common/pico_stdio_usb/stdio_usb.c.o
 .text.tud_descriptor_device_cb
                0x100052ac        0x8 CMakeFiles/sensor_node.dir/Users/yiwenxu/softwares/pico-sdk/src/rp2_common/pico_stdio_usb/stdio_usb_descriptors.c.o
                0x100052ac                tud_descriptor_device_cb
 .text.tud_descriptor_configuration_cb
                0x100052b4        0x8 CMakeFiles/sensor_node.dir/Users/yiwenxu/softwares/pico-sdk/src/rp2_common/pico_stdio_usb/stdio_usb_descriptors.c.o
                0x100052b4                tud_descriptor_configuration_cb
 .text.tud_descriptor_string_cb
                0x100052bc       0x64 CMakeFiles/sensor_node.dir/Users/yiwenxu/softwares/pico-sdk/src/rp2_common/pico_stdio_usb/stdio_usb_descriptors.c.o
                0x100052bc                tud_descriptor_string_cb
 .text._retrieve_unique_id_on_boot
                0x10005320       0x54 CMakeFiles/sensor_node.dir/Users/yiwenxu/softwares/pico-sdk/src/rp2_common/pico_unique_id/unique_id.c.o
 .text.pico_get_unique_board_id_string
                0x10005374       0x5c CMakeFiles/sensor_node.dir/Users/yiwenxu/softwares/pico-sdk/src/rp2_common/pico_unique_id/unique_id.c.o
                0x10005374                pico_get_unique_board_id_string
 .text.hw_endpoint_init
                0x100053d0       0xd0 CMakeFiles/sensor_node.dir/Users/yiwenxu/softwares/pico-sdk/lib/tinyusb/src/portable/raspberrypi/rp2040/dcd_rp2040.c.o
 .text.hw_endpoint_alloc
                0x100054a0       0x48 CMakeFiles/sensor_node.dir/Users/yiwenxu/softwares/pico-sdk/lib/tinyusb/src/portable/raspberrypi/rp2040/dcd_rp2040.c.o
 .text.hw_endpoint_open
                0x100054e8       0x48 CMakeFiles/sensor_node.dir/Users/yiwenxu/softwares/pico-sdk/lib/tinyusb/src/portable/raspberrypi/rp2040/dcd_rp2040.c.o
 .text.hw_endpoint_xfer
                0x10005530       0x1c CMakeFiles/sensor_node.dir/Users/yiwenxu/softwares/pico-sdk/lib/tinyusb/src/portable/raspberrypi/rp2040/dcd_rp2040.c.o
 .text.dcd_int_enable
                0x1000554c       0x28 CMakeFiles/sensor_node.dir/Users/yiwenxu/softwares/pico-sdk/lib/tinyusb/src/portable/raspberrypi/rp2040/dcd_rp2040.c.o
                0x1000554c                dcd_int_enable
 .text.dcd_set_address
                0x10005574       0x2c CMakeFiles/sensor_node.dir/Users/yiwenxu/softwares/pico-sdk/lib/tinyusb/src/portable/raspberrypi/rp2040/dcd_rp2040.c.o
                0x10005574                dcd_set_address
 .text.dcd_connect
                0x100055a0       0x10 CMakeFiles/sensor_node.dir/Users/yiwenxu/softwares/pico-sdk/lib/tinyusb/src/portable/raspberrypi/rp2040/dcd_rp2040.c.o
                0x100055a0                dcd_connect
 .text.dcd_init
                0x100055b0       0x84 CMakeFiles/sensor_node.dir/Users/yiwenxu/softwares/pico-sdk/lib/tinyusb/src/portable/raspberrypi/rp2040/dcd_rp2040.c.o
                0x100055b0                dcd_init
 .text.dcd_sof_enable
                0x10005634       0x1c CMakeFiles/sensor_node.dir/Users/yiwenxu/softwares/pico-sdk/lib/tinyusb/src/portable/raspberrypi/rp2040/dcd_rp2040.c.o
                0x10005634                dcd_sof_enable
 .text.dcd_edpt0_status_complete
                0x10005650       0x24 CMakeFiles/sensor_node.dir/Users/yiwenxu/softwares/pico-sdk/lib/tinyusb/src/portable/raspberrypi/rp2040/dcd_rp2040.c.o
                0x10005650                dcd_edpt0_status_complete
 .text.dcd_edpt_open
                0x10005674       0x22 CMakeFiles/sensor_node.dir/Users/yiwenxu/softwares/pico-sdk/lib/tinyusb/src/portable/raspberrypi/rp2040/dcd_rp2040.c.o
                0x10005674                dcd_edpt_open
 .text.dcd_edpt_close_all
                0x10005696        0x8 CMakeFiles/sensor_node.dir/Users/yiwenxu/softwares/pico-sdk/lib/tinyusb/src/portable/raspberrypi/rp2040/dcd_rp2040.c.o
                0x10005696                dcd_edpt_close_all
 *fill*         0x1000569e        0x2 
 .text.dcd_edpt_xfer
                0x100056a0       0x2c CMakeFiles/sensor_node.dir/Users/yiwenxu/softwares/pico-sdk/lib/tinyusb/src/portable/raspberrypi/rp2040/dcd_rp2040.c.o
                0x100056a0                dcd_edpt_xfer
 .text.dcd_edpt_stall
                0x100056cc       0x38 CMakeFiles/sensor_node.dir/Users/yiwenxu/softwares/pico-sdk/lib/tinyusb/src/portable/raspberrypi/rp2040/dcd_rp2040.c.o
                0x100056cc                dcd_edpt_stall
 .text.dcd_edpt_clear_stall
                0x10005704       0x28 CMakeFiles/sensor_node.dir/Users/yiwenxu/softwares/pico-sdk/lib/tinyusb/src/portable/raspberrypi/rp2040/dcd_rp2040.c.o
                0x10005704                dcd_edpt_clear_stall
 .text.unaligned_memcpy
                0x1000572c       0x14 CMakeFiles/sensor_node.dir/Users/yiwenxu/softwares/pico-sdk/lib/tinyusb/src/portable/raspberrypi/rp2040/rp2040_usb.c.o
 .text.rp2040_usb_init
                0x10005740       0x40 CMakeFiles/sensor_node.dir/Users/yiwenxu/softwares/pico-sdk/lib/tinyusb/src/portable/raspberrypi/rp2040/rp2040_usb.c.o
                0x10005740                rp2040_usb_init
 .text.hw_endpoint_xfer_start
                0x10005780       0x58 CMakeFiles/sensor_node.dir/Users/yiwenxu/softwares/pico-sdk/lib/tinyusb/src/portable/raspberrypi/rp2040/rp2040_usb.c.o
                0x10005780                hw_endpoint_xfer_start
 .text.configuration_reset
                0x100057d8       0x90 CMakeFiles/sensor_node.dir/Users/yiwenxu/softwares/pico-sdk/lib/tinyusb/src/device/usbd.c.o
 .text.usbd_reset
                0x10005868        0xc CMakeFiles/sensor_node.dir/Users/yiwenxu/softwares/pico-sdk/lib/tinyusb/src/device/usbd.c.o
 .text.invoke_class_control
                0x10005874       0x1a CMakeFiles/sensor_node.dir/Users/yiwenxu/softwares/pico-sdk/lib/tinyusb/src/device/usbd.c.o
 *fill*         0x1000588e        0x2 
 .text.process_set_config
                0x10005890      0x1cc CMakeFiles/sensor_node.dir/Users/yiwenxu/softwares/pico-sdk/lib/tinyusb/src/device/usbd.c.o
 .text.tud_event_hook_cb
                0x10005a5c        0x2 CMakeFiles/sensor_node.dir/Users/yiwenxu/softwares/pico-sdk/lib/tinyusb/src/device/usbd.c.o
                0x10005a5c                tud_event_hook_cb
 .text.tud_sof_cb
                0x10005a5e        0x2 CMakeFiles/sensor_node.dir/Users/yiwenxu/softwares/pico-sdk/lib/tinyusb/src/device/usbd.c.o
                0x10005a5e                tud_sof_cb
 .text.tud_descriptor_device_qualifier_cb
                0x10005a60        0x4 CMakeFiles/sensor_node.dir/Users/yiwenxu/softwares/pico-sdk/lib/tinyusb/src/device/usbd.c.o
                0x10005a60                tud_descriptor_device_qualifier_cb
 .text.tud_descriptor_other_speed_configuration_cb
                0x10005a64        0x4 CMakeFiles/sensor_node.dir/Users/yiwenxu/softwares/pico-sdk/lib/tinyusb/src/device/usbd.c.o
                0x10005a64                tud_descriptor_other_speed_configuration_cb
 .text.process_get_descriptor
                0x10005a68       0xf0 CMakeFiles/sensor_node.dir/Users/yiwenxu/softwares/pico-sdk/lib/tinyusb/src/device/usbd.c.o
 .text.tud_mount_cb
                0x10005b58        0x2 CMakeFiles/sensor_node.dir/Users/yiwenxu/softwares/pico-sdk/lib/tinyusb/src/device/usbd.c.o
                0x10005b58                tud_mount_cb
 .text.tud_umount_cb
                0x10005b5a        0x2 CMakeFiles/sensor_node.dir/Users/yiwenxu/softwares/pico-sdk/lib/tinyusb/src/device/usbd.c.o
                0x10005b5a                tud_umount_cb
 .text.tud_suspend_cb
                0x10005b5c        0x2 CMakeFiles/sensor_node.dir/Users/yiwenxu/softwares/pico-sdk/lib/tinyusb/src/device/usbd.c.o
                0x10005b5c                tud_suspend_cb
 .text.tud_resume_cb
                0x10005b5e        0x2 CMakeFiles/sensor_node.dir/Users/yiwenxu/softwares/pico-sdk/lib/tinyusb/src/device/usbd.c.o
                0x10005b5e                tud_resume_cb
 .text.tud_mounted
                0x10005b60       0x10 CMakeFiles/sensor_node.dir/Users/yiwenxu/softwares/pico-sdk/lib/tinyusb/src/device/usbd.c.o
                0x10005b60                tud_mounted
 .text.tud_suspended
                0x10005b70       0x10 CMakeFiles/sensor_node.dir/Users/yiwenxu/softwares/pico-sdk/lib/tinyusb/src/device/usbd.c.o
                0x10005b70                tud_suspended
 .text.tud_inited
                0x10005b80       0x10 CMakeFiles/sensor_node.dir/Users/yiwenxu/softwares/pico-sdk/lib/tinyusb/src/device/usbd.c.o
                0x10005b80                tud_inited
 .text.tud_rhport_init
                0x10005b90      0x12c CMakeFiles/sensor_node.dir/Users/yiwenxu/softwares/pico-sdk/lib/tinyusb/src/device/usbd.c.o
                0x10005b90                tud_rhport_init
 .text.usbd_edpt_open
                0x10005cbc       0x80 CMakeFiles/sensor_node.dir/Users/yiwenxu/softwares/pico-sdk/lib/tinyusb/src/device/usbd.c.o
                0x10005cbc                usbd_edpt_open
 .text.usbd_open_edpt_pair
                0x10005d3c       0xa0 CMakeFiles/sensor_node.dir/Users/yiwenxu/softwares/pico-sdk/lib/tinyusb/src/device/usbd.c.o
                0x10005d3c                usbd_open_edpt_pair
 .text.usbd_edpt_claim
                0x10005ddc       0x28 CMakeFiles/sensor_node.dir/Users/yiwenxu/softwares/pico-sdk/lib/tinyusb/src/device/usbd.c.o
                0x10005ddc                usbd_edpt_claim
 .text.usbd_edpt_release
                0x10005e04       0x28 CMakeFiles/sensor_node.dir/Users/yiwenxu/softwares/pico-sdk/lib/tinyusb/src/device/usbd.c.o
                0x10005e04                usbd_edpt_release
 .text.usbd_edpt_xfer
                0x10005e2c       0xa4 CMakeFiles/sensor_node.dir/Users/yiwenxu/softwares/pico-sdk/lib/tinyusb/src/device/usbd.c.o
                0x10005e2c                usbd_edpt_xfer
 .text.usbd_edpt_stall
                0x10005ed0       0x3c CMakeFiles/sensor_node.dir/Users/yiwenxu/softwares/pico-sdk/lib/tinyusb/src/device/usbd.c.o
                0x10005ed0                usbd_edpt_stall
 .text.usbd_edpt_clear_stall
                0x10005f0c       0x3c CMakeFiles/sensor_node.dir/Users/yiwenxu/softwares/pico-sdk/lib/tinyusb/src/device/usbd.c.o
                0x10005f0c                usbd_edpt_clear_stall
 .text.usbd_edpt_stalled
                0x10005f48       0x1c CMakeFiles/sensor_node.dir/Users/yiwenxu/softwares/pico-sdk/lib/tinyusb/src/device/usbd.c.o
                0x10005f48                usbd_edpt_stalled
 .text.process_control_request
                0x10005f64      0x45c CMakeFiles/sensor_node.dir/Users/yiwenxu/softwares/pico-sdk/lib/tinyusb/src/device/usbd.c.o
 .text.tud_task_ext
                0x100063c0      0x24c CMakeFiles/sensor_node.dir/Users/yiwenxu/softwares/pico-sdk/lib/tinyusb/src/device/usbd.c.o
                0x100063c0                tud_task_ext
 .text.status_stage_xact
                0x1000660c       0x1a CMakeFiles/sensor_node.dir/Users/yiwenxu/softwares/pico-sdk/lib/tinyusb/src/device/usbd_control.c.o
 *fill*         0x10006626        0x2 
 .text.data_stage_xact
                0x10006628       0x5c CMakeFiles/sensor_node.dir/Users/yiwenxu/softwares/pico-sdk/lib/tinyusb/src/device/usbd_control.c.o
 .text.tud_control_status
                0x10006684       0x28 CMakeFiles/sensor_node.dir/Users/yiwenxu/softwares/pico-sdk/lib/tinyusb/src/device/usbd_control.c.o
                0x10006684                tud_control_status
 .text.tud_control_xfer
                0x100066ac       0xb0 CMakeFiles/sensor_node.dir/Users/yiwenxu/softwares/pico-sdk/lib/tinyusb/src/device/usbd_control.c.o
                0x100066ac                tud_control_xfer
 .text.usbd_control_reset
                0x1000675c       0x14 CMakeFiles/sensor_node.dir/Users/yiwenxu/softwares/pico-sdk/lib/tinyusb/src/device/usbd_control.c.o
                0x1000675c                usbd_control_reset
 .text.usbd_control_set_complete_callback
                0x10006770        0xc CMakeFiles/sensor_node.dir/Users/yiwenxu/softwares/pico-sdk/lib/tinyusb/src/device/usbd_control.c.o
                0x10006770                usbd_control_set_complete_callback
 .text.usbd_control_set_request
                0x1000677c       0x1c CMakeFiles/sensor_node.dir/Users/yiwenxu/softwares/pico-sdk/lib/tinyusb/src/device/usbd_control.c.o
                0x1000677c                usbd_control_set_request
 .text.usbd_control_xfer_cb
                0x10006798      0x114 CMakeFiles/sensor_node.dir/Users/yiwenxu/softwares/pico-sdk/lib/tinyusb/src/device/usbd_control.c.o
                0x10006798                usbd_control_xfer_cb
 .text._prep_out_transaction
                0x100068ac       0x98 CMakeFiles/sensor_node.dir/Users/yiwenxu/softwares/pico-sdk/lib/tinyusb/src/class/cdc/cdc_device.c.o
 .text.tud_cdc_n_connected
                0x10006944       0x34 CMakeFiles/sensor_node.dir/Users/yiwenxu/softwares/pico-sdk/lib/tinyusb/src/class/cdc/cdc_device.c.o
                0x10006944                tud_cdc_n_connected
 .text.tud_cdc_n_available
                0x10006978       0x18 CMakeFiles/sensor_node.dir/Users/yiwenxu/softwares/pico-sdk/lib/tinyusb/src/class/cdc/cdc_device.c.o
                0x10006978                tud_cdc_n_available
 .text.tud_cdc_n_read
                0x10006990       0x34 CMakeFiles/sensor_node.dir/Users/yiwenxu/softwares/pico-sdk/lib/tinyusb/src/class/cdc/cdc_device.c.o
                0x10006990                tud_cdc_n_read
 .text.tud_cdc_n_write_flush
                0x100069c4       0xb8 CMakeFiles/sensor_node.dir/Users/yiwenxu/softwares/pico-sdk/lib/tinyusb/src/class/cdc/cdc_device.c.o
                0x100069c4                tud_cdc_n_write_flush
 .text.tud_cdc_n_write
                0x10006a7c       0x44 CMakeFiles/sensor_node.dir/Users/yiwenxu/softwares/pico-sdk/lib/tinyusb/src/class/cdc/cdc_device.c.o
                0x10006a7c                tud_cdc_n_write
 .text.tud_cdc_n_write_available
                0x10006ac0       0x1c CMakeFiles/sensor_node.dir/Users/yiwenxu/softwares/pico-sdk/lib/tinyusb/src/class/cdc/cdc_device.c.o
                0x10006ac0                tud_cdc_n_write_available
 .text.cdcd_init
                0x10006adc       0x98 CMakeFiles/sensor_node.dir/Users/yiwenxu/softwares/pico-sdk/lib/tinyusb/src/class/cdc/cdc_device.c.o
                0x10006adc                cdcd_init
 .text.cdcd_deinit
                0x10006b74       0x40 CMakeFiles/sensor_node.dir/Users/yiwenxu/softwares/pico-sdk/lib/tinyusb/src/class/cdc/cdc_device.c.o
                0x10006b74                cdcd_deinit
 .text.cdcd_reset
                0x10006bb4       0x78 CMakeFiles/sensor_node.dir/Users/yiwenxu/softwares/pico-sdk/lib/tinyusb/src/class/cdc/cdc_device.c.o
                0x10006bb4                cdcd_reset
 .text.cdcd_open
                0x10006c2c      0x12c CMakeFiles/sensor_node.dir/Users/yiwenxu/softwares/pico-sdk/lib/tinyusb/src/class/cdc/cdc_device.c.o
                0x10006c2c                cdcd_open
 .text.cdcd_control_xfer_cb
                0x10006d58      0x128 CMakeFiles/sensor_node.dir/Users/yiwenxu/softwares/pico-sdk/lib/tinyusb/src/class/cdc/cdc_device.c.o
                0x10006d58                cdcd_control_xfer_cb
 .text.cdcd_xfer_cb
                0x10006e80      0x138 CMakeFiles/sensor_node.dir/Users/yiwenxu/softwares/pico-sdk/lib/tinyusb/src/class/cdc/cdc_device.c.o
                0x10006e80                cdcd_xfer_cb
 .text.tud_vendor_n_mounted
                0x10006fb8       0x30 CMakeFiles/sensor_node.dir/Users/yiwenxu/softwares/pico-sdk/lib/tinyusb/src/class/vendor/vendor_device.c.o
                0x10006fb8                tud_vendor_n_mounted
 .text.tud_vendor_n_write_flush
                0x10006fe8       0x20 CMakeFiles/sensor_node.dir/Users/yiwenxu/softwares/pico-sdk/lib/tinyusb/src/class/vendor/vendor_device.c.o
                0x10006fe8                tud_vendor_n_write_flush
 .text.vendord_init
                0x10007008       0x90 CMakeFiles/sensor_node.dir/Users/yiwenxu/softwares/pico-sdk/lib/tinyusb/src/class/vendor/vendor_device.c.o
                0x10007008                vendord_init
 .text.vendord_deinit
                0x10007098       0x30 CMakeFiles/sensor_node.dir/Users/yiwenxu/softwares/pico-sdk/lib/tinyusb/src/class/vendor/vendor_device.c.o
                0x10007098                vendord_deinit
 .text.vendord_reset
                0x100070c8       0x44 CMakeFiles/sensor_node.dir/Users/yiwenxu/softwares/pico-sdk/lib/tinyusb/src/class/vendor/vendor_device.c.o
                0x100070c8                vendord_reset
 .text.vendord_open
                0x1000710c      0x148 CMakeFiles/sensor_node.dir/Users/yiwenxu/softwares/pico-sdk/lib/tinyusb/src/class/vendor/vendor_device.c.o
                0x1000710c                vendord_open
 .text.vendord_xfer_cb
                0x10007254       0xb8 CMakeFiles/sensor_node.dir/Users/yiwenxu/softwares/pico-sdk/lib/tinyusb/src/class/vendor/vendor_device.c.o
                0x10007254                vendord_xfer_cb
 .text.tusb_rhport_init
                0x1000730c       0xb0 CMakeFiles/sensor_node.dir/Users/yiwenxu/softwares/pico-sdk/lib/tinyusb/src/tusb.c.o
                0x1000730c                tusb_rhport_init
 .text.tu_edpt_claim
                0x100073bc       0x56 CMakeFiles/sensor_node.dir/Users/yiwenxu/softwares/pico-sdk/lib/tinyusb/src/tusb.c.o
                0x100073bc                tu_edpt_claim
 .text.tu_edpt_release
                0x10007412       0x44 CMakeFiles/sensor_node.dir/Users/yiwenxu/softwares/pico-sdk/lib/tinyusb/src/tusb.c.o
                0x10007412                tu_edpt_release
 *fill*         0x10007456        0x2 
 .text.tu_edpt_validate
                0x10007458       0xe0 CMakeFiles/sensor_node.dir/Users/yiwenxu/softwares/pico-sdk/lib/tinyusb/src/tusb.c.o
                0x10007458                tu_edpt_validate
 .text.tu_edpt_bind_driver
                0x10007538       0x48 CMakeFiles/sensor_node.dir/Users/yiwenxu/softwares/pico-sdk/lib/tinyusb/src/tusb.c.o
                0x10007538                tu_edpt_bind_driver
 .text.tu_edpt_stream_init
                0x10007580       0x52 CMakeFiles/sensor_node.dir/Users/yiwenxu/softwares/pico-sdk/lib/tinyusb/src/tusb.c.o
                0x10007580                tu_edpt_stream_init
 .text.tu_edpt_stream_deinit
                0x100075d2        0x4 CMakeFiles/sensor_node.dir/Users/yiwenxu/softwares/pico-sdk/lib/tinyusb/src/tusb.c.o
                0x100075d2                tu_edpt_stream_deinit
 *fill*         0x100075d6        0x2 
 .text.tu_edpt_stream_write_zlp_if_needed
                0x100075d8       0x94 CMakeFiles/sensor_node.dir/Users/yiwenxu/softwares/pico-sdk/lib/tinyusb/src/tusb.c.o
                0x100075d8                tu_edpt_stream_write_zlp_if_needed
 .text.tu_edpt_stream_write_xfer
                0x1000766c       0x94 CMakeFiles/sensor_node.dir/Users/yiwenxu/softwares/pico-sdk/lib/tinyusb/src/tusb.c.o
                0x1000766c                tu_edpt_stream_write_xfer
 .text.tu_edpt_stream_read_xfer
                0x10007700      0x120 CMakeFiles/sensor_node.dir/Users/yiwenxu/softwares/pico-sdk/lib/tinyusb/src/tusb.c.o
                0x10007700                tu_edpt_stream_read_xfer
 .text.advance_index
                0x10007820       0x1a CMakeFiles/sensor_node.dir/Users/yiwenxu/softwares/pico-sdk/lib/tinyusb/src/common/tusb_fifo.c.o
 .text._tu_fifo_peek
                0x1000783a       0x64 CMakeFiles/sensor_node.dir/Users/yiwenxu/softwares/pico-sdk/lib/tinyusb/src/common/tusb_fifo.c.o
 .text._ff_pull_n
                0x1000789e       0x6a CMakeFiles/sensor_node.dir/Users/yiwenxu/softwares/pico-sdk/lib/tinyusb/src/common/tusb_fifo.c.o
 .text._tu_fifo_peek_n
                0x10007908       0x6c CMakeFiles/sensor_node.dir/Users/yiwenxu/softwares/pico-sdk/lib/tinyusb/src/common/tusb_fifo.c.o
 .text._tu_fifo_read_n
                0x10007974       0x4c CMakeFiles/sensor_node.dir/Users/yiwenxu/softwares/pico-sdk/lib/tinyusb/src/common/tusb_fifo.c.o
 .text._ff_push_n
                0x100079c0       0x6a CMakeFiles/sensor_node.dir/Users/yiwenxu/softwares/pico-sdk/lib/tinyusb/src/common/tusb_fifo.c.o
 .text._tu_fifo_write_n
                0x10007a2a       0xf8 CMakeFiles/sensor_node.dir/Users/yiwenxu/softwares/pico-sdk/lib/tinyusb/src/common/tusb_fifo.c.o
 .text.tu_fifo_config
                0x10007b22       0x62 CMakeFiles/sensor_node.dir/Users/yiwenxu/softwares/pico-sdk/lib/tinyusb/src/common/tusb_fifo.c.o
                0x10007b22                tu_fifo_config
 .text.tu_fifo_count
                0x10007b84       0x28 CMakeFiles/sensor_node.dir/Users/yiwenxu/softwares/pico-sdk/lib/tinyusb/src/common/tusb_fifo.c.o
                0x10007b84                tu_fifo_count
 .text.tu_fifo_empty
                0x10007bac       0x12 CMakeFiles/sensor_node.dir/Users/yiwenxu/softwares/pico-sdk/lib/tinyusb/src/common/tusb_fifo.c.o
                0x10007bac                tu_fifo_empty
 .text.tu_fifo_full
                0x10007bbe       0x28 CMakeFiles/sensor_node.dir/Users/yiwenxu/softwares/pico-sdk/lib/tinyusb/src/common/tusb_fifo.c.o
                0x10007bbe                tu_fifo_full
 .text.tu_fifo_remaining
                0x10007be6       0x2c CMakeFiles/sensor_node.dir/Users/yiwenxu/softwares/pico-sdk/lib/tinyusb/src/common/tusb_fifo.c.o
                0x10007be6                tu_fifo_remaining
 .text.tu_fifo_read
                0x10007c12       0x3e CMakeFiles/sensor_node.dir/Users/yiwenxu/softwares/pico-sdk/lib/tinyusb/src/common/tusb_fifo.c.o
                0x10007c12                tu_fifo_read
 .text.tu_fifo_read_n
                0x10007c50        0xa CMakeFiles/sensor_node.dir/Users/yiwenxu/softwares/pico-sdk/lib/tinyusb/src/common/tusb_fifo.c.o
                0x10007c50                tu_fifo_read_n
 .text.tu_fifo_write
                0x10007c5a       0x64 CMakeFiles/sensor_node.dir/Users/yiwenxu/softwares/pico-sdk/lib/tinyusb/src/common/tusb_fifo.c.o
                0x10007c5a                tu_fifo_write
 .text.tu_fifo_write_n
                0x10007cbe        0xa CMakeFiles/sensor_node.dir/Users/yiwenxu/softwares/pico-sdk/lib/tinyusb/src/common/tusb_fifo.c.o
                0x10007cbe                tu_fifo_write_n
 .text.tu_fifo_clear
                0x10007cc8       0x36 CMakeFiles/sensor_node.dir/Users/yiwenxu/softwares/pico-sdk/lib/tinyusb/src/common/tusb_fifo.c.o
                0x10007cc8                tu_fifo_clear
 .text.tu_fifo_set_overwritable
                0x10007cfe       0x3a CMakeFiles/sensor_node.dir/Users/yiwenxu/softwares/pico-sdk/lib/tinyusb/src/common/tusb_fifo.c.o
                0x10007cfe                tu_fifo_set_overwritable
 .text.adc_init
                0x10007d38       0x34 CMakeFiles/sensor_node.dir/Users/yiwenxu/softwares/pico-sdk/src/rp2_common/hardware_adc/adc.c.o
                0x10007d38                adc_init
 .text.i2c_unreset
                0x10007d6c       0x2c CMakeFiles/sensor_node.dir/Users/yiwenxu/softwares/pico-sdk/src/rp2_common/hardware_i2c/i2c.c.o
 .text.i2c_write_blocking_internal
                0x10007d98      0x124 CMakeFiles/sensor_node.dir/Users/yiwenxu/softwares/pico-sdk/src/rp2_common/hardware_i2c/i2c.c.o
 .text.i2c_read_blocking_internal
                0x10007ebc       0xca CMakeFiles/sensor_node.dir/Users/yiwenxu/softwares/pico-sdk/src/rp2_common/hardware_i2c/i2c.c.o
 *fill*         0x10007f86        0x2 
 .text.i2c_set_baudrate
                0x10007f88       0xc8 CMakeFiles/sensor_node.dir/Users/yiwenxu/softwares/pico-sdk/src/rp2_common/hardware_i2c/i2c.c.o
                0x10007f88                i2c_set_baudrate
 .text.i2c_init
                0x10008050       0x54 CMakeFiles/sensor_node.dir/Users/yiwenxu/softwares/pico-sdk/src/rp2_common/hardware_i2c/i2c.c.o
                0x10008050                i2c_init
 .text.i2c_write_blocking
                0x100080a4       0x20 CMakeFiles/sensor_node.dir/Users/yiwenxu/softwares/pico-sdk/src/rp2_common/hardware_i2c/i2c.c.o
                0x100080a4                i2c_write_blocking
 .text.i2c_read_blocking
                0x100080c4       0x20 CMakeFiles/sensor_node.dir/Users/yiwenxu/softwares/pico-sdk/src/rp2_common/hardware_i2c/i2c.c.o
                0x100080c4                i2c_read_blocking
 .text._strtoul_l.isra.0
                0x100080e4      0x12c /Applications/ArmGNUToolchain/15.2.rel1/arm-none-eabi/bin/../lib/gcc/arm-none-eabi/15.2.1/../../../../arm-none-eabi/lib/thumb/v8-m.main+fp/softfp/libg.a(libc_a-strtoul.o)
 .text.strtoul  0x10008210       0x18 /Applications/ArmGNUToolchain/15.2.rel1/arm-none-eabi/bin/../lib/gcc/arm-none-eabi/15.2.1/../../../../arm-none-eabi/lib/thumb/v8-m.main+fp/softfp/libg.a(libc_a-strtoul.o)
                0x10008210                strtoul
 .text.memset   0x10008228       0x88 /Applications/ArmGNUToolchain/15.2.rel1/arm-none-eabi/bin/../lib/gcc/arm-none-eabi/15.2.1/../../../../arm-none-eabi/lib/thumb/v8-m.main+fp/softfp/libg.a(libc_a-memset.o)
                0x10008228                memset
 .text.strncmp  0x100082b0       0x74 /Applications/ArmGNUToolchain/15.2.rel1/arm-none-eabi/bin/../lib/gcc/arm-none-eabi/15.2.1/../../../../arm-none-eabi/lib/thumb/v8-m.main+fp/softfp/libg.a(libc_a-strncmp.o)
                0x100082b0                strncmp
 .text          0x10008324      0x1bc /Applications/ArmGNUToolchain/15.2.rel1/arm-none-eabi/bin/../lib/gcc/arm-none-eabi/15.2.1/../../../../arm-none-eabi/lib/thumb/v8-m.main+fp/softfp/libg.a(libc_a-strcmp.o)
                0x10008324                strcmp
 .text          0x100084e0       0xec /Applications/ArmGNUToolchain/15.2.rel1/arm-none-eabi/bin/../lib/gcc/arm-none-eabi/15.2.1/../../../../arm-none-eabi/lib/thumb/v8-m.main+fp/softfp/libg.a(libc_a-memcpy.o)
                0x100084e0                memcpy
 .text.strlen   0x100085cc       0x5c /Applications/ArmGNUToolchain/15.2.rel1/arm-none-eabi/bin/../lib/gcc/arm-none-eabi/15.2.1/../../../../arm-none-eabi/lib/thumb/v8-m.main+fp/softfp/libg.a(libc_a-strlen-stub.o)
                0x100085cc                strlen
 *(.fini)
 .fini          0x10008628        0x4 /Applications/ArmGNUToolchain/15.2.rel1/arm-none-eabi/bin/../lib/gcc/arm-none-eabi/15.2.1/thumb/v8-m.main+fp/softfp/crti.o
                0x10008628                _fini
 *fill*         0x1000862c        0x4 
 .fini.__stub   0x10008630       0x68 linker stubs
 *crtbegin.o(.ctors)
 *crtbegin?.o(.ctors)
 *(EXCLUDE_FILE(*crtend.o *crtend?.o) .ctors)
 *(SORT_BY_NAME(.ctors.*))
 *(.ctors)
 *crtbegin.o(.dtors)
 *crtbegin?.o(.dtors)
 *(EXCLUDE_FILE(*crtend.o *crtend?.o) .dtors)
 *(SORT_BY_NAME(.dtors.*))
 *(.dtors)
                0x10008698                        . = ALIGN (0x4)
                0x10008698                        PROVIDE (__preinit_array_start = .)
 *(SORT_BY_NAME(.preinit_array.*))
 .preinit_array.00050
                0x10008698        0x4 CMakeFiles/sensor_node.dir/Users/yiwenxu/softwares/pico-sdk/src/rp2_common/pico_runtime_init/runtime_init.c.o
                0x10008698                __pre_init_runtime_init_bootrom_reset
 .preinit_array.00100
                0x1000869c        0x4 CMakeFiles/sensor_node.dir/Users/yiwenxu/softwares/pico-sdk/src/rp2_common/pico_runtime_init/runtime_init.c.o
                0x1000869c                __pre_init_runtime_init_early_resets
 .preinit_array.00101
                0x100086a0        0x4 CMakeFiles/sensor_node.dir/Users/yiwenxu/softwares/pico-sdk/src/rp2_common/pico_runtime_init/runtime_init.c.o
                0x100086a0                __pre_init_runtime_init_usb_power_down
 .preinit_array.00500
                0x100086a4        0x4 CMakeFiles/sensor_node.dir/Users/yiwenxu/softwares/pico-sdk/src/rp2_common/pico_runtime_init/runtime_init.c.o
                0x100086a4                __pre_init_runtime_init_clocks
 .preinit_array.00600
                0x100086a8        0x4 CMakeFiles/sensor_node.dir/Users/yiwenxu/softwares/pico-sdk/src/rp2_common/pico_runtime_init/runtime_init.c.o
                0x100086a8                __pre_init_runtime_init_post_clock_resets
 .preinit_array.01000
                0x100086ac        0x4 CMakeFiles/sensor_node.dir/Users/yiwenxu/softwares/pico-sdk/src/rp2_common/hardware_boot_lock/boot_lock.c.o
                0x100086ac                __pre_init_runtime_init_boot_locks_reset
 .preinit_array.01000
                0x100086b0        0x4 CMakeFiles/sensor_node.dir/Users/yiwenxu/softwares/pico-sdk/src/rp2_common/pico_runtime_init/runtime_init.c.o
                0x100086b0                __pre_init_runtime_init_spin_locks_reset
 .preinit_array.01010
                0x100086b4        0x4 CMakeFiles/sensor_node.dir/Users/yiwenxu/softwares/pico-sdk/src/rp2_common/pico_bootrom/bootrom_lock.c.o
                0x100086b4                __pre_init_runtime_init_bootrom_locking_enable
 .preinit_array.01100
                0x100086b8        0x4 CMakeFiles/sensor_node.dir/Users/yiwenxu/softwares/pico-sdk/src/common/pico_sync/mutex.c.o
                0x100086b8                __pre_init_runtime_init_mutex
 .preinit_array.10080
                0x100086bc        0x4 CMakeFiles/sensor_node.dir/Users/yiwenxu/softwares/pico-sdk/src/rp2_common/pico_runtime_init/runtime_init.c.o
                0x100086bc                __pre_init_runtime_init_install_ram_vector_table
 .preinit_array.11000
                0x100086c0        0x4 CMakeFiles/sensor_node.dir/Users/yiwenxu/softwares/pico-sdk/src/common/pico_time/time.c.o
                0x100086c0                __pre_init_runtime_init_default_alarm_pool
 .preinit_array.YYYYY
                0x100086c4        0x4 CMakeFiles/sensor_node.dir/Users/yiwenxu/softwares/pico-sdk/src/rp2_common/pico_runtime/runtime.c.o
                0x100086c4                __pre_init_first_per_core_initializer
 .preinit_array.ZZZZZ.00051
                0x100086c8        0x4 CMakeFiles/sensor_node.dir/Users/yiwenxu/softwares/pico-sdk/src/rp2_common/pico_runtime_init/runtime_init.c.o
                0x100086c8                __pre_init_runtime_init_per_core_bootrom_reset
 .preinit_array.ZZZZZ.00200
                0x100086cc        0x4 CMakeFiles/sensor_node.dir/Users/yiwenxu/softwares/pico-sdk/src/rp2_common/pico_runtime_init/runtime_init.c.o
                0x100086cc                __pre_init_runtime_init_per_core_enable_coprocessors
 .preinit_array.ZZZZZ.01000
                0x100086d0        0x4 CMakeFiles/sensor_node.dir/Users/yiwenxu/softwares/pico-sdk/src/rp2_common/hardware_sync_spin_lock/sync_spin_lock.c.o
                0x100086d0                __pre_init_spinlock_set_extexclall
 .preinit_array.ZZZZZ.01200
                0x100086d4        0x4 CMakeFiles/sensor_node.dir/Users/yiwenxu/softwares/pico-sdk/src/rp2_common/hardware_irq/irq.c.o
                0x100086d4                __pre_init_runtime_init_per_core_irq_priorities
 *(.preinit_array)
                0x100086d8                        PROVIDE (__preinit_array_end = .)
                0x100086d8                        . = ALIGN (0x4)
                0x100086d8                        PROVIDE (__init_array_start = .)
 *(SORT_BY_NAME(.init_array.*))
 .init_array.01000
                0x100086d8        0x4 CMakeFiles/sensor_node.dir/Users/yiwenxu/softwares/pico-sdk/src/rp2_common/pico_unique_id/unique_id.c.o
 *(.init_array)
 .init_array    0x100086dc        0x4 /Applications/ArmGNUToolchain/15.2.rel1/arm-none-eabi/bin/../lib/gcc/arm-none-eabi/15.2.1/thumb/v8-m.main+fp/softfp/crtbegin.o
                0x100086e0                        PROVIDE (__init_array_end = .)
                0x100086e0                        . = ALIGN (0x4)
                [!provide]                        PROVIDE (__fini_array_start = .)
 *(SORT_BY_NAME(.fini_array.*))
 *(.fini_array)
                [!provide]                        PROVIDE (__fini_array_end = .)
 *(.eh_frame*)
 .eh_frame      0x100086e0        0x0 /Applications/ArmGNUToolchain/15.2.rel1/arm-none-eabi/bin/../lib/gcc/arm-none-eabi/15.2.1/thumb/v8-m.main+fp/softfp/crtbegin.o
                0x100086e0                        . = ALIGN (0x4)

.glue_7         0x100086e0        0x0
 .glue_7        0x100086e0        0x0 linker stubs

.glue_7t        0x100086e0        0x0
 .glue_7t       0x100086e0        0x0 linker stubs

.vfp11_veneer   0x100086e0        0x0
 .vfp11_veneer  0x100086e0        0x0 linker stubs

.v4_bx          0x100086e0        0x0
 .v4_bx         0x100086e0        0x0 linker stubs

.iplt           0x100086e0        0x0
 .iplt          0x100086e0        0x0 /Applications/ArmGNUToolchain/15.2.rel1/arm-none-eabi/bin/../lib/gcc/arm-none-eabi/15.2.1/thumb/v8-m.main+fp/softfp/crtbegin.o

.boot2          0x100086e0        0x0
                0x100086e0                        __boot2_start__ = .
 *(.boot2)
                0x100086e0                        __boot2_end__ = .
                0x00000001                        ASSERT (((__boot2_end__ - __boot2_start__) <= 0x100), ERROR: Pico second stage bootloader must be no more than 256 bytes in size)

.rodata         0x100086e0     0x17a0
 *(EXCLUDE_FILE(*libm.a: *libc.a:*lib_a-mem*.o *libgcc.a:) .rodata*)
 .rodata.send_base_bootsel_request.str1.4
                0x100086e0     0x1054 CMakeFiles/sensor_node.dir/src/main.c.o
                                 0x27 (size before relaxing)
 .rodata.print_i2c_scan.str1.4
                0x10009734        0x0 CMakeFiles/sensor_node.dir/src/main.c.o
                                 0x50 (size before relaxing)
 .rodata.print_bme_probe.str1.4
                0x10009734        0x0 CMakeFiles/sensor_node.dir/src/main.c.o
                                 0x40 (size before relaxing)
 .rodata.update_force_event.str1.4
                0x10009734        0x0 CMakeFiles/sensor_node.dir/src/main.c.o
                                 0x27 (size before relaxing)
 .rodata.print_bme_gas_debug.str1.4
                0x10009734        0x0 CMakeFiles/sensor_node.dir/src/main.c.o
                                 0xd5 (size before relaxing)
 .rodata.handle_usb_command.str1.4
                0x10009734        0x0 CMakeFiles/sensor_node.dir/src/main.c.o
                                 0x81 (size before relaxing)
 .rodata.handle_read_all.str1.4
                0x10009734        0x0 CMakeFiles/sensor_node.dir/src/main.c.o
                                0x10c (size before relaxing)
 .rodata.handle_command.str1.4
                0x10009734        0x0 CMakeFiles/sensor_node.dir/src/main.c.o
                                0x24c (size before relaxing)
 .rodata.handle_frame_command.str1.4
                0x10009734        0x0 CMakeFiles/sensor_node.dir/src/main.c.o
                                 0x82 (size before relaxing)
 .rodata.main.str1.4
                0x10009734        0x0 CMakeFiles/sensor_node.dir/src/main.c.o
                                0x13c (size before relaxing)
 .rodata.look_up2.0
                0x10009734       0x40 CMakeFiles/sensor_node.dir/src/bme680_min.c.o
 .rodata.look_up1.1
                0x10009774       0x40 CMakeFiles/sensor_node.dir/src/bme680_min.c.o
 .rodata.panic.str1.4
                0x100097b4        0x0 CMakeFiles/sensor_node.dir/Users/yiwenxu/softwares/pico-sdk/src/rp2_common/pico_platform_panic/panic.c.o
                                 0x12 (size before relaxing)
 .rodata.spin_lock_claim_unused.str1.4
                0x100097b4        0x0 CMakeFiles/sensor_node.dir/Users/yiwenxu/softwares/pico-sdk/src/rp2_common/hardware_sync/sync.c.o
                                 0x1b (size before relaxing)
 .rodata.resolve_j_16.str1.4
                0x100097b4        0x0 CMakeFiles/sensor_node.dir/Users/yiwenxu/softwares/pico-sdk/src/rp2_common/hardware_irq/irq.c.o
                                 0x5c (size before relaxing)
 .rodata.make_j_16.str1.4
                0x100097b4        0x0 CMakeFiles/sensor_node.dir/Users/yiwenxu/softwares/pico-sdk/src/rp2_common/hardware_irq/irq.c.o
                                 0x30 (size before relaxing)
 .rodata.irq_set_exclusive_handler.str1.4
                0x100097b4        0x0 CMakeFiles/sensor_node.dir/Users/yiwenxu/softwares/pico-sdk/src/rp2_common/hardware_irq/irq.c.o
                                 0x36 (size before relaxing)
 .rodata.irq_add_shared_handler.str1.4
                0x100097b4        0x0 CMakeFiles/sensor_node.dir/Users/yiwenxu/softwares/pico-sdk/src/rp2_common/hardware_irq/irq.c.o
                                 0xd2 (size before relaxing)
 .rodata.irq_add_tail_to_free_list.str1.4
                0x100097b4        0x0 CMakeFiles/sensor_node.dir/Users/yiwenxu/softwares/pico-sdk/src/rp2_common/hardware_irq/irq.c.o
                                 0x3a (size before relaxing)
 .rodata.user_irq_claim_unused.str1.4
                0x100097b4        0x0 CMakeFiles/sensor_node.dir/Users/yiwenxu/softwares/pico-sdk/src/rp2_common/hardware_irq/irq.c.o
                                 0x1b (size before relaxing)
 .rodata.__func__.0
                0x100097b4       0x1a CMakeFiles/sensor_node.dir/Users/yiwenxu/softwares/pico-sdk/src/rp2_common/hardware_irq/irq.c.o
 *fill*         0x100097ce        0x2 
 .rodata.__func__.3
                0x100097d0        0xa CMakeFiles/sensor_node.dir/Users/yiwenxu/softwares/pico-sdk/src/rp2_common/hardware_irq/irq.c.o
 *fill*         0x100097da        0x2 
 .rodata.__func__.4
                0x100097dc        0xd CMakeFiles/sensor_node.dir/Users/yiwenxu/softwares/pico-sdk/src/rp2_common/hardware_irq/irq.c.o
 *fill*         0x100097e9        0x3 
 .rodata.__func__.5
                0x100097ec       0x17 CMakeFiles/sensor_node.dir/Users/yiwenxu/softwares/pico-sdk/src/rp2_common/hardware_irq/irq.c.o
 *fill*         0x10009803        0x1 
 .rodata.__func__.6
                0x10009804       0x1a CMakeFiles/sensor_node.dir/Users/yiwenxu/softwares/pico-sdk/src/rp2_common/hardware_irq/irq.c.o
 .rodata.runtime_init_mutex.str1.4
                0x1000981e        0x0 CMakeFiles/sensor_node.dir/Users/yiwenxu/softwares/pico-sdk/src/common/pico_sync/mutex.c.o
                                 0x5f (size before relaxing)
 .rodata.str1.4
                0x1000981e        0x0 CMakeFiles/sensor_node.dir/Users/yiwenxu/softwares/pico-sdk/src/common/pico_sync/mutex.c.o
                                 0x51 (size before relaxing)
 *fill*         0x1000981e        0x2 
 .rodata.__func__.1
                0x10009820        0xb CMakeFiles/sensor_node.dir/Users/yiwenxu/softwares/pico-sdk/src/common/pico_sync/mutex.c.o
 *fill*         0x1000982b        0x1 
 .rodata.__func__.3
                0x1000982c       0x18 CMakeFiles/sensor_node.dir/Users/yiwenxu/softwares/pico-sdk/src/common/pico_sync/mutex.c.o
 .rodata.__func__.6
                0x10009844       0x13 CMakeFiles/sensor_node.dir/Users/yiwenxu/softwares/pico-sdk/src/common/pico_sync/mutex.c.o
 .rodata.alarm_pool_irq_handler.str1.4
                0x10009857        0x0 CMakeFiles/sensor_node.dir/Users/yiwenxu/softwares/pico-sdk/src/common/pico_time/time.c.o
                                 0x6a (size before relaxing)
 .rodata.alarm_pool_get_default.str1.4
                0x10009857        0x0 CMakeFiles/sensor_node.dir/Users/yiwenxu/softwares/pico-sdk/src/common/pico_time/time.c.o
                                 0x21 (size before relaxing)
 .rodata.sleep_until.str1.4
                0x10009857        0x0 CMakeFiles/sensor_node.dir/Users/yiwenxu/softwares/pico-sdk/src/common/pico_time/time.c.o
                                 0x4d (size before relaxing)
 *fill*         0x10009857        0x1 
 .rodata.__func__.1
                0x10009858       0x17 CMakeFiles/sensor_node.dir/Users/yiwenxu/softwares/pico-sdk/src/common/pico_time/time.c.o
 *fill*         0x1000986f        0x1 
 .rodata.__func__.2
                0x10009870       0x17 CMakeFiles/sensor_node.dir/Users/yiwenxu/softwares/pico-sdk/src/common/pico_time/time.c.o
 .rodata.timer_hardware_alarm_claim.str1.4
                0x10009887        0x0 CMakeFiles/sensor_node.dir/Users/yiwenxu/softwares/pico-sdk/src/rp2_common/hardware_timer/timer.c.o
                                 0x22 (size before relaxing)
 .rodata.pll_init.str1.4
                0x10009887        0x0 CMakeFiles/sensor_node.dir/Users/yiwenxu/softwares/pico-sdk/src/rp2_common/hardware_pll/pll.c.o
                                0x118 (size before relaxing)
 *fill*         0x10009887        0x1 
 .rodata.__func__.0
                0x10009888        0x9 CMakeFiles/sensor_node.dir/Users/yiwenxu/softwares/pico-sdk/src/rp2_common/hardware_pll/pll.c.o
 .rodata.str1.4
                0x10009891        0x0 CMakeFiles/sensor_node.dir/Users/yiwenxu/softwares/pico-sdk/src/rp2_common/pico_standard_binary_info/standard_binary_info.c.o
                                 0x40 (size before relaxing)
 *fill*         0x10009891        0x3 
 .rodata.__bi_84
                0x10009894        0xc CMakeFiles/sensor_node.dir/Users/yiwenxu/softwares/pico-sdk/src/rp2_common/pico_standard_binary_info/standard_binary_info.c.o
 .rodata.__bi_78
                0x100098a0        0xc CMakeFiles/sensor_node.dir/Users/yiwenxu/softwares/pico-sdk/src/rp2_common/pico_standard_binary_info/standard_binary_info.c.o
 .rodata.__bi_54
                0x100098ac        0xc CMakeFiles/sensor_node.dir/Users/yiwenxu/softwares/pico-sdk/src/rp2_common/pico_standard_binary_info/standard_binary_info.c.o
 .rodata.__bi_48
                0x100098b8        0xc CMakeFiles/sensor_node.dir/Users/yiwenxu/softwares/pico-sdk/src/rp2_common/pico_standard_binary_info/standard_binary_info.c.o
 .rodata.__bi_42
                0x100098c4        0xc CMakeFiles/sensor_node.dir/Users/yiwenxu/softwares/pico-sdk/src/rp2_common/pico_standard_binary_info/standard_binary_info.c.o
 .rodata.__bi_34
                0x100098d0        0xc CMakeFiles/sensor_node.dir/Users/yiwenxu/softwares/pico-sdk/src/rp2_common/pico_standard_binary_info/standard_binary_info.c.o
 .rodata.__bi_26
                0x100098dc        0xc CMakeFiles/sensor_node.dir/Users/yiwenxu/softwares/pico-sdk/src/rp2_common/pico_standard_binary_info/standard_binary_info.c.o
 .rodata._ftoa.str1.4
                0x100098e8        0x0 CMakeFiles/sensor_node.dir/Users/yiwenxu/softwares/pico-sdk/src/rp2_common/pico_printf/printf.c.o
                                 0x15 (size before relaxing)
 .rodata.pow10.0
                0x100098e8       0x50 CMakeFiles/sensor_node.dir/Users/yiwenxu/softwares/pico-sdk/src/rp2_common/pico_printf/printf.c.o
 .rodata.__assert_func.str1.4
                0x10009938        0x0 CMakeFiles/sensor_node.dir/Users/yiwenxu/softwares/pico-sdk/src/rp2_common/pico_clib_interface/newlib_interface.c.o
                                 0x43 (size before relaxing)
 .rodata.stdio_getchar_timeout_us.str1.4
                0x10009938        0x0 CMakeFiles/sensor_node.dir/Users/yiwenxu/softwares/pico-sdk/src/rp2_common/pico_stdio/stdio.c.o
                                 0x48 (size before relaxing)
 .rodata.__func__.1
                0x10009938       0x19 CMakeFiles/sensor_node.dir/Users/yiwenxu/softwares/pico-sdk/src/rp2_common/pico_stdio/stdio.c.o
 *fill*         0x10009951        0x3 
 .rodata.crlf_str.0
                0x10009954        0x2 CMakeFiles/sensor_node.dir/Users/yiwenxu/softwares/pico-sdk/src/rp2_common/pico_stdio/stdio.c.o
 *fill*         0x10009956        0x2 
 .rodata._resetd_driver
                0x10009958       0x20 CMakeFiles/sensor_node.dir/Users/yiwenxu/softwares/pico-sdk/src/rp2_common/pico_stdio_usb/reset_interface.c.o
 .rodata.desc_ms_os_20
                0x10009978       0xa6 CMakeFiles/sensor_node.dir/Users/yiwenxu/softwares/pico-sdk/src/rp2_common/pico_stdio_usb/reset_interface.c.o
 *fill*         0x10009a1e        0x2 
 .rodata.desc_bos
                0x10009a20       0x21 CMakeFiles/sensor_node.dir/Users/yiwenxu/softwares/pico-sdk/src/rp2_common/pico_stdio_usb/reset_interface.c.o
                0x10009a20                desc_bos
 .rodata.stdio_usb_init.str1.4
                0x10009a41        0x0 CMakeFiles/sensor_node.dir/Users/yiwenxu/softwares/pico-sdk/src/rp2_common/pico_stdio_usb/stdio_usb.c.o
                                 0x54 (size before relaxing)
 .rodata.str1.4
                0x10009a41        0x0 CMakeFiles/sensor_node.dir/Users/yiwenxu/softwares/pico-sdk/src/rp2_common/pico_stdio_usb/stdio_usb.c.o
                                 0x13 (size before relaxing)
 *fill*         0x10009a41        0x3 
 .rodata.__bi_202.1
                0x10009a44        0xc CMakeFiles/sensor_node.dir/Users/yiwenxu/softwares/pico-sdk/src/rp2_common/pico_stdio_usb/stdio_usb.c.o
 .rodata.__func__.2
                0x10009a50        0xf CMakeFiles/sensor_node.dir/Users/yiwenxu/softwares/pico-sdk/src/rp2_common/pico_stdio_usb/stdio_usb.c.o
 .rodata.str1.4
                0x10009a5f        0x0 CMakeFiles/sensor_node.dir/Users/yiwenxu/softwares/pico-sdk/src/rp2_common/pico_stdio_usb/stdio_usb_descriptors.c.o
                                 0x2a (size before relaxing)
 *fill*         0x10009a5f        0x1 
 .rodata.usbd_desc_str
                0x10009a60       0x18 CMakeFiles/sensor_node.dir/Users/yiwenxu/softwares/pico-sdk/src/rp2_common/pico_stdio_usb/stdio_usb_descriptors.c.o
 .rodata.usbd_desc_cfg
                0x10009a78       0x54 CMakeFiles/sensor_node.dir/Users/yiwenxu/softwares/pico-sdk/src/rp2_common/pico_stdio_usb/stdio_usb_descriptors.c.o
 .rodata.usbd_desc_device
                0x10009acc       0x12 CMakeFiles/sensor_node.dir/Users/yiwenxu/softwares/pico-sdk/src/rp2_common/pico_stdio_usb/stdio_usb_descriptors.c.o
 .rodata._retrieve_unique_id_on_boot.str1.4
                0x10009ade        0x0 CMakeFiles/sensor_node.dir/Users/yiwenxu/softwares/pico-sdk/src/rp2_common/pico_unique_id/unique_id.c.o
                                 0x54 (size before relaxing)
 .rodata.pico_get_unique_board_id_string.str1.4
                0x10009ade        0x0 CMakeFiles/sensor_node.dir/Users/yiwenxu/softwares/pico-sdk/src/rp2_common/pico_unique_id/unique_id.c.o
                                  0x8 (size before relaxing)
 *fill*         0x10009ade        0x2 
 .rodata.__func__.0
                0x10009ae0       0x20 CMakeFiles/sensor_node.dir/Users/yiwenxu/softwares/pico-sdk/src/rp2_common/pico_unique_id/unique_id.c.o
 .rodata.__func__.1
                0x10009b00       0x1c CMakeFiles/sensor_node.dir/Users/yiwenxu/softwares/pico-sdk/src/rp2_common/pico_unique_id/unique_id.c.o
 .rodata.hw_endpoint_alloc.str1.4
                0x10009b1c        0x0 CMakeFiles/sensor_node.dir/Users/yiwenxu/softwares/pico-sdk/lib/tinyusb/src/portable/raspberrypi/rp2040/dcd_rp2040.c.o
                                 0x9f (size before relaxing)
 .rodata.str1.4
                0x10009b1c        0x0 CMakeFiles/sensor_node.dir/Users/yiwenxu/softwares/pico-sdk/lib/tinyusb/src/portable/raspberrypi/rp2040/dcd_rp2040.c.o
                                 0x14 (size before relaxing)
 .rodata.dcd_int_enable.str1.4
                0x10009b1c        0x0 CMakeFiles/sensor_node.dir/Users/yiwenxu/softwares/pico-sdk/lib/tinyusb/src/portable/raspberrypi/rp2040/dcd_rp2040.c.o
                                  0xc (size before relaxing)
 .rodata.__func__.0
                0x10009b1c        0xe CMakeFiles/sensor_node.dir/Users/yiwenxu/softwares/pico-sdk/lib/tinyusb/src/portable/raspberrypi/rp2040/dcd_rp2040.c.o
 *fill*         0x10009b2a        0x2 
 .rodata.__func__.3
                0x10009b2c       0x10 CMakeFiles/sensor_node.dir/Users/yiwenxu/softwares/pico-sdk/lib/tinyusb/src/portable/raspberrypi/rp2040/dcd_rp2040.c.o
 .rodata.__func__.5
                0x10009b3c        0xf CMakeFiles/sensor_node.dir/Users/yiwenxu/softwares/pico-sdk/lib/tinyusb/src/portable/raspberrypi/rp2040/dcd_rp2040.c.o
 *fill*         0x10009b4b        0x1 
 .rodata.__func__.6
                0x10009b4c       0x12 CMakeFiles/sensor_node.dir/Users/yiwenxu/softwares/pico-sdk/lib/tinyusb/src/portable/raspberrypi/rp2040/dcd_rp2040.c.o
 *fill*         0x10009b5e        0x2 
 .rodata.__func__.7
                0x10009b60        0x9 CMakeFiles/sensor_node.dir/Users/yiwenxu/softwares/pico-sdk/lib/tinyusb/src/portable/raspberrypi/rp2040/dcd_rp2040.c.o
 .rodata.str1.4
                0x10009b69        0x0 CMakeFiles/sensor_node.dir/Users/yiwenxu/softwares/pico-sdk/lib/tinyusb/src/portable/raspberrypi/rp2040/rp2040_usb.c.o
                                 0xe4 (size before relaxing)
 .rodata.hw_endpoint_xfer_start.str1.4
                0x10009b69        0x0 CMakeFiles/sensor_node.dir/Users/yiwenxu/softwares/pico-sdk/lib/tinyusb/src/portable/raspberrypi/rp2040/rp2040_usb.c.o
                                 0x38 (size before relaxing)
 *fill*         0x10009b69        0x3 
 .rodata.__func__.0
                0x10009b6c        0xf CMakeFiles/sensor_node.dir/Users/yiwenxu/softwares/pico-sdk/lib/tinyusb/src/portable/raspberrypi/rp2040/rp2040_usb.c.o
 .rodata.configuration_reset.str1.4
                0x10009b7b        0x0 CMakeFiles/sensor_node.dir/Users/yiwenxu/softwares/pico-sdk/lib/tinyusb/src/device/usbd.c.o
                                 0x17 (size before relaxing)
 *fill*         0x10009b7b        0x1 
 .rodata.__func__.3
                0x10009b7c        0xf CMakeFiles/sensor_node.dir/Users/yiwenxu/softwares/pico-sdk/lib/tinyusb/src/device/usbd.c.o
 *fill*         0x10009b8b        0x1 
 .rodata.__func__.4
                0x10009b8c        0xf CMakeFiles/sensor_node.dir/Users/yiwenxu/softwares/pico-sdk/lib/tinyusb/src/device/usbd.c.o
 *fill*         0x10009b9b        0x1 
 .rodata.__func__.5
                0x10009b9c       0x14 CMakeFiles/sensor_node.dir/Users/yiwenxu/softwares/pico-sdk/lib/tinyusb/src/device/usbd.c.o
 .rodata.__func__.6