Archive member included to satisfy reference by file (symbol)

app/libapp.a(main.c.obj)      (--whole-archive)
zephyr/libzephyr.a(validate_libc.c.obj)
                              (--whole-archive)
zephyr/libzephyr.a(heap.c.obj)
                              (--whole-archive)
zephyr/libzephyr.a(mem_blocks.c.obj)
                              (--whole-archive)
zephyr/libzephyr.a(cbprintf_packaged.c.obj)
                              (--whole-archive)
zephyr/libzephyr.a(clock.c.obj)
                              (--whole-archive)
zephyr/libzephyr.a(printk.c.obj)
                              (--whole-archive)
zephyr/libzephyr.a(sem.c.obj)
                              (--whole-archive)
zephyr/libzephyr.a(thread_entry.c.obj)
                              (--whole-archive)
zephyr/libzephyr.a(cbprintf_complete.c.obj)
                              (--whole-archive)
zephyr/libzephyr.a(assert.c.obj)
                              (--whole-archive)
zephyr/libzephyr.a(dec.c.obj)
                              (--whole-archive)
zephyr/libzephyr.a(hex.c.obj)
                              (--whole-archive)
zephyr/libzephyr.a(rb.c.obj)  (--whole-archive)
zephyr/libzephyr.a(set.c.obj)
                              (--whole-archive)
zephyr/libzephyr.a(timeutil.c.obj)
                              (--whole-archive)
zephyr/libzephyr.a(bitarray.c.obj)
                              (--whole-archive)
zephyr/libzephyr.a(bitmask.c.obj)
                              (--whole-archive)
zephyr/libzephyr.a(getopt.c.obj)
                              (--whole-archive)
zephyr/libzephyr.a(getopt_common.c.obj)
                              (--whole-archive)
zephyr/libzephyr.a(ring_buffer.c.obj)
                              (--whole-archive)
zephyr/libzephyr.a(last_section_id.c.obj)
                              (--whole-archive)
zephyr/libzephyr.a(configs.c.obj)
                              (--whole-archive)
zephyr/libzephyr.a(soc.c.obj)
                              (--whole-archive)
zephyr/libzephyr.a(tracing_none.c.obj)
                              (--whole-archive)
zephyr/libzephyr.a(cdc_acm_serial.c.obj)
                              (--whole-archive)
zephyr/arch/common/libarch__common.a(sw_isr_common.c.obj)
                              (--whole-archive)
zephyr/arch/common/libarch__common.a(init.c.obj)
                              (--whole-archive)
zephyr/arch/common/libarch__common.a(xip.c.obj)
                              (--whole-archive)
zephyr/arch/arch/arm/core/libarch__arm__core.a(fatal.c.obj)
                              (--whole-archive)
zephyr/arch/arch/arm/core/libarch__arm__core.a(nmi.c.obj)
                              (--whole-archive)
zephyr/arch/arch/arm/core/libarch__arm__core.a(nmi_on_reset.S.obj)
                              (--whole-archive)
zephyr/arch/arch/arm/core/cortex_m/libarch__arm__core__cortex_m.a(fault.c.obj)
                              (--whole-archive)
zephyr/arch/arch/arm/core/cortex_m/libarch__arm__core__cortex_m.a(fault_s.S.obj)
                              (--whole-archive)
zephyr/arch/arch/arm/core/cortex_m/libarch__arm__core__cortex_m.a(fpu.c.obj)
                              (--whole-archive)
zephyr/arch/arch/arm/core/cortex_m/libarch__arm__core__cortex_m.a(reset.S.obj)
                              (--whole-archive)
zephyr/arch/arch/arm/core/cortex_m/libarch__arm__core__cortex_m.a(scb.c.obj)
                              (--whole-archive)
zephyr/arch/arch/arm/core/cortex_m/libarch__arm__core__cortex_m.a(vector_table.S.obj)
                              (--whole-archive)
zephyr/arch/arch/arm/core/cortex_m/libarch__arm__core__cortex_m.a(svc.S.obj)
                              (--whole-archive)
zephyr/arch/arch/arm/core/cortex_m/libarch__arm__core__cortex_m.a(irq_manage.c.obj)
                              (--whole-archive)
zephyr/arch/arch/arm/core/cortex_m/libarch__arm__core__cortex_m.a(prep_c.c.obj)
                              (--whole-archive)
zephyr/arch/arch/arm/core/cortex_m/libarch__arm__core__cortex_m.a(thread.c.obj)
                              (--whole-archive)
zephyr/arch/arch/arm/core/cortex_m/libarch__arm__core__cortex_m.a(cpu_idle.c.obj)
                              (--whole-archive)
zephyr/arch/arch/arm/core/cortex_m/libarch__arm__core__cortex_m.a(exc_exit.c.obj)
                              (--whole-archive)
zephyr/arch/arch/arm/core/cortex_m/libarch__arm__core__cortex_m.a(thread_abort.c.obj)
                              (--whole-archive)
zephyr/arch/arch/arm/core/cortex_m/libarch__arm__core__cortex_m.a(swap_helper.S.obj)
                              (--whole-archive)
zephyr/arch/arch/arm/core/cortex_m/libarch__arm__core__cortex_m.a(irq_init.c.obj)
                              (--whole-archive)
zephyr/arch/arch/arm/core/cortex_m/libarch__arm__core__cortex_m.a(isr_wrapper.c.obj)
                              (--whole-archive)
zephyr/arch/arch/arm/core/cortex_m/cmse/libarch__arm__core__cortex_m__cmse.a(arm_core_cmse.c.obj)
[...]
Memory Configuration

Name             Origin             Length             Attributes
FLASH            0x10000000         0x00400000         xr
RAM              0x20000000         0x00082000         xw
IDT_LIST         0xffff7fff         0x00008000         xw
*default*        0x00000000         0xffffffff

Linker script and memory map

LOAD zephyr/CMakeFiles/zephyr_pre0.dir/misc/empty_file.c.obj
LOAD zephyr/CMakeFiles/offsets.dir/./arch/arm/core/offsets/offsets.c.obj
LOAD app/libapp.a
LOAD zephyr/libzephyr.a
LOAD zephyr/arch/common/libarch__common.a
LOAD zephyr/arch/arch/arm/core/libarch__arm__core.a
LOAD zephyr/arch/arch/arm/core/cortex_m/libarch__arm__core__cortex_m.a
LOAD zephyr/arch/arch/arm/core/cortex_m/cmse/libarch__arm__core__cortex_m__cmse.a
LOAD zephyr/lib/libc/picolibc/liblib__libc__picolibc.a
LOAD zephyr/lib/libc/common/liblib__libc__common.a
LOAD zephyr/lib/posix/c_lib_ext/liblib__posix__c_lib_ext.a
LOAD zephyr/lib/net_buf/liblib__net_buf.a
LOAD zephyr/soc/soc/rp2350a/rp2350/libsoc__raspberrypi__rpi_pico__rp2350.a
LOAD zephyr/subsys/usb/device_next/libsubsys__usb__device_next.a
LOAD zephyr/drivers/usb/udc/libdrivers__usb__udc.a
LOAD zephyr/drivers/usb/common/buf/libdrivers__usb__common__buf.a
LOAD zephyr/drivers/clock_control/libdrivers__clock_control.a
LOAD zephyr/drivers/console/libdrivers__console.a
LOAD zephyr/drivers/gpio/libdrivers__gpio.a
LOAD zephyr/drivers/hwinfo/libdrivers__hwinfo.a
LOAD zephyr/drivers/pinctrl/libdrivers__pinctrl.a
LOAD zephyr/drivers/reset/libdrivers__reset.a
LOAD zephyr/drivers/serial/libdrivers__serial.a
LOAD zephyr/drivers/timer/libdrivers__timer.a
LOAD modules/hal_rpi_pico/libmodules__hal_rpi_pico.a
LOAD zephyr/kernel/libkernel.a
LOAD zephyr/arch/common/libisr_tables.a
LOAD /Users/yiwenxu/Projects/coursework/PESP/base-station/build/modules/picolibc/libc.a
LOAD /Applications/ArmGNUToolchain/15.2.rel1/arm-none-eabi/bin/../lib/gcc/arm-none-eabi/15.2.1/thumb/v8-m.main/nofp/libgcc.a
                0x00000004                        _region_min_align = 0x4

.rel.plt        0x10000000        0x0
 *(SORT_BY_ALIGNMENT(.rel.plt))
                [!provide]                        PROVIDE (__rel_iplt_start = .)
 *(SORT_BY_ALIGNMENT(.rel.iplt))
 .rel.iplt      0x10000000        0x0 app/libapp.a(main.c.obj)
                [!provide]                        PROVIDE (__rel_iplt_end = .)

.rela.plt       0x00000000        0x0
 *(SORT_BY_ALIGNMENT(.rela.plt))
                [!provide]                        PROVIDE (__rela_iplt_start = .)
 *(SORT_BY_ALIGNMENT(.rela.iplt))
                [!provide]                        PROVIDE (__rela_iplt_end = .)

.rel.dyn
 *(SORT_BY_ALIGNMENT(.rel.*))

.rela.dyn
 *(SORT_BY_ALIGNMENT(.rela.*))

/DISCARD/
 *(SORT_BY_ALIGNMENT(.plt))

/DISCARD/
 *(SORT_BY_ALIGNMENT(.iplt))
                0x10000000                        __rom_region_start = 0x10000000

rom_start       0x10000000      0x12c
                0x10000000                        __rom_start_address = .
 FILL mask 0x00
                0x10000000                        . = (. + (0x0 - (. - __rom_start_address)))
                0x10000000                        . = ALIGN (0x4)
                0x10000000                        . = ALIGN (0x80)
                0x10000000                        . = ALIGN (0x200)
                0x10000000                        _vector_start = .
 *(SORT_BY_ALIGNMENT(.exc_vector_table))
 *(SORT_BY_ALIGNMENT(.exc_vector_table.*))
 .exc_vector_table._vector_table_section
                0x10000000       0x40 zephyr/arch/arch/arm/core/cortex_m/libarch__arm__core__cortex_m.a(vector_table.S.obj)
                0x10000000                _vector_table
 *(SORT_BY_ALIGNMENT(.vectors))
                0x10000110                        _vector_end = .
                0x10000040                        . = ALIGN (0x4)
 *(SORT_BY_ALIGNMENT(.gnu.linkonce.irq_vector_table*))
 .gnu.linkonce.irq_vector_table
                0x10000040       0xd0 zephyr/arch/common/libisr_tables.a(isr_tables.c.obj)
                0x10000040                _irq_vector_table
                0x10000110                        _vector_end = .
                0x10000110        0x4 LONG 0xffffded3
                0x10000114        0x2 SHORT 0x142
                0x10000116        0x2 SHORT 0x1021
                0x10000118        0x4 LONG 0x203
                0x1000011c        0x4 LONG 0x10000000 ABSOLUTE (_vector_start)
                0x10000120        0x2 SHORT 0x3ff
                0x10000122        0x2 SHORT 0x0
                0x10000124        0x4 LONG 0x0
                0x10000128        0x4 LONG 0xab123579

text            0x10000130     0x9108
                0x10000130                        __text_region_start = .
 *(SORT_BY_ALIGNMENT(.text))
 .text          0x10000130      0x21c /Applications/ArmGNUToolchain/15.2.rel1/arm-none-eabi/bin/../lib/gcc/arm-none-eabi/15.2.1/thumb/v8-m.main/nofp/libgcc.a(_arm_addsubsf3.o)
                0x10000130                __aeabi_frsub
                0x10000138                __aeabi_fsub
                0x10000138                __subsf3
                0x1000013c                __aeabi_fadd
                0x1000013c                __addsf3
                0x1000029c                __aeabi_ui2f
                0x1000029c                __floatunsisf
                0x100002a4                __floatsisf
                0x100002a4                __aeabi_i2f
                0x100002c0                __aeabi_ul2f
                0x100002c0                __floatundisf
                0x100002d0                __aeabi_l2f
                0x100002d0                __floatdisf
 .text          0x1000034c      0x2a0 /Applications/ArmGNUToolchain/15.2.rel1/arm-none-eabi/bin/../lib/gcc/arm-none-eabi/15.2.1/thumb/v8-m.main/nofp/libgcc.a(_arm_muldivsf3.o)
                0x1000034c                __mulsf3
                0x1000034c                __aeabi_fmul
                0x100004b4                __divsf3
                0x100004b4                __aeabi_fdiv
 .text          0x100005ec       0x4c /Applications/ArmGNUToolchain/15.2.rel1/arm-none-eabi/bin/../lib/gcc/arm-none-eabi/15.2.1/thumb/v8-m.main/nofp/libgcc.a(_arm_fixsfsi.o)
                0x100005ec                __fixsfsi
                0x100005ec                __aeabi_f2iz
 .text          0x10000638       0x30 /Applications/ArmGNUToolchain/15.2.rel1/arm-none-eabi/bin/../lib/gcc/arm-none-eabi/15.2.1/thumb/v8-m.main/nofp/libgcc.a(_aeabi_uldivmod.o)
                0x10000638                __aeabi_uldivmod
 .text          0x10000668        0x4 /Applications/ArmGNUToolchain/15.2.rel1/arm-none-eabi/bin/../lib/gcc/arm-none-eabi/15.2.1/thumb/v8-m.main/nofp/libgcc.a(_dvmd_tls.o)
                0x10000668                __aeabi_ldiv0
                0x10000668                __aeabi_idiv0
 .text          0x1000066c       0x14 /Users/yiwenxu/Projects/coursework/PESP/base-station/build/modules/picolibc/libc.a(strcmp.S.obj)
                0x1000066c                strcmp
 *(SORT_BY_ALIGNMENT(.text.*))
 .text.main     0x10000680       0xb0 app/libapp.a(main.c.obj)
                0x10000680                main
 .text.char_out
                0x10000730        0xc zephyr/libzephyr.a(printk.c.obj)
 .text.__printk_hook_install
                0x1000073c        0xc zephyr/libzephyr.a(printk.c.obj)
                0x1000073c                __printk_hook_install
 .text.vprintk  0x10000748       0x30 zephyr/libzephyr.a(printk.c.obj)
                0x10000748                vprintk
 .text.cdc_acm_serial_init_device
                0x10000778       0x8c zephyr/libzephyr.a(cdc_acm_serial.c.obj)
 .text.arch_bss_zero
                0x10000804       0x18 zephyr/arch/common/libarch__common.a(init.c.obj)
                0x10000804                arch_bss_zero
 .text.arch_data_copy
                0x1000081c       0x38 zephyr/arch/common/libarch__common.a(xip.c.obj)
                0x1000081c                arch_data_copy
 .text.z_arm_fatal_error
                0x10000854       0x60 zephyr/arch/arch/arm/core/libarch__arm__core.a(fatal.c.obj)
                0x10000854                z_arm_fatal_error
 .text.z_SysNmiOnReset
                0x100008b4        0x8 zephyr/arch/arch/arm/core/libarch__arm__core.a(nmi_on_reset.S.obj)
                0x100008b4                z_SysNmiOnReset
 .text.usage_fault.isra.0
                0x100008bc       0xa8 zephyr/arch/arch/arm/core/cortex_m/libarch__arm__core__cortex_m.a(fault.c.obj)
 .text.bus_fault.isra.0
                0x10000964       0xb8 zephyr/arch/arch/arm/core/cortex_m/libarch__arm__core__cortex_m.a(fault.c.obj)
 .text.mem_manage_fault.isra.0
                0x10000a1c       0xbc zephyr/arch/arch/arm/core/cortex_m/libarch__arm__core__cortex_m.a(fault.c.obj)
 .text.z_arm_fault
                0x10000ad8      0x19c zephyr/arch/arch/arm/core/cortex_m/libarch__arm__core__cortex_m.a(fault.c.obj)
                0x10000ad8                z_arm_fault
 .text.z_arm_fault_init
                0x10000c74       0x18 zephyr/arch/arch/arm/core/cortex_m/libarch__arm__core__cortex_m.a(fault.c.obj)
                0x10000c74                z_arm_fault_init
 .text.__fault  0x10000c8c       0x14 zephyr/arch/arch/arm/core/cortex_m/libarch__arm__core__cortex_m.a(fault_s.S.obj)
                0x10000c8c                z_arm_bus_fault
                0x10000c8c                z_arm_usage_fault
                0x10000c8c                z_arm_mpu_fault
                0x10000c8c                z_arm_exc_spurious
                0x10000c8c                z_arm_debug_monitor
                0x10000c8c                z_arm_hard_fault
 .text._reset_section
                0x10000ca0       0x38 zephyr/arch/arch/arm/core/cortex_m/libarch__arm__core__cortex_m.a(reset.S.obj)
                0x10000ca0                z_arm_reset
                0x10000ca0                __start
 .text.z_arm_svc
                0x10000cd8       0x24 zephyr/arch/arch/arm/core/cortex_m/libarch__arm__core__cortex_m.a(svc.S.obj)
                0x10000cd8                z_arm_svc
 .text.arm_irq_enable
                0x10000cfc       0x1c zephyr/arch/arch/arm/core/cortex_m/libarch__arm__core__cortex_m.a(irq_manage.c.obj)
                0x10000cfc                arm_irq_enable
 .text.arm_irq_disable
                0x10000d18       0x28 zephyr/arch/arch/arm/core/cortex_m/libarch__arm__core__cortex_m.a(irq_manage.c.obj)
                0x10000d18                arm_irq_disable
 .text.arm_irq_priority_set
                0x10000d40       0x2c zephyr/arch/arch/arm/core/cortex_m/libarch__arm__core__cortex_m.a(irq_manage.c.obj)
                0x10000d40                arm_irq_priority_set
 .text.relocate_vector_table
                0x10000d6c       0x1c zephyr/arch/arch/arm/core/cortex_m/libarch__arm__core__cortex_m.a(prep_c.c.obj)
                0x10000d6c                relocate_vector_table
 .text.z_prep_c
                0x10000d88       0x38 zephyr/arch/arch/arm/core/cortex_m/libarch__arm__core__cortex_m.a(prep_c.c.obj)
                0x10000d88                z_prep_c
 .text.arch_new_thread
                0x10000dc0       0x38 zephyr/arch/arch/arm/core/cortex_m/libarch__arm__core__cortex_m.a(thread.c.obj)
                0x10000dc0                arch_new_thread
 .text.arch_switch_to_main_thread
                0x10000df8       0x30 zephyr/arch/arch/arm/core/cortex_m/libarch__arm__core__cortex_m.a(thread.c.obj)
                0x10000df8                arch_switch_to_main_thread
 .text.z_arm_cpu_idle_init
                0x10000e28        0xc zephyr/arch/arch/arm/core/cortex_m/libarch__arm__core__cortex_m.a(cpu_idle.c.obj)
                0x10000e28                z_arm_cpu_idle_init
 .text._HandlerModeExit
                0x10000e34       0x20 zephyr/arch/arch/arm/core/cortex_m/libarch__arm__core__cortex_m.a(exc_exit.c.obj)
                0x10000e34                z_arm_exc_exit
                0x10000e34                z_arm_int_exit
 .text.z_impl_k_thread_abort
                0x10000e54       0x2c zephyr/arch/arch/arm/core/cortex_m/libarch__arm__core__cortex_m.a(thread_abort.c.obj)
                0x10000e54                z_impl_k_thread_abort
 .text.z_arm_pendsv
                0x10000e80       0x48 zephyr/arch/arch/arm/core/cortex_m/libarch__arm__core__cortex_m.a(swap_helper.S.obj)
                0x10000e80                z_arm_pendsv
 .text._isr_wrapper
                0x10000ec8       0x24 zephyr/arch/arch/arm/core/cortex_m/libarch__arm__core__cortex_m.a(isr_wrapper.c.obj)
                0x10000ec8                _isr_wrapper
 .text.z_impl_zephyr_fputc
                0x10000eec       0x10 zephyr/lib/libc/picolibc/liblib__libc__picolibc.a(stdio.c.obj)
                0x10000eec                z_impl_zephyr_fputc
 .text.__stdout_hook_install
                0x10000efc       0x18 zephyr/lib/libc/picolibc/liblib__libc__picolibc.a(stdio.c.obj)
                0x10000efc                __stdout_hook_install
 .text.abort    0x10000f14       0x1c zephyr/lib/libc/common/liblib__libc__common.a(abort.c.obj)
                0x10000f14                abort
 .text.malloc_prepare
                0x10000f30       0x24 zephyr/lib/libc/common/liblib__libc__common.a(malloc.c.obj)
 .text.net_buf_destroy
                0x10000f54       0x38 zephyr/lib/net_buf/liblib__net_buf.a(buf.c.obj)
 .text.net_buf_pool_get
                0x10000f8c       0x10 zephyr/lib/net_buf/liblib__net_buf.a(buf.c.obj)
                0x10000f8c                net_buf_pool_get
 .text.net_buf_alloc_len
                0x10000f9c       0xfc zephyr/lib/net_buf/liblib__net_buf.a(buf.c.obj)
                0x10000f9c                net_buf_alloc_len
 .text.net_buf_unref
                0x10001098       0x3c zephyr/lib/net_buf/liblib__net_buf.a(buf.c.obj)
                0x10001098                net_buf_unref
 .text.usbd_handle_ctrl_xfer
                0x100010d4      0x920 zephyr/subsys/usb/device_next/libsubsys__usb__device_next.a(usbd_ch9.c.obj)
                0x100010d4                usbd_handle_ctrl_xfer
 .text.usbd_event_carrier
                0x100019f4       0x48 zephyr/subsys/usb/device_next/libsubsys__usb__device_next.a(usbd_core.c.obj)
 .text.usbd_thread
                0x10001a3c      0x180 zephyr/subsys/usb/device_next/libsubsys__usb__device_next.a(usbd_core.c.obj)
 .text.usbd_pre_init
                0x10001bbc       0x94 zephyr/subsys/usb/device_next/libsubsys__usb__device_next.a(usbd_core.c.obj)
 .text.usbd_device_init_core
                0x10001c50       0x30 zephyr/subsys/usb/device_next/libsubsys__usb__device_next.a(usbd_core.c.obj)
                0x10001c50                usbd_device_init_core
 .text.usbd_class_node_get.part.0
                0x10001c80       0x2c zephyr/subsys/usb/device_next/libsubsys__usb__device_next.a(usbd_class.c.obj)
 .text.msg_work_handler
                0x10001cac       0x88 zephyr/subsys/usb/device_next/libsubsys__usb__device_next.a(usbd_msg.c.obj)
 .text.usbd_msg_pub
                0x10001d34       0x6c zephyr/subsys/usb/device_next/libsubsys__usb__device_next.a(usbd_msg.c.obj)
 .text.cdc_acm_poll_out
                0x10001da0       0x6c zephyr/subsys/usb/device_next/libsubsys__usb__device_next.a(usbd_cdc_acm.c.obj)
 .text.usbd_cdc_acm_preinit
                0x10001e0c       0x4c zephyr/subsys/usb/device_next/libsubsys__usb__device_next.a(usbd_cdc_acm.c.obj)
 .text.udc_ep_buf_alloc
                0x10001e58       0x30 zephyr/drivers/usb/udc/libdrivers__usb__udc.a(udc_common.c.obj)
                0x10001e58                udc_ep_buf_alloc
 .text.udc_rpi_pico_make_thread_0
                0x10001e88       0x4c zephyr/drivers/usb/udc/libdrivers__usb__udc.a(udc_rpi_pico.c.obj)
 .text.udc_rpi_pico_enable
                0x10001ed4       0xb0 zephyr/drivers/usb/udc/libdrivers__usb__udc.a(udc_rpi_pico.c.obj)
 .text.rpi_pico_isr_handler
                0x10001f84      0x39c zephyr/drivers/usb/udc/libdrivers__usb__udc.a(udc_rpi_pico.c.obj)
 .text.rpi_pico_get_clock_src.isra.0
                0x10002320       0x9c zephyr/drivers/clock_control/libdrivers__clock_control.a(clock_control_rpi_pico.c.obj)
 .text.rpi_pico_calc_clock_freq
                0x100023bc      0x104 zephyr/drivers/clock_control/libdrivers__clock_control.a(clock_control_rpi_pico.c.obj)
 .text.rpi_pico_rosc_write.isra.0
                0x100024c0       0x28 zephyr/drivers/clock_control/libdrivers__clock_control.a(clock_control_rpi_pico.c.obj)
 .text.clock_control_rpi_pico_init
                0x100024e8      0x1d4 zephyr/drivers/clock_control/libdrivers__clock_control.a(clock_control_rpi_pico.c.obj)
 .text.uart_console_init
                0x100026bc       0x28 zephyr/drivers/console/libdrivers__console.a(uart_console.c.obj)
 .text.console_out
                0x100026e4       0x28 zephyr/drivers/console/libdrivers__console.a(uart_console.c.obj)
 .text.gpio_rpi_get_pending_int
                0x1000270c       0x30 zephyr/drivers/gpio/libdrivers__gpio.a(gpio_rpi_pico.c.obj)
 .text.gpio_rpi_configure
                0x1000273c       0xc8 zephyr/drivers/gpio/libdrivers__gpio.a(gpio_rpi_pico.c.obj)
 .text.gpio_rpi_isr
                0x10002804       0x84 zephyr/drivers/gpio/libdrivers__gpio.a(gpio_rpi_pico.c.obj)
 .text.reset_rpi_status
                0x10002888       0x1c zephyr/drivers/reset/libdrivers__reset.a(reset_rpi_pico.c.obj)
 .text.reset_rpi_line_assert
                0x100028a4       0x10 zephyr/drivers/reset/libdrivers__reset.a(reset_rpi_pico.c.obj)
 .text.reset_rpi_line_deassert
                0x100028b4       0x1c zephyr/drivers/reset/libdrivers__reset.a(reset_rpi_pico.c.obj)
 .text.reset_rpi_line_toggle
                0x100028d0       0x24 zephyr/drivers/reset/libdrivers__reset.a(reset_rpi_pico.c.obj)
 .text.pl011_runtime_configure_internal
                0x100028f4      0x138 zephyr/drivers/serial/libdrivers__serial.a(uart_pl011.c.obj)
 .text.elapsed  0x10002a2c       0x44 zephyr/drivers/timer/libdrivers__timer.a(cortex_m_systick.c.obj)
 .text.sys_clock_driver_init
                0x10002a70       0x34 zephyr/drivers/timer/libdrivers__timer.a(cortex_m_systick.c.obj)
 .text.sys_clock_isr
                0x10002aa4       0x6c zephyr/drivers/timer/libdrivers__timer.a(cortex_m_systick.c.obj)
                0x10002aa4                sys_clock_isr
 .text.sys_clock_set_timeout
                0x10002b10       0xf8 zephyr/drivers/timer/libdrivers__timer.a(cortex_m_systick.c.obj)
                0x10002b10                sys_clock_set_timeout
 .text.sys_clock_elapsed
                0x10002c08       0x3c zephyr/drivers/timer/libdrivers__timer.a(cortex_m_systick.c.obj)
                0x10002c08                sys_clock_elapsed
 .text.clock_configure_internal
                0x10002c44       0xa0 modules/hal_rpi_pico/libmodules__hal_rpi_pico.a(clocks.c.obj)
 .text.pll_init
                0x10002ce4       0xb4 modules/hal_rpi_pico/libmodules__hal_rpi_pico.a(pll.c.obj)
                0x10002ce4                pll_init
 .text.xosc_init
                0x10002d98       0x28 modules/hal_rpi_pico/libmodules__hal_rpi_pico.a(xosc.c.obj)
                0x10002d98                xosc_init
 .text._gpio_set_irq_enabled
                0x10002dc0       0x30 modules/hal_rpi_pico/libmodules__hal_rpi_pico.a(gpio.c.obj)
 .text.gpio_set_function
                0x10002df0       0x38 modules/hal_rpi_pico/libmodules__hal_rpi_pico.a(gpio.c.obj)
                0x10002df0                gpio_set_function
 .text.gpio_set_pulls
                0x10002e28       0x24 modules/hal_rpi_pico/libmodules__hal_rpi_pico.a(gpio.c.obj)
                0x10002e28                gpio_set_pulls
 .text.gpio_set_input_hysteresis_enabled
                0x10002e4c       0x1c modules/hal_rpi_pico/libmodules__hal_rpi_pico.a(gpio.c.obj)
                0x10002e4c                gpio_set_input_hysteresis_enabled
 .text.gpio_set_slew_rate
                0x10002e68       0x1c modules/hal_rpi_pico/libmodules__hal_rpi_pico.a(gpio.c.obj)
                0x10002e68                gpio_set_slew_rate
 .text.gpio_set_drive_strength
                0x10002e84       0x20 modules/hal_rpi_pico/libmodules__hal_rpi_pico.a(gpio.c.obj)
                0x10002e84                gpio_set_drive_strength
 .text.gpio_set_irq_enabled
                0x10002ea4       0x24 modules/hal_rpi_pico/libmodules__hal_rpi_pico.a(gpio.c.obj)
                0x10002ea4                gpio_set_irq_enabled
 .text.gpio_set_input_enabled
                0x10002ec8       0x1c modules/hal_rpi_pico/libmodules__hal_rpi_pico.a(gpio.c.obj)
                0x10002ec8                gpio_set_input_enabled
 .text.runtime_init_per_core_enable_coprocessors
                0x10002ee4       0x1c modules/hal_rpi_pico/libmodules__hal_rpi_pico.a(runtime_init.c.obj)
                0x10002ee4                runtime_init_per_core_enable_coprocessors
 .text.z_impl_z_errno
                0x10002f00        0xc zephyr/kernel/libkernel.a(errno.c.obj)
                0x10002f00                z_impl_z_errno
 .text.z_fatal_error
                0x10002f0c       0x30 zephyr/kernel/libkernel.a(fatal.c.obj)
                0x10002f0c                z_fatal_error
 .text.z_sys_init_run_level
                0x10002f3c       0x30 zephyr/kernel/libkernel.a(init.c.obj)
 .text.bg_thread_main
                0x10002f6c       0xbc zephyr/kernel/libkernel.a(init.c.obj)
 .text.z_init_cpu
                0x10003028       0x68 zephyr/kernel/libkernel.a(init.c.obj)
                0x10003028                z_init_cpu
 .text.z_cstart
                0x10003090       0xb4 zephyr/kernel/libkernel.a(init.c.obj)
                0x10003090                z_cstart
 .text.statics_init
                0x10003144       0x24 zephyr/kernel/libkernel.a(kheap.c.obj)
 .text.k_heap_aligned_alloc
                0x10003168       0x1c zephyr/kernel/libkernel.a(kheap.c.obj)
                0x10003168                k_heap_aligned_alloc
 .text.init_mem_slab_obj_core_list
                0x10003184       0x28 zephyr/kernel/libkernel.a(mem_slab.c.obj)
 .text.k_mem_slab_alloc
                0x100031ac       0x5c zephyr/kernel/libkernel.a(mem_slab.c.obj)
                0x100031ac                k_mem_slab_alloc
 .text.put_msg_in_queue
                0x10003208       0xc8 zephyr/kernel/libkernel.a(msg_q.c.obj)
 .text.z_impl_k_msgq_get
                0x100032d0       0xc4 zephyr/kernel/libkernel.a(msg_q.c.obj)
                0x100032d0                z_impl_k_msgq_get
 .text.z_impl_k_mutex_lock
                0x10003394       0xe4 zephyr/kernel/libkernel.a(mutex.c.obj)
                0x10003394                z_impl_k_mutex_lock
 .text.z_impl_k_mutex_unlock
                0x10003478       0xa0 zephyr/kernel/libkernel.a(mutex.c.obj)
                0x10003478                z_impl_k_mutex_unlock
 .text.z_impl_k_queue_get
                0x10003518       0x60 zephyr/kernel/libkernel.a(queue.c.obj)
                0x10003518                z_impl_k_queue_get
 .text.z_impl_k_sem_give
                0x10003578       0x68 zephyr/kernel/libkernel.a(sem.c.obj)
                0x10003578                z_impl_k_sem_give
 .text.z_impl_k_sem_take
                0x100035e0       0x4c zephyr/kernel/libkernel.a(sem.c.obj)
                0x100035e0                z_impl_k_sem_take
 .text.z_impl_k_sem_reset
                0x1000362c       0x6c zephyr/kernel/libkernel.a(sem.c.obj)
                0x1000362c                z_impl_k_sem_reset
 .text.work_queue_main
                0x10003698      0x154 zephyr/kernel/libkernel.a(work.c.obj)
 .text.submit_to_queue_locked
                0x100037ec       0xa4 zephyr/kernel/libkernel.a(work.c.obj)
 .text.k_work_submit
                0x10003890        0xc zephyr/kernel/libkernel.a(work.c.obj)
                0x10003890                k_work_submit
 .text.k_work_queue_start
                0x1000389c       0x7c zephyr/kernel/libkernel.a(work.c.obj)
                0x1000389c                k_work_queue_start
 .text.k_work_schedule_for_queue
                0x10003918       0x54 zephyr/kernel/libkernel.a(work.c.obj)
                0x10003918                k_work_schedule_for_queue
 .text.k_work_schedule
                0x1000396c        0xc zephyr/kernel/libkernel.a(work.c.obj)
                0x1000396c                k_work_schedule
 .text.k_work_reschedule_for_queue
                0x10003978       0x5c zephyr/kernel/libkernel.a(work.c.obj)
                0x10003978                k_work_reschedule_for_queue
 .text.k_work_reschedule
                0x100039d4        0xc zephyr/kernel/libkernel.a(work.c.obj)
                0x100039d4                k_work_reschedule
 .text.z_setup_new_thread
                0x100039e0       0x54 zephyr/kernel/libkernel.a(thread.c.obj)
                0x100039e0                z_setup_new_thread
 .text.z_impl_k_thread_create
                0x10003a34       0x58 zephyr/kernel/libkernel.a(thread.c.obj)
                0x10003a34                z_impl_k_thread_create
 .text.z_dummy_thread_init
                0x10003a8c       0x14 zephyr/kernel/libkernel.a(thread.c.obj)
                0x10003a8c                z_dummy_thread_init
 .text.z_swap_irqlock
                0x10003aa0       0x30 zephyr/kernel/libkernel.a(sched.c.obj)
 .text.ready_thread
                0x10003ad0       0x80 zephyr/kernel/libkernel.a(sched.c.obj)
 .text.unready_thread
                0x10003b50       0x54 zephyr/kernel/libkernel.a(sched.c.obj)
 .text.add_thread_timeout
                0x10003ba4       0x1c zephyr/kernel/libkernel.a(sched.c.obj)
 .text.reschedule.isra.0
                0x10003bc0       0x28 zephyr/kernel/libkernel.a(sched.c.obj)
 .text.move_current_to_end_of_prio_q
                0x10003be8       0x6c zephyr/kernel/libkernel.a(sched.c.obj)
                0x10003be8                move_current_to_end_of_prio_q
 .text.z_pend_curr
                0x10003c54       0x44 zephyr/kernel/libkernel.a(sched.c.obj)
                0x10003c54                z_pend_curr
 .text.z_thread_prio_set
                0x10003c98       0xdc zephyr/kernel/libkernel.a(sched.c.obj)
                0x10003c98                z_thread_prio_set
 .text.z_reschedule_irqlock
                0x10003d74       0x28 zephyr/kernel/libkernel.a(sched.c.obj)
                0x10003d74                z_reschedule_irqlock
 .text.k_sched_lock
                0x10003d9c       0x28 zephyr/kernel/libkernel.a(sched.c.obj)
                0x10003d9c                k_sched_lock
 .text.k_sched_unlock
                0x10003dc4       0x54 zephyr/kernel/libkernel.a(sched.c.obj)
                0x10003dc4                k_sched_unlock
 .text.z_sched_init
                0x10003e18       0x10 zephyr/kernel/libkernel.a(sched.c.obj)
                0x10003e18                z_sched_init
 .text.z_impl_k_yield
                0x10003e28       0x84 zephyr/kernel/libkernel.a(sched.c.obj)
                0x10003e28                z_impl_k_yield
 .text.z_tick_sleep
                0x10003eac       0x78 zephyr/kernel/libkernel.a(sched.c.obj)
 .text.z_impl_k_sched_current_thread_query
                0x10003f24        0xc zephyr/kernel/libkernel.a(sched.c.obj)
                0x10003f24                z_impl_k_sched_current_thread_query
 .text.z_thread_abort
                0x10003f30      0x140 zephyr/kernel/libkernel.a(sched.c.obj)
                0x10003f30                z_thread_abort
 .text.z_sched_wait
                0x10004070       0x24 zephyr/kernel/libkernel.a(sched.c.obj)
                0x10004070                z_sched_wait
 .text.z_time_slice_size
                0x10004094       0x40 zephyr/kernel/libkernel.a(timeslicing.c.obj)
 .text.slice_timeout
                0x100040d4       0x20 zephyr/kernel/libkernel.a(timeslicing.c.obj)
 .text.z_reset_time_slice
                0x100040f4       0x44 zephyr/kernel/libkernel.a(timeslicing.c.obj)
                0x100040f4                z_reset_time_slice
 .text.z_time_slice
                0x10004138       0x5c zephyr/kernel/libkernel.a(timeslicing.c.obj)
                0x10004138                z_time_slice
 .text.first    0x10004194       0x10 zephyr/kernel/libkernel.a(timeout.c.obj)
 .text.elapsed  0x100041a4       0x14 zephyr/kernel/libkernel.a(timeout.c.obj)
 .text.remove_timeout
                0x100041b8       0x38 zephyr/kernel/libkernel.a(timeout.c.obj)
 .text.z_add_timeout
                0x100041f0      0x124 zephyr/kernel/libkernel.a(timeout.c.obj)
                0x100041f0                z_add_timeout
 .text.sys_clock_announce_locked
                0x10004314       0xb8 zephyr/kernel/libkernel.a(timeout.c.obj)
                0x10004314                sys_clock_announce_locked
 .text.sys_clock_tick_get
                0x100043cc       0x30 zephyr/kernel/libkernel.a(timeout.c.obj)
                0x100043cc                sys_clock_tick_get
 .text.k_event_post_internal
                0x100043fc       0x4c zephyr/kernel/libkernel.a(events.c.obj)
 .text.z_thread_alloc_helper
                0x10004448       0x4c zephyr/kernel/libkernel.a(mempool.c.obj)
 .text.z_thread_malloc
                0x10004494       0x10 zephyr/kernel/libkernel.a(mempool.c.obj)
                0x10004494                z_thread_malloc
 .text.boot_banner
                0x100044a4        0xc zephyr/kernel/libkernel.a(banner.c.obj)
                0x100044a4                boot_banner
 .text.k_sys_work_q_init
                0x100044b0       0x28 zephyr/kernel/libkernel.a(system_work_q.c.obj)
 .text.skip_to_arg
                0x100044d8      0x130 /Users/yiwenxu/Projects/coursework/PESP/base-station/build/modules/picolibc/libc.a(vflprintf.c.obj)
 .text.vfprintf
                0x10004608      0x540 /Users/yiwenxu/Projects/coursework/PESP/base-station/build/modules/picolibc/libc.a(vflprintf.c.obj)
                0x10004608                __l_vfprintf
                0x10004608                vfprintf
 .text.__udivmoddi4
                0x10004b48      0x338 /Applications/ArmGNUToolchain/15.2.rel1/arm-none-eabi/bin/../lib/gcc/arm-none-eabi/15.2.1/thumb/v8-m.main/nofp/libgcc.a(_udivmoddi4.o)
                0x10004b48                __udivmoddi4
 .text._OffsetAbsSyms
                0x10004e80        0x2 zephyr/CMakeFiles/offsets.dir/./arch/arm/core/offsets/offsets.c.obj
                0x10004e80                _OffsetAbsSyms
 .text.chunk_field
                0x10004e82       0x16 zephyr/libzephyr.a(heap.c.obj)
 .text.chunk_set
                0x10004e98       0x16 zephyr/libzephyr.a(heap.c.obj)
 .text.chunk_size
                0x10004eae        0xc zephyr/libzephyr.a(heap.c.obj)
 .text.set_chunk_used
                0x10004eba       0x30 zephyr/libzephyr.a(heap.c.obj)
 .text.set_chunk_size
                0x10004eea        0x8 zephyr/libzephyr.a(heap.c.obj)
 .text.undersized_chunk
                0x10004ef2       0x1c zephyr/libzephyr.a(heap.c.obj)
 .text.mem_to_chunkid
                0x10004f0e       0x14 zephyr/libzephyr.a(heap.c.obj)
 .text.bucket_idx
                0x10004f22       0x14 zephyr/libzephyr.a(heap.c.obj)
 .text.free_list_remove_bidx
                0x10004f36       0x5e zephyr/libzephyr.a(heap.c.obj)
 .text.free_list_remove
                0x10004f94       0x2c zephyr/libzephyr.a(heap.c.obj)
 .text.alloc_chunk
                0x10004fc0       0x74 zephyr/libzephyr.a(heap.c.obj)
 .text.split_chunks
                0x10005034       0x4a zephyr/libzephyr.a(heap.c.obj)
 .text.merge_chunks
                0x1000507e       0x3c zephyr/libzephyr.a(heap.c.obj)
 .text.free_list_add
                0x100050ba       0x84 zephyr/libzephyr.a(heap.c.obj)
 .text.sys_heap_free
                0x1000513e       0xc2 zephyr/libzephyr.a(heap.c.obj)
                0x1000513e                sys_heap_free
 .text.sys_heap_alloc
                0x10005200       0x74 zephyr/libzephyr.a(heap.c.obj)
                0x10005200                sys_heap_alloc
 .text.sys_heap_noalign_alloc
                0x10005274        0x6 zephyr/libzephyr.a(heap.c.obj)
                0x10005274                sys_heap_noalign_alloc
 .text.sys_heap_aligned_alloc
                0x1000527a      0x104 zephyr/libzephyr.a(heap.c.obj)
                0x1000527a                sys_heap_aligned_alloc
 .text.sys_heap_init
                0x1000537e       0xa0 zephyr/libzephyr.a(heap.c.obj)
                0x1000537e                sys_heap_init
 .text.sys_mem_blocks_free
                0x1000541e       0x56 zephyr/libzephyr.a(mem_blocks.c.obj)
                0x1000541e                sys_mem_blocks_free
 .text.sys_mem_blocks_alloc
                0x10005474       0x4e zephyr/libzephyr.a(mem_blocks.c.obj)
                0x10005474                sys_mem_blocks_alloc
 .text.arch_printk_char_out
                0x100054c2        0x4 zephyr/libzephyr.a(printk.c.obj)
                0x100054c2                arch_printk_char_out
 .text.printk   0x100054c6       0x1a zephyr/libzephyr.a(printk.c.obj)
                0x100054c6                printk
 .text.z_thread_entry
                0x100054e0       0x14 zephyr/libzephyr.a(thread_entry.c.obj)
                0x100054e0                z_thread_entry
 .text.setup_bundle_data.isra.0
                0x100054f4       0x3a zephyr/libzephyr.a(bitarray.c.obj)
 .text.match_region
                0x1000552e       0x64 zephyr/libzephyr.a(bitarray.c.obj)
 .text.set_region
                0x10005592       0x90 zephyr/libzephyr.a(bitarray.c.obj)
 .text.sys_bitarray_alloc
                0x10005622       0xd2 zephyr/libzephyr.a(bitarray.c.obj)
                0x10005622                sys_bitarray_alloc
 .text.sys_bitarray_free
                0x100056f4       0x9c zephyr/libzephyr.a(bitarray.c.obj)
                0x100056f4                sys_bitarray_free
 .text.bitmask_find_gap
                0x10005790       0x78 zephyr/libzephyr.a(bitmask.c.obj)
                0x10005790                bitmask_find_gap
 .text.ring_buf_area_claim
                0x10005808       0x30 zephyr/libzephyr.a(ring_buffer.c.obj)
                0x10005808                ring_buf_area_claim
 .text.ring_buf_put_claim
                0x10005838       0x1e zephyr/libzephyr.a(ring_buffer.c.obj)
 .text.ring_buf_get_claim
                0x10005856       0x1e zephyr/libzephyr.a(ring_buffer.c.obj)
 .text.ring_buf_area_finish
                0x10005874       0x30 zephyr/libzephyr.a(ring_buffer.c.obj)
                0x10005874                ring_buf_area_finish
 .text.ring_buf_put
                0x100058a4       0x40 zephyr/libzephyr.a(ring_buffer.c.obj)
                0x100058a4                ring_buf_put
 .text.ring_buf_get
                0x100058e4       0x42 zephyr/libzephyr.a(ring_buffer.c.obj)
                0x100058e4                ring_buf_get
 .text._ConfigAbsSyms
                0x10005926        0x2 zephyr/libzephyr.a(configs.c.obj)
                0x10005926                _ConfigAbsSyms
 .text.arch_early_memset
                0x10005928        0x4 zephyr/arch/common/libarch__common.a(init.c.obj)
                0x10005928                arch_early_memset
 .text.arch_early_memcpy
                0x1000592c        0x4 zephyr/arch/common/libarch__common.a(init.c.obj)
                0x1000592c                arch_early_memcpy
 .text.z_do_kernel_oops
                0x10005930        0x8 zephyr/arch/arch/arm/core/libarch__arm__core.a(fatal.c.obj)
                0x10005930                z_do_kernel_oops
 .text.z_arm_nmi
                0x10005938        0xe zephyr/arch/arch/arm/core/libarch__arm__core.a(nmi.c.obj)
                0x10005938                z_arm_nmi
 .text.z_irq_spurious
                0x10005946        0x8 zephyr/arch/arch/arm/core/cortex_m/libarch__arm__core__cortex_m.a(irq_manage.c.obj)
                0x10005946                z_irq_spurious
 .text.arch_coprocessors_disable
                0x1000594e        0x6 zephyr/arch/arch/arm/core/cortex_m/libarch__arm__core__cortex_m.a(thread.c.obj)
                0x1000594e                arch_coprocessors_disable
 .text.arch_irq_unlock_outlined
                0x10005954        0xe zephyr/arch/arch/arm/core/cortex_m/libarch__arm__core__cortex_m.a(thread.c.obj)
                0x10005954                arch_irq_unlock_outlined
 .text.arch_cpu_idle
                0x10005962       0x1a zephyr/arch/arch/arm/core/cortex_m/libarch__arm__core__cortex_m.a(cpu_idle.c.obj)
                0x10005962                arch_cpu_idle
 .text.z_arm_interrupt_init
                0x1000597c       0x18 zephyr/arch/arch/arm/core/cortex_m/libarch__arm__core__cortex_m.a(irq_init.c.obj)
                0x1000597c                z_arm_interrupt_init
 .text.__assert_no_args
                0x10005994        0x6 zephyr/lib/libc/picolibc/liblib__libc__picolibc.a(assert.c.obj)
                0x10005994                __assert_no_args
 .text.z_errno_wrap
                0x1000599a        0x4 zephyr/lib/libc/picolibc/liblib__libc__picolibc.a(errno_wrap.c.obj)
                0x1000599a                z_errno_wrap
 .text.picolibc_put
                0x1000599e        0x4 zephyr/lib/libc/picolibc/liblib__libc__picolibc.a(stdio.c.obj)
 .text.net_buf_reset
                0x100059a2        0xa zephyr/lib/net_buf/liblib__net_buf.a(buf.c.obj)
                0x100059a2                net_buf_reset
 .text.net_buf_ref
                0x100059ac        0x8 zephyr/lib/net_buf/liblib__net_buf.a(buf.c.obj)
                0x100059ac                net_buf_ref
 .text.net_buf_frag_del
                0x100059b4       0x18 zephyr/lib/net_buf/liblib__net_buf.a(buf.c.obj)
                0x100059b4                net_buf_frag_del
 .text.net_buf_simple_add
                0x100059cc        0xc zephyr/lib/net_buf/liblib__net_buf.a(buf_simple.c.obj)
                0x100059cc                net_buf_simple_add
 .text.net_buf_simple_add_mem
                0x100059d8       0x12 zephyr/lib/net_buf/liblib__net_buf.a(buf_simple.c.obj)
                0x100059d8                net_buf_simple_add_mem
 .text.net_buf_simple_add_u8
                0x100059ea       0x10 zephyr/lib/net_buf/liblib__net_buf.a(buf_simple.c.obj)
                0x100059ea                net_buf_simple_add_u8
 .text.net_buf_simple_add_le16
                0x100059fa       0x14 zephyr/lib/net_buf/liblib__net_buf.a(buf_simple.c.obj)
                0x100059fa                net_buf_simple_add_le16
 .text.net_buf_simple_remove_mem
                0x10005a0e        0xe zephyr/lib/net_buf/liblib__net_buf.a(buf_simple.c.obj)
                0x10005a0e                net_buf_simple_remove_mem
 .text.net_buf_simple_pull
                0x10005a1c       0x10 zephyr/lib/net_buf/liblib__net_buf.a(buf_simple.c.obj)
                0x10005a1c                net_buf_simple_pull
 .text.soc_reset_hook
                0x10005a2c        0x4 zephyr/soc/soc/rp2350a/rp2350/libsoc__raspberrypi__rpi_pico__rp2350.a(soc.c.obj)
                0x10005a2c                soc_reset_hook
 .text.usbd_device_lock
                0x10005a30        0xe zephyr/subsys/usb/device_next/libsubsys__usb__device_next.a(usbd_device.c.obj)
 .text.k_mutex_unlock.isra.0
                0x10005a3e        0x4 zephyr/subsys/usb/device_next/libsubsys__usb__device_next.a(usbd_device.c.obj)
 .text.usbd_bus_speed
                0x10005a42        0xa zephyr/subsys/usb/device_next/libsubsys__usb__device_next.a(usbd_device.c.obj)
                0x10005a42                usbd_bus_speed
 .text.usbd_device_set_code_triple
                0x10005a4c       0x48 zephyr/subsys/usb/device_next/libsubsys__usb__device_next.a(usbd_device.c.obj)
                0x10005a4c                usbd_device_set_code_triple
 .text.usbd_is_suspended
                0x10005a94        0xa zephyr/subsys/usb/device_next/libsubsys__usb__device_next.a(usbd_device.c.obj)
                0x10005a94                usbd_is_suspended
 .text.usbd_init
                0x10005a9e       0x60 zephyr/subsys/usb/device_next/libsubsys__usb__device_next.a(usbd_device.c.obj)
                0x10005a9e                usbd_init
 .text.usbd_enable
                0x10005afe       0x86 zephyr/subsys/usb/device_next/libsubsys__usb__device_next.a(usbd_device.c.obj)
                0x10005afe                usbd_enable
 .text.usbd_device_get_vreq
                0x10005b84       0x24 zephyr/subsys/usb/device_next/libsubsys__usb__device_next.a(usbd_device.c.obj)
                0x10005b84                usbd_device_get_vreq
 .text.usbd_device_register_vreq
                0x10005ba8       0x54 zephyr/subsys/usb/device_next/libsubsys__usb__device_next.a(usbd_device.c.obj)
                0x10005ba8                usbd_device_register_vreq
 .text.usbd_get_descriptor
                0x10005bfc       0x34 zephyr/subsys/usb/device_next/libsubsys__usb__device_next.a(usbd_desc.c.obj)
                0x10005bfc                usbd_get_descriptor
 .text.usbd_add_descriptor
                0x10005c30      0x108 zephyr/subsys/usb/device_next/libsubsys__usb__device_next.a(usbd_desc.c.obj)
                0x10005c30                usbd_add_descriptor
 .text.usbd_str_desc_get_idx
                0x10005d38        0xc zephyr/subsys/usb/device_next/libsubsys__usb__device_next.a(usbd_desc.c.obj)
                0x10005d38                usbd_str_desc_get_idx
 .text.net_buf_simple_tailroom
                0x10005d44       0x10 zephyr/subsys/usb/device_next/libsubsys__usb__device_next.a(usbd_ch9.c.obj)
 .text.reqtype_is_to_host
                0x10005d54        0xe zephyr/subsys/usb/device_next/libsubsys__usb__device_next.a(usbd_ch9.c.obj)
 .text.sreq_feature_halt_notify
                0x10005d62       0x20 zephyr/subsys/usb/device_next/libsubsys__usb__device_next.a(usbd_ch9.c.obj)
 .text.usbd_enqueue_status_in
                0x10005d82       0x2c zephyr/subsys/usb/device_next/libsubsys__usb__device_next.a(usbd_ch9.c.obj)
 .text.usbd_enqueue_setup
                0x10005dae       0x26 zephyr/subsys/usb/device_next/libsubsys__usb__device_next.a(usbd_ch9.c.obj)
 .text.udc_test_mode
                0x10005dd4       0x40 zephyr/subsys/usb/device_next/libsubsys__usb__device_next.a(usbd_ch9.c.obj)
 .text.udc_set_address
                0x10005e14       0x32 zephyr/subsys/usb/device_next/libsubsys__usb__device_next.a(usbd_ch9.c.obj)
 .text.nonstd_request
                0x10005e46       0xaa zephyr/subsys/usb/device_next/libsubsys__usb__device_next.a(usbd_ch9.c.obj)
 .text.usbd_init_control_pipe
                0x10005ef0       0x18 zephyr/subsys/usb/device_next/libsubsys__usb__device_next.a(usbd_ch9.c.obj)
                0x10005ef0                usbd_init_control_pipe
 .text.usbd_class_bcast_event
                0x10005f08       0x48 zephyr/subsys/usb/device_next/libsubsys__usb__device_next.a(usbd_core.c.obj)
 .text.unassign_eps.isra.0
                0x10005f50       0x66 zephyr/subsys/usb/device_next/libsubsys__usb__device_next.a(usbd_init.c.obj)
 .text.usbd_init_configurations
                0x10005fb6      0x1f2 zephyr/subsys/usb/device_next/libsubsys__usb__device_next.a(usbd_init.c.obj)
                0x10005fb6                usbd_init_configurations
 .text.usbd_device_lock
                0x100061a8        0xe zephyr/subsys/usb/device_next/libsubsys__usb__device_next.a(usbd_config.c.obj)
 .text.k_mutex_unlock.isra.0
                0x100061b6        0x4 zephyr/subsys/usb/device_next/libsubsys__usb__device_next.a(usbd_config.c.obj)
 .text.usbd_config_get
                0x100061ba       0x28 zephyr/subsys/usb/device_next/libsubsys__usb__device_next.a(usbd_config.c.obj)
                0x100061ba                usbd_config_get
 .text.usbd_config_get_current
                0x100061e2       0x24 zephyr/subsys/usb/device_next/libsubsys__usb__device_next.a(usbd_config.c.obj)
                0x100061e2                usbd_config_get_current
 .text.usbd_config_exist
                0x10006206        0xe zephyr/subsys/usb/device_next/libsubsys__usb__device_next.a(usbd_config.c.obj)
                0x10006206                usbd_config_exist
 .text.usbd_config_set
                0x10006214       0x98 zephyr/subsys/usb/device_next/libsubsys__usb__device_next.a(usbd_config.c.obj)
                0x10006214                usbd_config_set
 .text.usbd_add_configuration
                0x100062ac       0xbe zephyr/subsys/usb/device_next/libsubsys__usb__device_next.a(usbd_config.c.obj)
                0x100062ac                usbd_add_configuration
 .text.usbd_device_lock
                0x1000636a        0xe zephyr/subsys/usb/device_next/libsubsys__usb__device_next.a(usbd_class.c.obj)
 .text.usbd_class_desc_len
                0x10006378       0x20 zephyr/subsys/usb/device_next/libsubsys__usb__device_next.a(usbd_class.c.obj)
                0x10006378                usbd_class_desc_len
 .text.usbd_class_get_by_config
                0x10006398       0x20 zephyr/subsys/usb/device_next/libsubsys__usb__device_next.a(usbd_class.c.obj)
                0x10006398                usbd_class_get_by_config
 .text.usbd_class_get_by_iface
                0x100063b8       0x20 zephyr/subsys/usb/device_next/libsubsys__usb__device_next.a(usbd_class.c.obj)
                0x100063b8                usbd_class_get_by_iface
 .text.usbd_class_handle_xfer
                0x100063d8       0x12 zephyr/subsys/usb/device_next/libsubsys__usb__device_next.a(usbd_class.c.obj)
                0x100063d8                usbd_class_handle_xfer
 .text.usbd_class_get_by_ep
                0x100063ea       0x46 zephyr/subsys/usb/device_next/libsubsys__usb__device_next.a(usbd_class.c.obj)
                0x100063ea                usbd_class_get_by_ep
 .text.usbd_class_get_by_req
                0x10006430       0x2e zephyr/subsys/usb/device_next/libsubsys__usb__device_next.a(usbd_class.c.obj)
                0x10006430                usbd_class_get_by_req
 .text.usbd_register_class
                0x1000645e       0x8a zephyr/subsys/usb/device_next/libsubsys__usb__device_next.a(usbd_class.c.obj)
                0x1000645e                usbd_register_class
 .text.usbd_interface_modify
                0x100064e8       0x96 zephyr/subsys/usb/device_next/libsubsys__usb__device_next.a(usbd_interface.c.obj)
 .text.usbd_interface_shutdown
                0x1000657e       0x54 zephyr/subsys/usb/device_next/libsubsys__usb__device_next.a(usbd_interface.c.obj)
                0x1000657e                usbd_interface_shutdown
 .text.usbd_interface_default
                0x100065d2       0x4a zephyr/subsys/usb/device_next/libsubsys__usb__device_next.a(usbd_interface.c.obj)
                0x100065d2                usbd_interface_default
 .text.usbd_interface_set
                0x1000661c       0x78 zephyr/subsys/usb/device_next/libsubsys__usb__device_next.a(usbd_interface.c.obj)
                0x1000661c                usbd_interface_set
 .text.usbd_ep_bm_clear
                0x10006694       0x1c zephyr/subsys/usb/device_next/libsubsys__usb__device_next.a(usbd_endpoint.c.obj)
 .text.usbd_ep_enable
                0x100066b0       0x38 zephyr/subsys/usb/device_next/libsubsys__usb__device_next.a(usbd_endpoint.c.obj)
                0x100066b0                usbd_ep_enable
 .text.usbd_ep_disable
                0x100066e8       0x2c zephyr/subsys/usb/device_next/libsubsys__usb__device_next.a(usbd_endpoint.c.obj)
                0x100066e8                usbd_ep_disable
 .text.usbd_ep_ctrl_data_in_alloc
                0x10006714        0xa zephyr/subsys/usb/device_next/libsubsys__usb__device_next.a(usbd_endpoint.c.obj)
                0x10006714                usbd_ep_ctrl_data_in_alloc
 .text.usbd_ep_ctrl_enqueue
                0x1000671e       0x7a zephyr/subsys/usb/device_next/libsubsys__usb__device_next.a(usbd_endpoint.c.obj)
                0x1000671e                usbd_ep_ctrl_enqueue
 .text.usbd_ep_buf_alloc
                0x10006798        0x8 zephyr/subsys/usb/device_next/libsubsys__usb__device_next.a(usbd_endpoint.c.obj)
                0x10006798                usbd_ep_buf_alloc
 .text.usbd_ep_enqueue
                0x100067a0       0x30 zephyr/subsys/usb/device_next/libsubsys__usb__device_next.a(usbd_endpoint.c.obj)
                0x100067a0                usbd_ep_enqueue
 .text.usbd_ep_buf_free
                0x100067d0        0x6 zephyr/subsys/usb/device_next/libsubsys__usb__device_next.a(usbd_endpoint.c.obj)
                0x100067d0                usbd_ep_buf_free
 .text.usbd_ep_set_halt
                0x100067d6       0x28 zephyr/subsys/usb/device_next/libsubsys__usb__device_next.a(usbd_endpoint.c.obj)
                0x100067d6                usbd_ep_set_halt
 .text.usbd_ep_clear_halt
                0x100067fe       0x1e zephyr/subsys/usb/device_next/libsubsys__usb__device_next.a(usbd_endpoint.c.obj)
                0x100067fe                usbd_ep_clear_halt
 .text.usbd_ep_is_halted
                0x1000681c       0x1a zephyr/subsys/usb/device_next/libsubsys__usb__device_next.a(usbd_endpoint.c.obj)
                0x1000681c                usbd_ep_is_halted
 .text.usbd_msg_pub_simple
                0x10006836       0x1e zephyr/subsys/usb/device_next/libsubsys__usb__device_next.a(usbd_msg.c.obj)
                0x10006836                usbd_msg_pub_simple
 .text.usbd_msg_pub_device
                0x10006854       0x1e zephyr/subsys/usb/device_next/libsubsys__usb__device_next.a(usbd_msg.c.obj)
                0x10006854                usbd_msg_pub_device
 .text.usbd_cdc_acm_update
                0x10006872        0x2 zephyr/subsys/usb/device_next/libsubsys__usb__device_next.a(usbd_cdc_acm.c.obj)
 .text.usbd_cdc_acm_get_desc
                0x10006874        0x8 zephyr/subsys/usb/device_next/libsubsys__usb__device_next.a(usbd_cdc_acm.c.obj)
 .text.cdc_acm_update_uart_cfg
                0x1000687c       0x4c zephyr/subsys/usb/device_next/libsubsys__usb__device_next.a(usbd_cdc_acm.c.obj)
 .text.cdc_acm_irq_tx_ready
                0x100068c8       0x18 zephyr/subsys/usb/device_next/libsubsys__usb__device_next.a(usbd_cdc_acm.c.obj)
 .text.cdc_acm_irq_rx_ready
                0x100068e0        0x8 zephyr/subsys/usb/device_next/libsubsys__usb__device_next.a(usbd_cdc_acm.c.obj)
 .text.cdc_acm_irq_is_pending
                0x100068e8        0xe zephyr/subsys/usb/device_next/libsubsys__usb__device_next.a(usbd_cdc_acm.c.obj)
 .text.cdc_acm_irq_callback_set
                0x100068f6        0x8 zephyr/subsys/usb/device_next/libsubsys__usb__device_next.a(usbd_cdc_acm.c.obj)
 .text.cdc_acm_line_ctrl_get
                0x100068fe       0x24 zephyr/subsys/usb/device_next/libsubsys__usb__device_next.a(usbd_cdc_acm.c.obj)
 .text.cdc_acm_configure
                0x10006922       0x16 zephyr/subsys/usb/device_next/libsubsys__usb__device_next.a(usbd_cdc_acm.c.obj)
 .text.atomic_test_bit
                0x10006938        0xc zephyr/subsys/usb/device_next/libsubsys__usb__device_next.a(usbd_cdc_acm.c.obj)
 .text.usbd_cdc_acm_suspended
                0x10006944       0x18 zephyr/subsys/usb/device_next/libsubsys__usb__device_next.a(usbd_cdc_acm.c.obj)
 .text.cdc_acm_fifo_read
                0x1000695c       0x14 zephyr/subsys/usb/device_next/libsubsys__usb__device_next.a(usbd_cdc_acm.c.obj)
 .text.cdc_acm_poll_in
                0x10006970       0x2a zephyr/subsys/usb/device_next/libsubsys__usb__device_next.a(usbd_cdc_acm.c.obj)
 .text.cdc_acm_fifo_fill
                0x1000699a       0x2a zephyr/subsys/usb/device_next/libsubsys__usb__device_next.a(usbd_cdc_acm.c.obj)
 .text.cdc_acm_config_get
                0x100069c4        0xe zephyr/subsys/usb/device_next/libsubsys__usb__device_next.a(usbd_cdc_acm.c.obj)
 .text.usbd_cdc_acm_init
                0x100069d2       0x34 zephyr/subsys/usb/device_next/libsubsys__usb__device_next.a(usbd_cdc_acm.c.obj)
 .text.usbd_cdc_acm_ctd
                0x10006a06       0x5a zephyr/subsys/usb/device_next/libsubsys__usb__device_next.a(usbd_cdc_acm.c.obj)
 .text.atomic_clear_bit
                0x10006a60       0x16 zephyr/subsys/usb/device_next/libsubsys__usb__device_next.a(usbd_cdc_acm.c.obj)
 .text.cdc_acm_irq_rx_disable
                0x10006a76        0xa zephyr/subsys/usb/device_next/libsubsys__usb__device_next.a(usbd_cdc_acm.c.obj)
 .text.cdc_acm_irq_tx_disable
                0x10006a80        0xa zephyr/subsys/usb/device_next/libsubsys__usb__device_next.a(usbd_cdc_acm.c.obj)
 .text.usbd_cdc_acm_disable
                0x10006a8a       0x18 zephyr/subsys/usb/device_next/libsubsys__usb__device_next.a(usbd_cdc_acm.c.obj)
 .text.usbd_cdc_acm_resumed
                0x10006aa2        0xc zephyr/subsys/usb/device_next/libsubsys__usb__device_next.a(usbd_cdc_acm.c.obj)
 .text.usbd_cdc_acm_cth
                0x10006aae       0x3c zephyr/subsys/usb/device_next/libsubsys__usb__device_next.a(usbd_cdc_acm.c.obj)
 .text.cdc_acm_tx_fifo_handler
                0x10006aea       0xbe zephyr/subsys/usb/device_next/libsubsys__usb__device_next.a(usbd_cdc_acm.c.obj)
 .text.cdc_acm_line_ctrl_set
                0x10006ba8       0xee zephyr/subsys/usb/device_next/libsubsys__usb__device_next.a(usbd_cdc_acm.c.obj)
 .text.usbd_cdc_acm_request
                0x10006c96       0xe8 zephyr/subsys/usb/device_next/libsubsys__usb__device_next.a(usbd_cdc_acm.c.obj)
 .text.cdc_acm_irq_cb_handler
                0x10006d7e       0xb6 zephyr/subsys/usb/device_next/libsubsys__usb__device_next.a(usbd_cdc_acm.c.obj)
 .text.cdc_acm_rx_fifo_handler
                0x10006e34       0x82 zephyr/subsys/usb/device_next/libsubsys__usb__device_next.a(usbd_cdc_acm.c.obj)
 .text.cdc_acm_irq_update
                0x10006eb6       0x46 zephyr/subsys/usb/device_next/libsubsys__usb__device_next.a(usbd_cdc_acm.c.obj)
 .text.cdc_acm_irq_tx_enable
                0x10006efc       0x2e zephyr/subsys/usb/device_next/libsubsys__usb__device_next.a(usbd_cdc_acm.c.obj)
 .text.cdc_acm_irq_rx_enable
                0x10006f2a       0x42 zephyr/subsys/usb/device_next/libsubsys__usb__device_next.a(usbd_cdc_acm.c.obj)
 .text.usbd_cdc_acm_enable
                0x10006f6c       0x5c zephyr/subsys/usb/device_next/libsubsys__usb__device_next.a(usbd_cdc_acm.c.obj)
 .text.udc_buf_destroy
                0x10006fc8       0x30 zephyr/drivers/usb/udc/libdrivers__usb__udc.a(udc_common.c.obj)
 .text.ep_check_config.isra.0
                0x10006ff8       0x66 zephyr/drivers/usb/udc/libdrivers__usb__udc.a(udc_common.c.obj)
 .text.udc_is_initialized.isra.0
                0x1000705e        0xc zephyr/drivers/usb/udc/libdrivers__usb__udc.a(udc_common.c.obj)
 .text.udc_is_enabled.isra.0
                0x1000706a        0xc zephyr/drivers/usb/udc/libdrivers__usb__udc.a(udc_common.c.obj)
 .text.udc_set_suspended
                0x10007076       0x2e zephyr/drivers/usb/udc/libdrivers__usb__udc.a(udc_common.c.obj)
                0x10007076                udc_set_suspended
 .text.udc_get_ep_cfg
                0x100070a4       0x18 zephyr/drivers/usb/udc/libdrivers__usb__udc.a(udc_common.c.obj)
                0x100070a4                udc_get_ep_cfg
 .text.udc_ep_is_busy
                0x100070bc        0x8 zephyr/drivers/usb/udc/libdrivers__usb__udc.a(udc_common.c.obj)
                0x100070bc                udc_ep_is_busy
 .text.udc_ep_set_busy
                0x100070c4        0xa zephyr/drivers/usb/udc/libdrivers__usb__udc.a(udc_common.c.obj)
                0x100070c4                udc_ep_set_busy
 .text.udc_register_ep
                0x100070ce       0x34 zephyr/drivers/usb/udc/libdrivers__usb__udc.a(udc_common.c.obj)
                0x100070ce                udc_register_ep
 .text.udc_buf_get
                0x10007102        0x8 zephyr/drivers/usb/udc/libdrivers__usb__udc.a(udc_common.c.obj)
                0x10007102                udc_buf_get
 .text.udc_buf_peek
                0x1000710a        0x4 zephyr/drivers/usb/udc/libdrivers__usb__udc.a(udc_common.c.obj)
                0x1000710a                udc_buf_peek
 .text.udc_buf_put
                0x1000710e        0x4 zephyr/drivers/usb/udc/libdrivers__usb__udc.a(udc_common.c.obj)
                0x1000710e                udc_buf_put
 .text.udc_ep_buf_has_zlp
                0x10007112        0x8 zephyr/drivers/usb/udc/libdrivers__usb__udc.a(udc_common.c.obj)
                0x10007112                udc_ep_buf_has_zlp
 .text.udc_ep_buf_clear_zlp
                0x1000711a        0xa zephyr/drivers/usb/udc/libdrivers__usb__udc.a(udc_common.c.obj)
                0x1000711a                udc_ep_buf_clear_zlp
 .text.udc_submit_event
                0x10007124       0x18 zephyr/drivers/usb/udc/libdrivers__usb__udc.a(udc_common.c.obj)
                0x10007124                udc_submit_event
 .text.udc_submit_ep_event
                0x1000713c       0x30 zephyr/drivers/usb/udc/libdrivers__usb__udc.a(udc_common.c.obj)
                0x1000713c                udc_submit_ep_event
 .text.udc_ep_cancel_queued
                0x1000716c       0x1e zephyr/drivers/usb/udc/libdrivers__usb__udc.a(udc_common.c.obj)
                0x1000716c                udc_ep_cancel_queued
 .text.udc_setup_received
                0x1000718a       0xb4 zephyr/drivers/usb/udc/libdrivers__usb__udc.a(udc_common.c.obj)
                0x1000718a                udc_setup_received
 .text.udc_ep_try_config
                0x1000723e       0x8a zephyr/drivers/usb/udc/libdrivers__usb__udc.a(udc_common.c.obj)
                0x1000723e                udc_ep_try_config
 .text.udc_ep_enable_internal
                0x100072c8       0x5c zephyr/drivers/usb/udc/libdrivers__usb__udc.a(udc_common.c.obj)
                0x100072c8                udc_ep_enable_internal
 .text.udc_ep_enable
                0x10007324       0x4c zephyr/drivers/usb/udc/libdrivers__usb__udc.a(udc_common.c.obj)
                0x10007324                udc_ep_enable
 .text.udc_ep_disable_internal
                0x10007370       0x3e zephyr/drivers/usb/udc/libdrivers__usb__udc.a(udc_common.c.obj)
                0x10007370                udc_ep_disable_internal
 .text.udc_ep_disable
                0x100073ae       0x38 zephyr/drivers/usb/udc/libdrivers__usb__udc.a(udc_common.c.obj)
                0x100073ae                udc_ep_disable
 .text.udc_ep_set_halt
                0x100073e6       0x54 zephyr/drivers/usb/udc/libdrivers__usb__udc.a(udc_common.c.obj)
                0x100073e6                udc_ep_set_halt
 .text.udc_ep_clear_halt
                0x1000743a       0x60 zephyr/drivers/usb/udc/libdrivers__usb__udc.a(udc_common.c.obj)
                0x1000743a                udc_ep_clear_halt
 .text.udc_ep_enqueue
                0x1000749a       0x82 zephyr/drivers/usb/udc/libdrivers__usb__udc.a(udc_common.c.obj)
                0x1000749a                udc_ep_enqueue
 .text.udc_ep_queue_is_empty
                0x1000751c       0x2e zephyr/drivers/usb/udc/libdrivers__usb__udc.a(udc_common.c.obj)
                0x1000751c                udc_ep_queue_is_empty
 .text.udc_ep_dequeue
                0x1000754a       0x42 zephyr/drivers/usb/udc/libdrivers__usb__udc.a(udc_common.c.obj)
                0x1000754a                udc_ep_dequeue
 .text.udc_ctrl_setup_alloc
                0x1000758c       0x1e zephyr/drivers/usb/udc/libdrivers__usb__udc.a(udc_common.c.obj)
                0x1000758c                udc_ctrl_setup_alloc
 .text.udc_ctrl_data_alloc
                0x100075aa       0x28 zephyr/drivers/usb/udc/libdrivers__usb__udc.a(udc_common.c.obj)
                0x100075aa                udc_ctrl_data_alloc
 .text.udc_ctrl_status_alloc
                0x100075d2       0x22 zephyr/drivers/usb/udc/libdrivers__usb__udc.a(udc_common.c.obj)
                0x100075d2                udc_ctrl_status_alloc
 .text.udc_ep_buf_free
                0x100075f4       0x1c zephyr/drivers/usb/udc/libdrivers__usb__udc.a(udc_common.c.obj)
                0x100075f4                udc_ep_buf_free
 .text.udc_device_speed
                0x10007610       0x2a zephyr/drivers/usb/udc/libdrivers__usb__udc.a(udc_common.c.obj)
                0x10007610                udc_device_speed
 .text.udc_enable
                0x1000763a       0x50 zephyr/drivers/usb/udc/libdrivers__usb__udc.a(udc_common.c.obj)
                0x1000763a                udc_enable
 .text.udc_disable
                0x1000768a       0x40 zephyr/drivers/usb/udc/libdrivers__usb__udc.a(udc_common.c.obj)
                0x1000768a                udc_disable
 .text.udc_init
                0x100076ca       0x56 zephyr/drivers/usb/udc/libdrivers__usb__udc.a(udc_common.c.obj)
                0x100076ca                udc_init
 .text.udc_shutdown
                0x10007720       0x4e zephyr/drivers/usb/udc/libdrivers__usb__udc.a(udc_common.c.obj)
                0x10007720                udc_shutdown
 .text.udc_rpi_pico_set_address
                0x1000776e        0xa zephyr/drivers/usb/udc/libdrivers__usb__udc.a(udc_rpi_pico.c.obj)
 .text.udc_rpi_pico_host_wakeup
                0x10007778       0x20 zephyr/drivers/usb/udc/libdrivers__usb__udc.a(udc_rpi_pico.c.obj)
 .text.udc_rpi_pico_shutdown
                0x10007798       0x14 zephyr/drivers/usb/udc/libdrivers__usb__udc.a(udc_rpi_pico.c.obj)
 .text.udc_rpi_pico_disable
                0x100077ac       0x2c zephyr/drivers/usb/udc/libdrivers__usb__udc.a(udc_rpi_pico.c.obj)
 .text.udc_rpi_pico_irq_disable_func_0
                0x100077d8        0x6 zephyr/drivers/usb/udc/libdrivers__usb__udc.a(udc_rpi_pico.c.obj)
 .text.udc_rpi_pico_irq_enable_func_0
                0x100077de       0x16 zephyr/drivers/usb/udc/libdrivers__usb__udc.a(udc_rpi_pico.c.obj)
 .text.atomic_clear
                0x100077f4       0x12 zephyr/drivers/usb/udc/libdrivers__usb__udc.a(udc_rpi_pico.c.obj)
 .text.udc_rpi_pico_lock
                0x10007806       0x1c zephyr/drivers/usb/udc/libdrivers__usb__udc.a(udc_rpi_pico.c.obj)
 .text.udc_rpi_pico_init
                0x10007822       0x40 zephyr/drivers/usb/udc/libdrivers__usb__udc.a(udc_rpi_pico.c.obj)
 .text.udc_rpi_pico_unlock
                0x10007862       0x12 zephyr/drivers/usb/udc/libdrivers__usb__udc.a(udc_rpi_pico.c.obj)
 .text.udc_rpi_pico_driver_preinit
                0x10007874      0x132 zephyr/drivers/usb/udc/libdrivers__usb__udc.a(udc_rpi_pico.c.obj)
 .text.k_event_post.isra.0
                0x100079a6        0x4 zephyr/drivers/usb/udc/libdrivers__usb__udc.a(udc_rpi_pico.c.obj)
 .text.atomic_set_bit
                0x100079aa       0x1e zephyr/drivers/usb/udc/libdrivers__usb__udc.a(udc_rpi_pico.c.obj)
 .text.write_buf_ctrl_reg.isra.0
                0x100079c8       0x1c zephyr/drivers/usb/udc/libdrivers__usb__udc.a(udc_rpi_pico.c.obj)
 .text.rpi_pico_prep_rx.isra.0
                0x100079e4       0x9c zephyr/drivers/usb/udc/libdrivers__usb__udc.a(udc_rpi_pico.c.obj)
 .text.udc_rpi_pico_ep_enable
                0x10007a80       0x92 zephyr/drivers/usb/udc/libdrivers__usb__udc.a(udc_rpi_pico.c.obj)
 .text.rpi_pico_ep_cancel
                0x10007b12       0x7a zephyr/drivers/usb/udc/libdrivers__usb__udc.a(udc_rpi_pico.c.obj)
 .text.udc_rpi_pico_ep_set_halt
                0x10007b8c       0x82 zephyr/drivers/usb/udc/libdrivers__usb__udc.a(udc_rpi_pico.c.obj)
 .text.udc_rpi_pico_ep_dequeue
                0x10007c0e       0x2e zephyr/drivers/usb/udc/libdrivers__usb__udc.a(udc_rpi_pico.c.obj)
 .text.rpi_pico_prep_tx
                0x10007c3c       0xb6 zephyr/drivers/usb/udc/libdrivers__usb__udc.a(udc_rpi_pico.c.obj)
 .text.rpi_pico_handle_xfer_next
                0x10007cf2       0x58 zephyr/drivers/usb/udc/libdrivers__usb__udc.a(udc_rpi_pico.c.obj)
 .text.udc_rpi_pico_ep_clear_halt
                0x10007d4a       0xd2 zephyr/drivers/usb/udc/libdrivers__usb__udc.a(udc_rpi_pico.c.obj)
 .text.udc_rpi_pico_ep_disable
                0x10007e1c       0x62 zephyr/drivers/usb/udc/libdrivers__usb__udc.a(udc_rpi_pico.c.obj)
 .text.udc_rpi_pico_thread_0
                0x10007e7e      0x14c zephyr/drivers/usb/udc/libdrivers__usb__udc.a(udc_rpi_pico.c.obj)
 .text.udc_rpi_pico_ep_enqueue
                0x10007fca       0x40 zephyr/drivers/usb/udc/libdrivers__usb__udc.a(udc_rpi_pico.c.obj)
 .text.usb_pool_data_unref
                0x1000800a       0x18 zephyr/drivers/usb/common/buf/libdrivers__usb__common__buf.a(usb_buf.c.obj)
 .text.usb_pool_data_alloc
                0x10008022       0x2e zephyr/drivers/usb/common/buf/libdrivers__usb__common__buf.a(usb_buf.c.obj)
 .text.clock_control_rpi_pico_on
                0x10008050       0x3c zephyr/drivers/clock_control/libdrivers__clock_control.a(clock_control_rpi_pico.c.obj)
 .text.clock_control_rpi_pico_off
                0x1000808c       0x3c zephyr/drivers/clock_control/libdrivers__clock_control.a(clock_control_rpi_pico.c.obj)
 .text.rpi_pico_is_clock_enabled.isra.0
                0x100080c8       0x50 zephyr/drivers/clock_control/libdrivers__clock_control.a(clock_control_rpi_pico.c.obj)
 .text.clock_control_rpi_pico_get_status
                0x10008118       0x18 zephyr/drivers/clock_control/libdrivers__clock_control.a(clock_control_rpi_pico.c.obj)
 .text.clock_control_rpi_pico_get_rate
                0x10008130       0x1e zephyr/drivers/clock_control/libdrivers__clock_control.a(clock_control_rpi_pico.c.obj)
 .text.rpi_pico_clkid_tuple_reorder_by_dependencies
                0x1000814e       0x4c zephyr/drivers/clock_control/libdrivers__clock_control.a(clock_control_rpi_pico.c.obj)
                0x1000814e                rpi_pico_clkid_tuple_reorder_by_dependencies
 .text.gpio_rpi_port_get_raw
                0x1000819a        0xa zephyr/drivers/gpio/libdrivers__gpio.a(gpio_rpi_pico.c.obj)
 .text.gpio_rpi_port_set_bits_raw
                0x100081a4       0x24 zephyr/drivers/gpio/libdrivers__gpio.a(gpio_rpi_pico.c.obj)
 .text.gpio_rpi_port_clear_bits_raw
                0x100081c8       0x24 zephyr/drivers/gpio/libdrivers__gpio.a(gpio_rpi_pico.c.obj)
 .text.gpio_rpi_port_toggle_bits
                0x100081ec       0x16 zephyr/drivers/gpio/libdrivers__gpio.a(gpio_rpi_pico.c.obj)
 .text.gpio_rpi_manage_callback
                0x10008202       0x54 zephyr/drivers/gpio/libdrivers__gpio.a(gpio_rpi_pico.c.obj)
 .text.gpio_rpi_bank_init
                0x10008256        0xe zephyr/drivers/gpio/libdrivers__gpio.a(gpio_rpi_pico.c.obj)
 .text.gpio_rpi_pin_interrupt_configure
                0x10008264       0x42 zephyr/drivers/gpio/libdrivers__gpio.a(gpio_rpi_pico.c.obj)
 .text.bank_0_config_func
                0x100082a6       0x16 zephyr/drivers/gpio/libdrivers__gpio.a(gpio_rpi_pico.c.obj)
 .text.gpio_rpi_port_set_masked_raw
                0x100082bc       0x40 zephyr/drivers/gpio/libdrivers__gpio.a(gpio_rpi_pico.c.obj)
 .text.z_impl_hwinfo_get_device_id
                0x100082fc       0x38 zephyr/drivers/hwinfo/libdrivers__hwinfo.a(hwinfo_rpi_pico.c.obj)
                0x100082fc                z_impl_hwinfo_get_device_id
 .text.pinctrl_lookup_state
                0x10008334       0x24 zephyr/drivers/pinctrl/libdrivers__pinctrl.a(common.c.obj)
                0x10008334                pinctrl_lookup_state
 .text.pinctrl_configure_pins
                0x10008358       0xc4 zephyr/drivers/pinctrl/libdrivers__pinctrl.a(pinctrl_rpi_pico.c.obj)
                0x10008358                pinctrl_configure_pins
 .text.pwr_on_raspberrypi_pico_uart
                0x1000841c        0x4 zephyr/drivers/serial/libdrivers__serial.a(uart_pl011.c.obj)
 .text.clk_enable_raspberrypi_pico_uart
                0x10008420        0x4 zephyr/drivers/serial/libdrivers__serial.a(uart_pl011.c.obj)
 .text.pl011_poll_in
                0x10008424       0x2a zephyr/drivers/serial/libdrivers__serial.a(uart_pl011.c.obj)
 .text.pl011_poll_out
                0x1000844e        0xe zephyr/drivers/serial/libdrivers__serial.a(uart_pl011.c.obj)
 .text.pl011_err_check
                0x1000845c       0x24 zephyr/drivers/serial/libdrivers__serial.a(uart_pl011.c.obj)
 .text.pl011_runtime_config_get
                0x10008480       0x10 zephyr/drivers/serial/libdrivers__serial.a(uart_pl011.c.obj)
 .text.pl011_fifo_fill
                0x10008490       0x1e zephyr/drivers/serial/libdrivers__serial.a(uart_pl011.c.obj)
 .text.pl011_fifo_read
                0x100084ae       0x1e zephyr/drivers/serial/libdrivers__serial.a(uart_pl011.c.obj)
 .text.pl011_irq_tx_enable
                0x100084cc       0x4a zephyr/drivers/serial/libdrivers__serial.a(uart_pl011.c.obj)
 .text.pl011_irq_tx_disable
                0x10008516       0x14 zephyr/drivers/serial/libdrivers__serial.a(uart_pl011.c.obj)
 .text.pl011_irq_tx_complete
                0x1000852a       0x10 zephyr/drivers/serial/libdrivers__serial.a(uart_pl011.c.obj)
 .text.pl011_irq_tx_ready
                0x1000853a       0x2c zephyr/drivers/serial/libdrivers__serial.a(uart_pl011.c.obj)
 .text.pl011_irq_rx_enable
                0x10008566        0xe zephyr/drivers/serial/libdrivers__serial.a(uart_pl011.c.obj)
 .text.pl011_irq_rx_disable
                0x10008574        0xe zephyr/drivers/serial/libdrivers__serial.a(uart_pl011.c.obj)
 .text.pl011_irq_rx_ready
                0x10008582       0x26 zephyr/drivers/serial/libdrivers__serial.a(uart_pl011.c.obj)
 .text.pl011_irq_err_enable
                0x100085a8        0xe zephyr/drivers/serial/libdrivers__serial.a(uart_pl011.c.obj)
 .text.pl011_irq_err_disable
                0x100085b6        0xe zephyr/drivers/serial/libdrivers__serial.a(uart_pl011.c.obj)
 .text.pl011_irq_is_pending
                0x100085c4       0x16 zephyr/drivers/serial/libdrivers__serial.a(uart_pl011.c.obj)
 .text.pl011_irq_update
                0x100085da        0x4 zephyr/drivers/serial/libdrivers__serial.a(uart_pl011.c.obj)
 .text.pl011_irq_callback_set
                0x100085de        0x8 zephyr/drivers/serial/libdrivers__serial.a(uart_pl011.c.obj)
 .text.pl011_isr
                0x100085e6       0x26 zephyr/drivers/serial/libdrivers__serial.a(uart_pl011.c.obj)
                0x100085e6                pl011_isr
 .text.pl011_irq_config_func_0
                0x1000860c       0x16 zephyr/drivers/serial/libdrivers__serial.a(uart_pl011.c.obj)
 .text.pl011_runtime_configure
                0x10008622        0x6 zephyr/drivers/serial/libdrivers__serial.a(uart_pl011.c.obj)
 .text.pl011_init
                0x10008628      0x112 zephyr/drivers/serial/libdrivers__serial.a(uart_pl011.c.obj)
 .text.clock_configure
                0x1000873a       0x52 modules/hal_rpi_pico/libmodules__hal_rpi_pico.a(clocks.c.obj)
                0x1000873a                clock_configure
 .text.tick_start
                0x1000878c       0x14 modules/hal_rpi_pico/libmodules__hal_rpi_pico.a(ticks.c.obj)
                0x1000878c                tick_start
 .text.gpio_set_irqover
                0x100087a0       0x1e modules/hal_rpi_pico/libmodules__hal_rpi_pico.a(gpio.c.obj)
                0x100087a0                gpio_set_irqover
 .text.gpio_set_inover
                0x100087be       0x1e modules/hal_rpi_pico/libmodules__hal_rpi_pico.a(gpio.c.obj)
                0x100087be                gpio_set_inover
 .text.gpio_set_outover
                0x100087dc       0x1e modules/hal_rpi_pico/libmodules__hal_rpi_pico.a(gpio.c.obj)
                0x100087dc                gpio_set_outover
 .text.gpio_set_oeover
                0x100087fa       0x1e modules/hal_rpi_pico/libmodules__hal_rpi_pico.a(gpio.c.obj)
                0x100087fa                gpio_set_oeover
 .text.gpio_init
                0x10008818       0x12 modules/hal_rpi_pico/libmodules__hal_rpi_pico.a(gpio.c.obj)
                0x10008818                gpio_init
 .text.flash_get_unique_id
                0x1000882a       0x3a modules/hal_rpi_pico/libmodules__hal_rpi_pico.a(flash.c.obj)
                0x1000882a                flash_get_unique_id
 .text.do_device_init
                0x10008864       0x30 zephyr/kernel/libkernel.a(device.c.obj)
                0x10008864                do_device_init
 .text.z_impl_device_is_ready
                0x10008894       0x16 zephyr/kernel/libkernel.a(device.c.obj)
                0x10008894                z_impl_device_is_ready
 .text.arch_system_halt
                0x100088aa       0x10 zephyr/kernel/libkernel.a(fatal.c.obj)
                0x100088aa                arch_system_halt
 .text.k_sys_fatal_error_handler
                0x100088ba        0x6 zephyr/kernel/libkernel.a(fatal.c.obj)
                0x100088ba                k_sys_fatal_error_handler
 .text.z_heap_alloc_helper
                0x100088c0       0x80 zephyr/kernel/libkernel.a(kheap.c.obj)
 .text.k_heap_init
                0x10008940        0xc zephyr/kernel/libkernel.a(kheap.c.obj)
                0x10008940                k_heap_init
 .text.k_heap_free
                0x1000894c       0x38 zephyr/kernel/libkernel.a(kheap.c.obj)
                0x1000894c                k_heap_free
 .text.create_free_list
                0x10008984       0x44 zephyr/kernel/libkernel.a(mem_slab.c.obj)
 .text.k_mem_slab_free
                0x100089c8       0x6e zephyr/kernel/libkernel.a(mem_slab.c.obj)
                0x100089c8                k_mem_slab_free
 .text.idle     0x10008a36       0x16 zephyr/kernel/libkernel.a(idle.c.obj)
                0x10008a36                idle
 .text.unpend_thread_no_timeout
                0x10008a4c       0x1a zephyr/kernel/libkernel.a(msg_q.c.obj)
 .text.z_impl_k_msgq_put
                0x10008a66        0xe zephyr/kernel/libkernel.a(msg_q.c.obj)
                0x10008a66                z_impl_k_msgq_put
 .text.adjust_owner_prio.isra.0
                0x10008a74       0x10 zephyr/kernel/libkernel.a(mutex.c.obj)
 .text.z_impl_k_mutex_init
                0x10008a84        0xe zephyr/kernel/libkernel.a(mutex.c.obj)
                0x10008a84                z_impl_k_mutex_init
 .text.unpend_thread_no_timeout
                0x10008a92       0x1a zephyr/kernel/libkernel.a(queue.c.obj)
 .text.queue_insert
                0x10008aac       0xcc zephyr/kernel/libkernel.a(queue.c.obj)
 .text.z_queue_node_peek
                0x10008b78       0x18 zephyr/kernel/libkernel.a(queue.c.obj)
                0x10008b78                z_queue_node_peek
 .text.z_impl_k_queue_init
                0x10008b90       0x10 zephyr/kernel/libkernel.a(queue.c.obj)
                0x10008b90                z_impl_k_queue_init
 .text.k_queue_append
                0x10008ba0       0x14 zephyr/kernel/libkernel.a(queue.c.obj)
                0x10008ba0                k_queue_append
 .text.k_queue_prepend
                0x10008bb4       0x12 zephyr/kernel/libkernel.a(queue.c.obj)
                0x10008bb4                k_queue_prepend
 .text.z_impl_k_queue_peek_head
                0x10008bc6        0x8 zephyr/kernel/libkernel.a(queue.c.obj)
                0x10008bc6                z_impl_k_queue_peek_head
 .text.notify_queue_locked.isra.0
                0x10008bce        0xe zephyr/kernel/libkernel.a(work.c.obj)
 .text.unschedule_locked
                0x10008bdc       0x22 zephyr/kernel/libkernel.a(work.c.obj)
 .text.work_timeout
                0x10008bfe       0x4c zephyr/kernel/libkernel.a(work.c.obj)
 .text.k_work_init
                0x10008c4a       0x10 zephyr/kernel/libkernel.a(work.c.obj)
                0x10008c4a                k_work_init
 .text.z_work_submit_to_queue
                0x10008c5a       0x26 zephyr/kernel/libkernel.a(work.c.obj)
                0x10008c5a                z_work_submit_to_queue
 .text.k_work_submit_to_queue
                0x10008c80       0x20 zephyr/kernel/libkernel.a(work.c.obj)
                0x10008c80                k_work_submit_to_queue
 .text.k_work_init_delayable
                0x10008ca0       0x16 zephyr/kernel/libkernel.a(work.c.obj)
                0x10008ca0                k_work_init_delayable
 .text.k_is_in_isr
                0x10008cb6        0xc zephyr/kernel/libkernel.a(thread.c.obj)
                0x10008cb6                k_is_in_isr
 .text.z_impl_k_thread_name_set
                0x10008cc2        0x6 zephyr/kernel/libkernel.a(thread.c.obj)
                0x10008cc2                z_impl_k_thread_name_set
 .text.sys_dlist_remove
                0x10008cc8       0x10 zephyr/kernel/libkernel.a(sched.c.obj)
 .text.unpend_thread_no_timeout
                0x10008cd8       0x14 zephyr/kernel/libkernel.a(sched.c.obj)
 .text.add_to_waitq_locked
                0x10008cec       0x4c zephyr/kernel/libkernel.a(sched.c.obj)
 .text.z_ready_thread
                0x10008d38       0x1e zephyr/kernel/libkernel.a(sched.c.obj)
                0x10008d38                z_ready_thread
 .text.z_sched_wake_thread_locked
                0x10008d56       0x28 zephyr/kernel/libkernel.a(sched.c.obj)
                0x10008d56                z_sched_wake_thread_locked
 .text.z_thread_timeout
                0x10008d7e       0x20 zephyr/kernel/libkernel.a(sched.c.obj)
                0x10008d7e                z_thread_timeout
 .text.z_reschedule
                0x10008d9e        0x6 zephyr/kernel/libkernel.a(sched.c.obj)
                0x10008d9e                z_reschedule
 .text.z_unpend_all_locked
                0x10008da4       0x2e zephyr/kernel/libkernel.a(sched.c.obj)
                0x10008da4                z_unpend_all_locked
 .text.z_unpend_all
                0x10008dd2       0x1e zephyr/kernel/libkernel.a(sched.c.obj)
                0x10008dd2                z_unpend_all
 .text.z_impl_k_sleep
                0x10008df0       0x32 zephyr/kernel/libkernel.a(sched.c.obj)
                0x10008df0                z_impl_k_sleep
 .text.z_impl_k_wakeup
                0x10008e22       0x40 zephyr/kernel/libkernel.a(sched.c.obj)
                0x10008e22                z_impl_k_wakeup
 .text.z_sched_wake
                0x10008e62       0x44 zephyr/kernel/libkernel.a(sched.c.obj)
                0x10008e62                z_sched_wake
 .text.z_sched_waitq_walk
                0x10008ea6       0x6c zephyr/kernel/libkernel.a(sched.c.obj)
                0x10008ea6                z_sched_waitq_walk
 .text.next_timeout
                0x10008f12       0x2c zephyr/kernel/libkernel.a(timeout.c.obj)
 .text.z_abort_timeout
                0x10008f3e       0x68 zephyr/kernel/libkernel.a(timeout.c.obj)
                0x10008f3e                z_abort_timeout
 .text.sys_clock_tick_get_32
                0x10008fa6        0x8 zephyr/kernel/libkernel.a(timeout.c.obj)
                0x10008fa6                sys_clock_tick_get_32
 .text.sys_timepoint_calc
                0x10008fae       0x4a zephyr/kernel/libkernel.a(timeout.c.obj)
                0x10008fae                sys_timepoint_calc
 .text.sys_timepoint_timeout
                0x10008ff8       0x40 zephyr/kernel/libkernel.a(timeout.c.obj)
                0x10008ff8                sys_timepoint_timeout
 .text.k_event_wait_internal
                0x10009038       0x86 zephyr/kernel/libkernel.a(events.c.obj)
 .text.event_walk_op
                0x100090be       0x3e zephyr/kernel/libkernel.a(events.c.obj)
 .text.z_impl_k_event_init
                0x100090fc        0xa zephyr/kernel/libkernel.a(events.c.obj)
                0x100090fc                z_impl_k_event_init
 .text.z_impl_k_event_post
                0x10009106        0x6 zephyr/kernel/libkernel.a(events.c.obj)
                0x10009106                z_impl_k_event_post
 .text.z_impl_k_event_clear
                0x1000910c        0x8 zephyr/kernel/libkernel.a(events.c.obj)
                0x1000910c                z_impl_k_event_clear
 .text.z_impl_k_event_wait
                0x10009114        0x6 zephyr/kernel/libkernel.a(events.c.obj)
                0x10009114                z_impl_k_event_wait
 .text.k_free   0x1000911a        0xe zephyr/kernel/libkernel.a(mempool.c.obj)
                0x1000911a                k_free
 .text.memcpy   0x10009128       0x1c /Users/yiwenxu/Projects/coursework/PESP/base-station/build/modules/picolibc/libc.a(memcpy.c.obj)
                0x10009128                memcpy
                0x10009128                __aeabi_memcpy
                0x10009128                __aeabi_memcpy4
                0x10009128                __aeabi_memcpy8
 .text.memset   0x10009144       0x10 /Users/yiwenxu/Projects/coursework/PESP/base-station/build/modules/picolibc/libc.a(memset.c.obj)
                0x10009144                memset
 .text.strnlen  0x10009154       0x18 /Users/yiwenxu/Projects/coursework/PESP/base-station/build/modules/picolibc/libc.a(strnlen.c.obj)
                0x10009154                strnlen
 .text.__ultoa_invert
                0x1000916c       0xc0 /Users/yiwenxu/Projects/coursework/PESP/base-station/build/modules/picolibc/libc.a(vflprintf.c.obj)
 *fill*         0x1000922c        0x4 
 .text.__ultoa_invert.__stub
                0x10009230        0x8 linker stubs
 *(SORT_BY_ALIGNMENT(.gnu.linkonce.t.*))
 *(SORT_BY_ALIGNMENT(.glue_7t))
 .glue_7t       0x10009238        0x0 linker stubs
 *(SORT_BY_ALIGNMENT(.glue_7))
 .glue_7        0x10009238        0x0 linker stubs
 *(SORT_BY_ALIGNMENT(.vfp11_veneer))
 .vfp11_veneer  0x10009238        0x0 linker stubs
 *(SORT_BY_ALIGNMENT(.v4_bx))
 .v4_bx         0x10009238        0x0 linker stubs
                0x10009238                        . = ALIGN (0x4)
                0x10009238                        __text_region_end = .

.ARM.exidx      0x10009238        0x8
                0x10009238                        __exidx_start = .
 *(SORT_BY_ALIGNMENT(.ARM.exidx*) SORT_BY_ALIGNMENT(gnu.linkonce.armexidx.*))
 .ARM.exidx.text.__udivmoddi4
                0x10009238        0x8 /Applications/ArmGNUToolchain/15.2.rel1/arm-none-eabi/bin/../lib/gcc/arm-none-eabi/15.2.1/thumb/v8-m.main/nofp/libgcc.a(_udivmoddi4.o)
                0x10009240                        __exidx_end = .
                0x10009240                        __rodata_region_start = .

initlevel       0x10009240       0x70
                0x10009240                        __init_start = .
                0x10009240                        __init_EARLY_start = .
 *(SORT_BY_NAME(SORT_BY_ALIGNMENT(.z_init_EARLY_P_?_*)))
 *(SORT_BY_NAME(SORT_BY_ALIGNMENT(.z_init_EARLY_P_??_*)))
 *(SORT_BY_NAME(SORT_BY_ALIGNMENT(.z_init_EARLY_P_???_*)))
                0x10009240                        __init_PRE_KERNEL_1_start = .
 *(SORT_BY_NAME(SORT_BY_ALIGNMENT(.z_init_PRE_KERNEL_1_P_?_*)))
 *(SORT_BY_NAME(SORT_BY_ALIGNMENT(.z_init_PRE_KERNEL_1_P_??_*)))
 .z_init_PRE_KERNEL_1_P_30_SUB_00025_
                0x10009240        0x8 zephyr/drivers/clock_control/libdrivers__clock_control.a(clock_control_rpi_pico.c.obj)
 .z_init_PRE_KERNEL_1_P_30_SUB_0_
                0x10009248        0x8 zephyr/kernel/libkernel.a(kheap.c.obj)
 .z_init_PRE_KERNEL_1_P_30_SUB_0_
                0x10009250        0x8 zephyr/kernel/libkernel.a(mem_slab.c.obj)
 .z_init_PRE_KERNEL_1_P_35_SUB_00027_
                0x10009258        0x8 zephyr/drivers/reset/libdrivers__reset.a(reset_rpi_pico.c.obj)
 .z_init_PRE_KERNEL_1_P_50_SUB_00070_
                0x10009260        0x8 zephyr/drivers/serial/libdrivers__serial.a(uart_pl011.c.obj)
 .z_init_PRE_KERNEL_1_P_50_SUB_00078_
                0x10009268        0x8 zephyr/subsys/usb/device_next/libsubsys__usb__device_next.a(usbd_cdc_acm.c.obj)
 .z_init_PRE_KERNEL_1_P_60_SUB_0_
                0x10009270        0x8 zephyr/drivers/console/libdrivers__console.a(uart_console.c.obj)
 *(SORT_BY_NAME(SORT_BY_ALIGNMENT(.z_init_PRE_KERNEL_1_P_???_*)))
                0x10009278                        __init_PRE_KERNEL_2_start = .
 *(SORT_BY_NAME(SORT_BY_ALIGNMENT(.z_init_PRE_KERNEL_2_P_?_*)))
 .z_init_PRE_KERNEL_2_P_0_SUB_0_
                0x10009278        0x8 zephyr/drivers/timer/libdrivers__timer.a(cortex_m_systick.c.obj)
 *(SORT_BY_NAME(SORT_BY_ALIGNMENT(.z_init_PRE_KERNEL_2_P_??_*)))
 *(SORT_BY_NAME(SORT_BY_ALIGNMENT(.z_init_PRE_KERNEL_2_P_???_*)))
                0x10009280                        __init_POST_KERNEL_start = .
 *(SORT_BY_NAME(SORT_BY_ALIGNMENT(.z_init_POST_KERNEL_P_?_*)))
 *(SORT_BY_NAME(SORT_BY_ALIGNMENT(.z_init_POST_KERNEL_P_??_*)))
 .z_init_POST_KERNEL_P_35_SUB_0_
                0x10009280        0x8 zephyr/lib/libc/common/liblib__libc__common.a(malloc.c.obj)
 .z_init_POST_KERNEL_P_40_SUB_00037_
                0x10009288        0x8 zephyr/drivers/gpio/libdrivers__gpio.a(gpio_rpi_pico.c.obj)
 .z_init_POST_KERNEL_P_40_SUB_0_
                0x10009290        0x8 zephyr/kernel/libkernel.a(system_work_q.c.obj)
 .z_init_POST_KERNEL_P_50_SUB_00077_
                0x10009298        0x8 zephyr/drivers/usb/udc/libdrivers__usb__udc.a(udc_rpi_pico.c.obj)
 .z_init_POST_KERNEL_P_90_SUB_0_
                0x100092a0        0x8 zephyr/subsys/usb/device_next/libsubsys__usb__device_next.a(usbd_core.c.obj)
 *(SORT_BY_NAME(SORT_BY_ALIGNMENT(.z_init_POST_KERNEL_P_???_*)))
                0x100092a8                        __init_APPLICATION_start = .
 *(SORT_BY_NAME(SORT_BY_ALIGNMENT(.z_init_APPLICATION_P_?_*)))
 *(SORT_BY_NAME(SORT_BY_ALIGNMENT(.z_init_APPLICATION_P_??_*)))
 .z_init_APPLICATION_P_90_SUB_0_
                0x100092a8        0x8 zephyr/libzephyr.a(cdc_acm_serial.c.obj)
 *(SORT_BY_NAME(SORT_BY_ALIGNMENT(.z_init_APPLICATION_P_???_*)))
                0x100092b0                        __init_SMP_start = .
 *(SORT_BY_NAME(SORT_BY_ALIGNMENT(.z_init_SMP_P_?_*)))
 *(SORT_BY_NAME(SORT_BY_ALIGNMENT(.z_init_SMP_P_??_*)))
 *(SORT_BY_NAME(SORT_BY_ALIGNMENT(.z_init_SMP_P_???_*)))
                0x100092b0                        __init_end = .

device_area     0x100092b0       0xa8
                0x100092b0                        _device_list_start = .
 *(SORT_BY_NAME(SORT_BY_ALIGNMENT(._device.static.*_?_*)))
 *(SORT_BY_NAME(SORT_BY_ALIGNMENT(._device.static.*_??_*)))
 ._device.static.1_30_
                0x100092b0       0x1c zephyr/drivers/clock_control/libdrivers__clock_control.a(clock_control_rpi_pico.c.obj)
                0x100092b0                __device_dts_ord_25
 ._device.static.1_35_
                0x100092cc       0x1c zephyr/drivers/reset/libdrivers__reset.a(reset_rpi_pico.c.obj)
                0x100092cc                __device_dts_ord_27
 ._device.static.1_50_
                0x100092e8       0x1c zephyr/subsys/usb/device_next/libsubsys__usb__device_next.a(usbd_cdc_acm.c.obj)
                0x100092e8                __device_dts_ord_78
 ._device.static.1_50_
                0x10009304       0x1c zephyr/drivers/serial/libdrivers__serial.a(uart_pl011.c.obj)
                0x10009304                __device_dts_ord_70
 ._device.static.3_40_
                0x10009320       0x1c zephyr/drivers/gpio/libdrivers__gpio.a(gpio_rpi_pico.c.obj)
                0x10009320                __device_dts_ord_37
 ._device.static.3_50_
                0x1000933c       0x1c zephyr/drivers/usb/udc/libdrivers__usb__udc.a(udc_rpi_pico.c.obj)
                0x1000933c                __device_dts_ord_77
 *(SORT_BY_NAME(SORT_BY_ALIGNMENT(._device.static.*_???_*)))
 *(SORT_BY_NAME(SORT_BY_ALIGNMENT(._device.static.*_????_*)))
 *(SORT_BY_NAME(SORT_BY_ALIGNMENT(._device.static.*_?????_*)))
                0x10009358                        _device_list_end = .

sw_isr_table    0x10009358      0x1a0
                0x10009358                        . = ALIGN (0x4)
 *(SORT_BY_ALIGNMENT(.gnu.linkonce.sw_isr_table*))
 .gnu.linkonce.sw_isr_table
                0x10009358      0x1a0 zephyr/arch/common/libisr_tables.a(isr_tables.c.obj)
                0x10009358                _sw_isr_table

initlevel_error
 *(SORT_BY_NAME(SORT_BY_ALIGNMENT(.z_init_*)))
                0x00000001                        ASSERT ((SIZEOF (initlevel_error) == 0x0), Undefined initialization levels used.)

app_shmem_regions
                0x100094f8        0x0
                0x100094f8                        __app_shmem_regions_start = .
 *(SORT_BY_NAME(SORT_BY_ALIGNMENT(.app_regions.*)))
                0x100094f8                        __app_shmem_regions_end = .

k_p4wq_initparam_area
                0x100094f8        0x0
                0x100094f8                        _k_p4wq_initparam_list_start = .
 *(SORT_BY_NAME(SORT_BY_ALIGNMENT(._k_p4wq_initparam.static.*)))
                0x100094f8                        _k_p4wq_initparam_list_end = .

_static_thread_data_area
                0x100094f8        0x0
                0x100094f8                        __static_thread_data_list_start = .
 *(SORT_BY_NAME(SORT_BY_ALIGNMENT(.__static_thread_data.static.*)))
                0x100094f8                        __static_thread_data_list_end = .

device_deps     0x100094f8        0x0
                0x100094f8                        __device_deps_start = .
 *(SORT_BY_NAME(SORT_BY_ALIGNMENT(.__device_deps_pass2*)))
                0x100094f8                        __device_deps_end = .

gpio_driver_api_area
                0x100094f8       0x24
                0x100094f8                        _gpio_driver_api_list_start = .
 *(SORT_BY_NAME(SORT_BY_ALIGNMENT(._gpio_driver_api.static.*)))
 ._gpio_driver_api.static.gpio_rpi_driver_api_
                0x100094f8       0x24 zephyr/drivers/gpio/libdrivers__gpio.a(gpio_rpi_pico.c.obj)
                0x1000951c                        _gpio_driver_api_list_end = .

reset_driver_api_area
                0x1000951c       0x10
                0x1000951c                        _reset_driver_api_list_start = .
 *(SORT_BY_NAME(SORT_BY_ALIGNMENT(._reset_driver_api.static.*)))
 ._reset_driver_api.static.reset_rpi_driver_api_
                0x1000951c       0x10 zephyr/drivers/reset/libdrivers__reset.a(reset_rpi_pico.c.obj)
                0x1000952c                        _reset_driver_api_list_end = .

shared_irq_driver_api_area
                0x1000952c        0x0
                0x1000952c                        _shared_irq_driver_api_list_start = .
 *(SORT_BY_NAME(SORT_BY_ALIGNMENT(._shared_irq_driver_api.static.*)))
                0x1000952c                        _shared_irq_driver_api_list_end = .

crypto_driver_api_area
                0x1000952c        0x0
                0x1000952c                        _crypto_driver_api_list_start = .
 *(SORT_BY_NAME(SORT_BY_ALIGNMENT(._crypto_driver_api.static.*)))
                0x1000952c                        _crypto_driver_api_list_end = .

adc_driver_api_area
                0x1000952c        0x0
                0x1000952c                        _adc_driver_api_list_start = .
 *(SORT_BY_NAME(SORT_BY_ALIGNMENT(._adc_driver_api.static.*)))
                0x1000952c                        _adc_driver_api_list_end = .

auxdisplay_driver_api_area
                0x1000952c        0x0
                0x1000952c                        _auxdisplay_driver_api_list_start = .
 *(SORT_BY_NAME(SORT_BY_ALIGNMENT(._auxdisplay_driver_api.static.*)))
                0x1000952c                        _auxdisplay_driver_api_list_end = .

bbram_driver_api_area
                0x1000952c        0x0
                0x1000952c                        _bbram_driver_api_list_start = .
 *(SORT_BY_NAME(SORT_BY_ALIGNMENT(._bbram_driver_api.static.*)))
                0x1000952c                        _bbram_driver_api_list_end = .

biometric_driver_api_area
                0x1000952c        0x0
                0x1000952c                        _biometric_driver_api_list_start = .
 *(SORT_BY_NAME(SORT_BY_ALIGNMENT(._biometric_driver_api.static.*)))
                0x1000952c                        _biometric_driver_api_list_end = .

bt_hci_driver_api_area
                0x1000952c        0x0
                0x1000952c                        _bt_hci_driver_api_list_start = .
 *(SORT_BY_NAME(SORT_BY_ALIGNMENT(._bt_hci_driver_api.static.*)))
                0x1000952c                        _bt_hci_driver_api_list_end = .

can_driver_api_area
                0x1000952c        0x0
                0x1000952c                        _can_driver_api_list_start = .
 *(SORT_BY_NAME(SORT_BY_ALIGNMENT(._can_driver_api.static.*)))
                0x1000952c                        _can_driver_api_list_end = .

cellular_driver_api_area
                0x1000952c        0x0
                0x1000952c                        _cellular_driver_api_list_start = .
 *(SORT_BY_NAME(SORT_BY_ALIGNMENT(._cellular_driver_api.static.*)))
                0x1000952c                        _cellular_driver_api_list_end = .

charger_driver_api_area
                0x1000952c        0x0
                0x1000952c                        _charger_driver_api_list_start = .
 *(SORT_BY_NAME(SORT_BY_ALIGNMENT(._charger_driver_api.static.*)))
                0x1000952c                        _charger_driver_api_list_end = .

clock_control_driver_api_area
                0x1000952c       0x1c
                0x1000952c                        _clock_control_driver_api_list_start = .
 *(SORT_BY_NAME(SORT_BY_ALIGNMENT(._clock_control_driver_api.static.*)))
 ._clock_control_driver_api.static.clock_control_rpi_pico_api_
                0x1000952c       0x1c zephyr/drivers/clock_control/libdrivers__clock_control.a(clock_control_rpi_pico.c.obj)
                0x10009548                        _clock_control_driver_api_list_end = .

comparator_driver_api_area
                0x10009548        0x0
                0x10009548                        _comparator_driver_api_list_start = .
 *(SORT_BY_NAME(SORT_BY_ALIGNMENT(._comparator_driver_api.static.*)))
                0x10009548                        _comparator_driver_api_list_end = .

coredump_driver_api_area
                0x10009548        0x0
                0x10009548                        _coredump_driver_api_list_start = .
 *(SORT_BY_NAME(SORT_BY_ALIGNMENT(._coredump_driver_api.static.*)))
                0x10009548                        _coredump_driver_api_list_end = .

counter_driver_api_area
                0x10009548        0x0
                0x10009548                        _counter_driver_api_list_start = .
 *(SORT_BY_NAME(SORT_BY_ALIGNMENT(._counter_driver_api.static.*)))
                0x10009548                        _counter_driver_api_list_end = .

crc_driver_api_area
                0x10009548        0x0
                0x10009548                        _crc_driver_api_list_start = .
 *(SORT_BY_NAME(SORT_BY_ALIGNMENT(._crc_driver_api.static.*)))
                0x10009548                        _crc_driver_api_list_end = .

dac_driver_api_area
                0x10009548        0x0
                0x10009548                        _dac_driver_api_list_start = .
 *(SORT_BY_NAME(SORT_BY_ALIGNMENT(._dac_driver_api.static.*)))
                0x10009548                        _dac_driver_api_list_end = .

dai_driver_api_area
                0x10009548        0x0
                0x10009548                        _dai_driver_api_list_start = .
 *(SORT_BY_NAME(SORT_BY_ALIGNMENT(._dai_driver_api.static.*)))
                0x10009548                        _dai_driver_api_list_end = .

display_driver_api_area
                0x10009548        0x0
                0x10009548                        _display_driver_api_list_start = .
 *(SORT_BY_NAME(SORT_BY_ALIGNMENT(._display_driver_api.static.*)))
                0x10009548                        _display_driver_api_list_end = .

dma_driver_api_area