Archive member included to satisfy reference by file (symbol)

app/libapp.a(main.c.obj)      (--whole-archive)
app/libapp.a(sensor_node_driver.c.obj)
                              (--whole-archive)
zephyr/libzephyr.a(validate_libc.c.obj)
                              (--whole-archive)
zephyr/libzephyr.a(heap.c.obj)
                              (--whole-archive)
zephyr/libzephyr.a(cbprintf_packaged.c.obj)
                              (--whole-archive)
zephyr/libzephyr.a(clock.c.obj)
                              (--whole-archive)
zephyr/libzephyr.a(printk.c.obj)
                              (--whole-archive)
zephyr/libzephyr.a(sem.c.obj)
                              (--whole-archive)
zephyr/libzephyr.a(thread_entry.c.obj)
                              (--whole-archive)
zephyr/libzephyr.a(cbprintf_complete.c.obj)
                              (--whole-archive)
zephyr/libzephyr.a(dec.c.obj)
                              (--whole-archive)
zephyr/libzephyr.a(hex.c.obj)
                              (--whole-archive)
zephyr/libzephyr.a(rb.c.obj)  (--whole-archive)
zephyr/libzephyr.a(set.c.obj)
                              (--whole-archive)
zephyr/libzephyr.a(timeutil.c.obj)
                              (--whole-archive)
zephyr/libzephyr.a(bitarray.c.obj)
                              (--whole-archive)
zephyr/libzephyr.a(bitmask.c.obj)
                              (--whole-archive)
zephyr/libzephyr.a(getopt.c.obj)
                              (--whole-archive)
zephyr/libzephyr.a(getopt_common.c.obj)
                              (--whole-archive)
zephyr/libzephyr.a(ring_buffer.c.obj)
                              (--whole-archive)
zephyr/libzephyr.a(last_section_id.c.obj)
                              (--whole-archive)
zephyr/libzephyr.a(configs.c.obj)
                              (--whole-archive)
zephyr/libzephyr.a(soc.c.obj)
                              (--whole-archive)
zephyr/libzephyr.a(tracing_none.c.obj)
                              (--whole-archive)
zephyr/arch/common/libarch__common.a(sw_isr_common.c.obj)
                              (--whole-archive)
zephyr/arch/common/libarch__common.a(init.c.obj)
                              (--whole-archive)
zephyr/arch/common/libarch__common.a(xip.c.obj)
                              (--whole-archive)
zephyr/arch/arch/arm/core/libarch__arm__core.a(fatal.c.obj)
                              (--whole-archive)
zephyr/arch/arch/arm/core/libarch__arm__core.a(nmi.c.obj)
                              (--whole-archive)
zephyr/arch/arch/arm/core/libarch__arm__core.a(nmi_on_reset.S.obj)
                              (--whole-archive)
zephyr/arch/arch/arm/core/cortex_m/libarch__arm__core__cortex_m.a(fault.c.obj)
                              (--whole-archive)
zephyr/arch/arch/arm/core/cortex_m/libarch__arm__core__cortex_m.a(fault_s.S.obj)
                              (--whole-archive)
zephyr/arch/arch/arm/core/cortex_m/libarch__arm__core__cortex_m.a(fpu.c.obj)
                              (--whole-archive)
zephyr/arch/arch/arm/core/cortex_m/libarch__arm__core__cortex_m.a(reset.S.obj)
                              (--whole-archive)
zephyr/arch/arch/arm/core/cortex_m/libarch__arm__core__cortex_m.a(scb.c.obj)
                              (--whole-archive)
zephyr/arch/arch/arm/core/cortex_m/libarch__arm__core__cortex_m.a(vector_table.S.obj)
                              (--whole-archive)
zephyr/arch/arch/arm/core/cortex_m/libarch__arm__core__cortex_m.a(svc.S.obj)
                              (--whole-archive)
zephyr/arch/arch/arm/core/cortex_m/libarch__arm__core__cortex_m.a(irq_manage.c.obj)
                              (--whole-archive)
zephyr/arch/arch/arm/core/cortex_m/libarch__arm__core__cortex_m.a(prep_c.c.obj)
                              (--whole-archive)
zephyr/arch/arch/arm/core/cortex_m/libarch__arm__core__cortex_m.a(thread.c.obj)
                              (--whole-archive)
zephyr/arch/arch/arm/core/cortex_m/libarch__arm__core__cortex_m.a(cpu_idle.c.obj)
                              (--whole-archive)
zephyr/arch/arch/arm/core/cortex_m/libarch__arm__core__cortex_m.a(exc_exit.c.obj)
                              (--whole-archive)
zephyr/arch/arch/arm/core/cortex_m/libarch__arm__core__cortex_m.a(thread_abort.c.obj)
                              (--whole-archive)
zephyr/arch/arch/arm/core/cortex_m/libarch__arm__core__cortex_m.a(swap_helper.S.obj)
                              (--whole-archive)
zephyr/arch/arch/arm/core/cortex_m/libarch__arm__core__cortex_m.a(irq_init.c.obj)
                              (--whole-archive)
zephyr/arch/arch/arm/core/cortex_m/libarch__arm__core__cortex_m.a(isr_wrapper.c.obj)
                              (--whole-archive)
zephyr/arch/arch/arm/core/cortex_m/cmse/libarch__arm__core__cortex_m__cmse.a(arm_core_cmse.c.obj)
                              (--whole-archive)
zephyr/lib/libc/picolibc/liblib__libc__picolibc.a(assert.c.obj)
                              (--whole-archive)
[...]
Memory Configuration

Name             Origin             Length             Attributes
FLASH            0x10000000         0x00400000         xr
RAM              0x20000000         0x00082000         xw
IDT_LIST         0xffff7fff         0x00008000         xw
*default*        0x00000000         0xffffffff

Linker script and memory map

LOAD zephyr/CMakeFiles/zephyr_final.dir/misc/empty_file.c.obj
LOAD zephyr/CMakeFiles/zephyr_final.dir/isr_tables.c.obj
LOAD zephyr/CMakeFiles/offsets.dir/./arch/arm/core/offsets/offsets.c.obj
LOAD app/libapp.a
LOAD zephyr/libzephyr.a
LOAD zephyr/arch/common/libarch__common.a
LOAD zephyr/arch/arch/arm/core/libarch__arm__core.a
LOAD zephyr/arch/arch/arm/core/cortex_m/libarch__arm__core__cortex_m.a
LOAD zephyr/arch/arch/arm/core/cortex_m/cmse/libarch__arm__core__cortex_m__cmse.a
LOAD zephyr/lib/libc/picolibc/liblib__libc__picolibc.a
LOAD zephyr/lib/libc/common/liblib__libc__common.a
LOAD zephyr/lib/posix/c_lib_ext/liblib__posix__c_lib_ext.a
LOAD zephyr/soc/soc/rp2350a/rp2350/libsoc__raspberrypi__rpi_pico__rp2350.a
LOAD zephyr/drivers/clock_control/libdrivers__clock_control.a
LOAD zephyr/drivers/gpio/libdrivers__gpio.a
LOAD zephyr/drivers/pinctrl/libdrivers__pinctrl.a
LOAD zephyr/drivers/reset/libdrivers__reset.a
LOAD zephyr/drivers/serial/libdrivers__serial.a
LOAD zephyr/drivers/timer/libdrivers__timer.a
LOAD modules/hal_rpi_pico/libmodules__hal_rpi_pico.a
LOAD zephyr/kernel/libkernel.a
LOAD zephyr/arch/common/libisr_tables.a
LOAD /Users/yiwenxu/Projects/coursework/PESP/base-station/build/modules/picolibc/libc.a
LOAD /Applications/ArmGNUToolchain/15.2.rel1/arm-none-eabi/bin/../lib/gcc/arm-none-eabi/15.2.1/thumb/v8-m.main/nofp/libgcc.a
                0x00000004                        _region_min_align = 0x4

.rel.plt        0x10000000        0x0
 *(SORT_BY_ALIGNMENT(.rel.plt))
                [!provide]                        PROVIDE (__rel_iplt_start = .)
 *(SORT_BY_ALIGNMENT(.rel.iplt))
 .rel.iplt      0x10000000        0x0 zephyr/CMakeFiles/zephyr_final.dir/isr_tables.c.obj
                [!provide]                        PROVIDE (__rel_iplt_end = .)

.rela.plt       0x00000000        0x0
 *(SORT_BY_ALIGNMENT(.rela.plt))
                [!provide]                        PROVIDE (__rela_iplt_start = .)
 *(SORT_BY_ALIGNMENT(.rela.iplt))
                [!provide]                        PROVIDE (__rela_iplt_end = .)

.rel.dyn
 *(SORT_BY_ALIGNMENT(.rel.*))

.rela.dyn
 *(SORT_BY_ALIGNMENT(.rela.*))

/DISCARD/
 *(SORT_BY_ALIGNMENT(.plt))

/DISCARD/
 *(SORT_BY_ALIGNMENT(.iplt))
                0x10000000                        __rom_region_start = 0x10000000

rom_start       0x10000000      0x12c
                0x10000000                        __rom_start_address = .
 FILL mask 0x00
                0x10000000                        . = (. + (0x0 - (. - __rom_start_address)))
                0x10000000                        . = ALIGN (0x4)
                0x10000000                        . = ALIGN (0x80)
                0x10000000                        . = ALIGN (0x200)
                0x10000000                        _vector_start = .
 *(SORT_BY_ALIGNMENT(.exc_vector_table))
 *(SORT_BY_ALIGNMENT(.exc_vector_table.*))
 .exc_vector_table._vector_table_section
                0x10000000       0x40 zephyr/arch/arch/arm/core/cortex_m/libarch__arm__core__cortex_m.a(vector_table.S.obj)
                0x10000000                _vector_table
 *(SORT_BY_ALIGNMENT(.vectors))
                0x10000110                        _vector_end = .
                0x10000040                        . = ALIGN (0x4)
 *(SORT_BY_ALIGNMENT(.gnu.linkonce.irq_vector_table*))
 .gnu.linkonce.irq_vector_table
                0x10000040       0xd0 zephyr/CMakeFiles/zephyr_final.dir/isr_tables.c.obj
                0x10000040                _irq_vector_table
                0x10000110                        _vector_end = .
                0x10000110        0x4 LONG 0xffffded3
                0x10000114        0x2 SHORT 0x142
                0x10000116        0x2 SHORT 0x1021
                0x10000118        0x4 LONG 0x203
                0x1000011c        0x4 LONG 0x10000000 ABSOLUTE (_vector_start)
                0x10000120        0x2 SHORT 0x3ff
                0x10000122        0x2 SHORT 0x0
                0x10000124        0x4 LONG 0x0
                0x10000128        0x4 LONG 0xab123579

text            0x1000012c     0x4598
                0x1000012c                        __text_region_start = .
 *(SORT_BY_ALIGNMENT(.text))
 .text          0x1000012c      0x21c /Applications/ArmGNUToolchain/15.2.rel1/arm-none-eabi/bin/../lib/gcc/arm-none-eabi/15.2.1/thumb/v8-m.main/nofp/libgcc.a(_arm_addsubsf3.o)
                0x1000012c                __aeabi_frsub
                0x10000134                __aeabi_fsub
                0x10000134                __subsf3
                0x10000138                __aeabi_fadd
                0x10000138                __addsf3
                0x10000298                __aeabi_ui2f
                0x10000298                __floatunsisf
                0x100002a0                __floatsisf
                0x100002a0                __aeabi_i2f
                0x100002bc                __aeabi_ul2f
                0x100002bc                __floatundisf
                0x100002cc                __aeabi_l2f
                0x100002cc                __floatdisf
 .text          0x10000348      0x2a0 /Applications/ArmGNUToolchain/15.2.rel1/arm-none-eabi/bin/../lib/gcc/arm-none-eabi/15.2.1/thumb/v8-m.main/nofp/libgcc.a(_arm_muldivsf3.o)
                0x10000348                __mulsf3
                0x10000348                __aeabi_fmul
                0x100004b0                __divsf3
                0x100004b0                __aeabi_fdiv
 .text          0x100005e8       0x4c /Applications/ArmGNUToolchain/15.2.rel1/arm-none-eabi/bin/../lib/gcc/arm-none-eabi/15.2.1/thumb/v8-m.main/nofp/libgcc.a(_arm_fixsfsi.o)
                0x100005e8                __fixsfsi
                0x100005e8                __aeabi_f2iz
 .text          0x10000634       0x30 /Applications/ArmGNUToolchain/15.2.rel1/arm-none-eabi/bin/../lib/gcc/arm-none-eabi/15.2.1/thumb/v8-m.main/nofp/libgcc.a(_aeabi_uldivmod.o)
                0x10000634                __aeabi_uldivmod
 .text          0x10000664        0x4 /Applications/ArmGNUToolchain/15.2.rel1/arm-none-eabi/bin/../lib/gcc/arm-none-eabi/15.2.1/thumb/v8-m.main/nofp/libgcc.a(_dvmd_tls.o)
                0x10000664                __aeabi_ldiv0
                0x10000664                __aeabi_idiv0
 .text          0x10000668       0x14 /Users/yiwenxu/Projects/coursework/PESP/base-station/build/modules/picolibc/libc.a(strcmp.S.obj)
                0x10000668                strcmp
 .text          0x1000067c       0x10 /Users/yiwenxu/Projects/coursework/PESP/base-station/build/modules/picolibc/libc.a(strlen.S.obj)
                0x1000067c                strlen
 *(SORT_BY_ALIGNMENT(.text.*))
 .text.service_for.constprop.0
                0x1000068c       0x28 app/libapp.a(main.c.obj)
 .text.configure_sensor_node.constprop.0
                0x100006b4       0x4c app/libapp.a(main.c.obj)
 .text.main     0x10000700       0x7c app/libapp.a(main.c.obj)
                0x10000700                main
 .text.sensor_event_isr
                0x1000077c        0xc app/libapp.a(sensor_node_driver.c.obj)
 .text.sensor_node_driver_reset_state
                0x10000788       0x20 app/libapp.a(sensor_node_driver.c.obj)
 .text.sensor_node_driver_ensure_initialized
                0x100007a8       0x10 app/libapp.a(sensor_node_driver.c.obj)
 .text.driver_log
                0x100007b8       0x40 app/libapp.a(sensor_node_driver.c.obj)
 .text.send_frame
                0x100007f8       0xc0 app/libapp.a(sensor_node_driver.c.obj)
 .text.sensor_node_driver_enable_interrupt_impl
                0x100008b8       0x30 app/libapp.a(sensor_node_driver.c.obj)
 .text.sensor_node_driver_set_sampling_interval_impl
                0x100008e8       0x30 app/libapp.a(sensor_node_driver.c.obj)
 .text.sensor_node_driver_set_force_threshold_impl
                0x10000918       0x2c app/libapp.a(sensor_node_driver.c.obj)
 .text.copy_field_value
                0x10000944       0x80 app/libapp.a(sensor_node_driver.c.obj)
 .text.parse_decimal_scaled_field
                0x100009c4       0xdc app/libapp.a(sensor_node_driver.c.obj)
 .text.sensor_node_driver_get_latest_reading_impl
                0x10000aa0       0x2c app/libapp.a(sensor_node_driver.c.obj)
 .text.sensor_node_driver_get_latest_event_impl
                0x10000acc       0x28 app/libapp.a(sensor_node_driver.c.obj)
 .text.sensor_node_driver_get_config_impl
                0x10000af4       0x28 app/libapp.a(sensor_node_driver.c.obj)
 .text.sensor_node_driver_request_all_impl
                0x10000b1c        0xc app/libapp.a(sensor_node_driver.c.obj)
 .text.sensor_node_driver_request_force_impl
                0x10000b28        0xc app/libapp.a(sensor_node_driver.c.obj)
 .text.sensor_node_driver_request_event_impl
                0x10000b34        0xc app/libapp.a(sensor_node_driver.c.obj)
 .text.sensor_node_driver_clear_event_impl
                0x10000b40        0xc app/libapp.a(sensor_node_driver.c.obj)
 .text.sensor_node_driver_read_config_impl
                0x10000b4c        0xc app/libapp.a(sensor_node_driver.c.obj)
 .text.handle_payload
                0x10000b58      0x3d0 app/libapp.a(sensor_node_driver.c.obj)
 .text.sensor_node_driver_process_impl
                0x10000f28      0x240 app/libapp.a(sensor_node_driver.c.obj)
 .text.sensor_node_driver_start_impl
                0x10001168      0x10c app/libapp.a(sensor_node_driver.c.obj)
 .text.sensor_node_driver_set_logging_enabled
                0x10001274       0x14 app/libapp.a(sensor_node_driver.c.obj)
                0x10001274                sensor_node_driver_set_logging_enabled
 .text.sensor_node_driver_set_log_sink
                0x10001288       0x18 app/libapp.a(sensor_node_driver.c.obj)
                0x10001288                sensor_node_driver_set_log_sink
 .text.sensor_node_driver_read_config
                0x100012a0        0xc app/libapp.a(sensor_node_driver.c.obj)
                0x100012a0                sensor_node_driver_read_config
 .text.arch_bss_zero
                0x100012ac       0x18 zephyr/arch/common/libarch__common.a(init.c.obj)
                0x100012ac                arch_bss_zero
 .text.arch_data_copy
                0x100012c4       0x38 zephyr/arch/common/libarch__common.a(xip.c.obj)
                0x100012c4                arch_data_copy
 .text.z_SysNmiOnReset
                0x100012fc        0x8 zephyr/arch/arch/arm/core/libarch__arm__core.a(nmi_on_reset.S.obj)
                0x100012fc                z_SysNmiOnReset
 .text.usage_fault.isra.0
                0x10001304       0x5c zephyr/arch/arch/arm/core/cortex_m/libarch__arm__core__cortex_m.a(fault.c.obj)
 .text.bus_fault.isra.0
                0x10001360       0x68 zephyr/arch/arch/arm/core/cortex_m/libarch__arm__core__cortex_m.a(fault.c.obj)
 .text.mem_manage_fault.isra.0
                0x100013c8       0x78 zephyr/arch/arch/arm/core/cortex_m/libarch__arm__core__cortex_m.a(fault.c.obj)
 .text.z_arm_fault
                0x10001440      0x124 zephyr/arch/arch/arm/core/cortex_m/libarch__arm__core__cortex_m.a(fault.c.obj)
                0x10001440                z_arm_fault
 .text.z_arm_fault_init
                0x10001564       0x18 zephyr/arch/arch/arm/core/cortex_m/libarch__arm__core__cortex_m.a(fault.c.obj)
                0x10001564                z_arm_fault_init
 .text.__fault  0x1000157c       0x14 zephyr/arch/arch/arm/core/cortex_m/libarch__arm__core__cortex_m.a(fault_s.S.obj)
                0x1000157c                z_arm_bus_fault
                0x1000157c                z_arm_usage_fault
                0x1000157c                z_arm_mpu_fault
                0x1000157c                z_arm_exc_spurious
                0x1000157c                z_arm_debug_monitor
                0x1000157c                z_arm_hard_fault
 .text._reset_section
                0x10001590       0x38 zephyr/arch/arch/arm/core/cortex_m/libarch__arm__core__cortex_m.a(reset.S.obj)
                0x10001590                z_arm_reset
                0x10001590                __start
 .text.z_arm_svc
                0x100015c8       0x24 zephyr/arch/arch/arm/core/cortex_m/libarch__arm__core__cortex_m.a(svc.S.obj)
                0x100015c8                z_arm_svc
 .text.arm_irq_enable
                0x100015ec       0x1c zephyr/arch/arch/arm/core/cortex_m/libarch__arm__core__cortex_m.a(irq_manage.c.obj)
                0x100015ec                arm_irq_enable
 .text.arm_irq_priority_set
                0x10001608       0x2c zephyr/arch/arch/arm/core/cortex_m/libarch__arm__core__cortex_m.a(irq_manage.c.obj)
                0x10001608                arm_irq_priority_set
 .text.relocate_vector_table
                0x10001634       0x1c zephyr/arch/arch/arm/core/cortex_m/libarch__arm__core__cortex_m.a(prep_c.c.obj)
                0x10001634                relocate_vector_table
 .text.z_prep_c
                0x10001650       0x38 zephyr/arch/arch/arm/core/cortex_m/libarch__arm__core__cortex_m.a(prep_c.c.obj)
                0x10001650                z_prep_c
 .text.arch_new_thread
                0x10001688       0x38 zephyr/arch/arch/arm/core/cortex_m/libarch__arm__core__cortex_m.a(thread.c.obj)
                0x10001688                arch_new_thread
 .text.arch_switch_to_main_thread
                0x100016c0       0x30 zephyr/arch/arch/arm/core/cortex_m/libarch__arm__core__cortex_m.a(thread.c.obj)
                0x100016c0                arch_switch_to_main_thread
 .text.z_arm_cpu_idle_init
                0x100016f0        0xc zephyr/arch/arch/arm/core/cortex_m/libarch__arm__core__cortex_m.a(cpu_idle.c.obj)
                0x100016f0                z_arm_cpu_idle_init
 .text._HandlerModeExit
                0x100016fc       0x20 zephyr/arch/arch/arm/core/cortex_m/libarch__arm__core__cortex_m.a(exc_exit.c.obj)
                0x100016fc                z_arm_exc_exit
                0x100016fc                z_arm_int_exit
 .text.z_impl_k_thread_abort
                0x1000171c       0x2c zephyr/arch/arch/arm/core/cortex_m/libarch__arm__core__cortex_m.a(thread_abort.c.obj)
                0x1000171c                z_impl_k_thread_abort
 .text.z_arm_pendsv
                0x10001748       0x48 zephyr/arch/arch/arm/core/cortex_m/libarch__arm__core__cortex_m.a(swap_helper.S.obj)
                0x10001748                z_arm_pendsv
 .text._isr_wrapper
                0x10001790       0x24 zephyr/arch/arch/arm/core/cortex_m/libarch__arm__core__cortex_m.a(isr_wrapper.c.obj)
                0x10001790                _isr_wrapper
 .text.malloc_prepare
                0x100017b4       0x24 zephyr/lib/libc/common/liblib__libc__common.a(malloc.c.obj)
 .text.rpi_pico_get_clock_src.isra.0
                0x100017d8       0x9c zephyr/drivers/clock_control/libdrivers__clock_control.a(clock_control_rpi_pico.c.obj)
 .text.rpi_pico_calc_clock_freq
                0x10001874      0x104 zephyr/drivers/clock_control/libdrivers__clock_control.a(clock_control_rpi_pico.c.obj)
 .text.rpi_pico_rosc_write.isra.0
                0x10001978       0x28 zephyr/drivers/clock_control/libdrivers__clock_control.a(clock_control_rpi_pico.c.obj)
 .text.clock_control_rpi_pico_init
                0x100019a0      0x1d4 zephyr/drivers/clock_control/libdrivers__clock_control.a(clock_control_rpi_pico.c.obj)
 .text.gpio_rpi_get_pending_int
                0x10001b74       0x30 zephyr/drivers/gpio/libdrivers__gpio.a(gpio_rpi_pico.c.obj)
 .text.gpio_rpi_configure
                0x10001ba4       0xc8 zephyr/drivers/gpio/libdrivers__gpio.a(gpio_rpi_pico.c.obj)
 .text.gpio_rpi_isr
                0x10001c6c       0x84 zephyr/drivers/gpio/libdrivers__gpio.a(gpio_rpi_pico.c.obj)
 .text.reset_rpi_status
                0x10001cf0       0x1c zephyr/drivers/reset/libdrivers__reset.a(reset_rpi_pico.c.obj)
 .text.reset_rpi_line_assert
                0x10001d0c       0x10 zephyr/drivers/reset/libdrivers__reset.a(reset_rpi_pico.c.obj)
 .text.reset_rpi_line_deassert
                0x10001d1c       0x1c zephyr/drivers/reset/libdrivers__reset.a(reset_rpi_pico.c.obj)
 .text.reset_rpi_line_toggle
                0x10001d38       0x24 zephyr/drivers/reset/libdrivers__reset.a(reset_rpi_pico.c.obj)
 .text.pl011_runtime_configure_internal
                0x10001d5c      0x138 zephyr/drivers/serial/libdrivers__serial.a(uart_pl011.c.obj)
 .text.elapsed  0x10001e94       0x44 zephyr/drivers/timer/libdrivers__timer.a(cortex_m_systick.c.obj)
 .text.sys_clock_driver_init
                0x10001ed8       0x34 zephyr/drivers/timer/libdrivers__timer.a(cortex_m_systick.c.obj)
 .text.sys_clock_isr
                0x10001f0c       0x6c zephyr/drivers/timer/libdrivers__timer.a(cortex_m_systick.c.obj)
                0x10001f0c                sys_clock_isr
 .text.sys_clock_set_timeout
                0x10001f78       0xf8 zephyr/drivers/timer/libdrivers__timer.a(cortex_m_systick.c.obj)
                0x10001f78                sys_clock_set_timeout
 .text.sys_clock_elapsed
                0x10002070       0x3c zephyr/drivers/timer/libdrivers__timer.a(cortex_m_systick.c.obj)
                0x10002070                sys_clock_elapsed
 .text.clock_configure_internal
                0x100020ac       0xa0 modules/hal_rpi_pico/libmodules__hal_rpi_pico.a(clocks.c.obj)
 .text.pll_init
                0x1000214c       0xb4 modules/hal_rpi_pico/libmodules__hal_rpi_pico.a(pll.c.obj)
                0x1000214c                pll_init
 .text.xosc_init
                0x10002200       0x28 modules/hal_rpi_pico/libmodules__hal_rpi_pico.a(xosc.c.obj)
                0x10002200                xosc_init
 .text._gpio_set_irq_enabled
                0x10002228       0x30 modules/hal_rpi_pico/libmodules__hal_rpi_pico.a(gpio.c.obj)
 .text.gpio_set_function
                0x10002258       0x38 modules/hal_rpi_pico/libmodules__hal_rpi_pico.a(gpio.c.obj)
                0x10002258                gpio_set_function
 .text.gpio_set_pulls
                0x10002290       0x24 modules/hal_rpi_pico/libmodules__hal_rpi_pico.a(gpio.c.obj)
                0x10002290                gpio_set_pulls
 .text.gpio_set_input_hysteresis_enabled
                0x100022b4       0x1c modules/hal_rpi_pico/libmodules__hal_rpi_pico.a(gpio.c.obj)
                0x100022b4                gpio_set_input_hysteresis_enabled
 .text.gpio_set_slew_rate
                0x100022d0       0x1c modules/hal_rpi_pico/libmodules__hal_rpi_pico.a(gpio.c.obj)
                0x100022d0                gpio_set_slew_rate
 .text.gpio_set_drive_strength
                0x100022ec       0x20 modules/hal_rpi_pico/libmodules__hal_rpi_pico.a(gpio.c.obj)
                0x100022ec                gpio_set_drive_strength
 .text.gpio_set_irq_enabled
                0x1000230c       0x24 modules/hal_rpi_pico/libmodules__hal_rpi_pico.a(gpio.c.obj)
                0x1000230c                gpio_set_irq_enabled
 .text.gpio_set_input_enabled
                0x10002330       0x1c modules/hal_rpi_pico/libmodules__hal_rpi_pico.a(gpio.c.obj)
                0x10002330                gpio_set_input_enabled
 .text.runtime_init_per_core_enable_coprocessors
                0x1000234c       0x1c modules/hal_rpi_pico/libmodules__hal_rpi_pico.a(runtime_init.c.obj)
                0x1000234c                runtime_init_per_core_enable_coprocessors
 .text.z_fatal_error
                0x10002368       0x30 zephyr/kernel/libkernel.a(fatal.c.obj)
                0x10002368                z_fatal_error
 .text.z_sys_init_run_level
                0x10002398       0x30 zephyr/kernel/libkernel.a(init.c.obj)
 .text.bg_thread_main
                0x100023c8       0xbc zephyr/kernel/libkernel.a(init.c.obj)
 .text.z_init_cpu
                0x10002484       0x68 zephyr/kernel/libkernel.a(init.c.obj)
                0x10002484                z_init_cpu
 .text.z_cstart
                0x100024ec       0xb4 zephyr/kernel/libkernel.a(init.c.obj)
                0x100024ec                z_cstart
 .text.z_setup_new_thread
                0x100025a0       0x54 zephyr/kernel/libkernel.a(thread.c.obj)
                0x100025a0                z_setup_new_thread
 .text.z_dummy_thread_init
                0x100025f4       0x14 zephyr/kernel/libkernel.a(thread.c.obj)
                0x100025f4                z_dummy_thread_init
 .text.z_swap_irqlock
                0x10002608       0x30 zephyr/kernel/libkernel.a(sched.c.obj)
 .text.ready_thread
                0x10002638       0x80 zephyr/kernel/libkernel.a(sched.c.obj)
 .text.unready_thread
                0x100026b8       0x54 zephyr/kernel/libkernel.a(sched.c.obj)
 .text.reschedule.isra.0
                0x1000270c       0x28 zephyr/kernel/libkernel.a(sched.c.obj)
 .text.move_current_to_end_of_prio_q
                0x10002734       0x6c zephyr/kernel/libkernel.a(sched.c.obj)
                0x10002734                move_current_to_end_of_prio_q
 .text.k_sched_lock
                0x100027a0       0x28 zephyr/kernel/libkernel.a(sched.c.obj)
                0x100027a0                k_sched_lock
 .text.k_sched_unlock
                0x100027c8       0x54 zephyr/kernel/libkernel.a(sched.c.obj)
                0x100027c8                k_sched_unlock
 .text.z_sched_init
                0x1000281c       0x10 zephyr/kernel/libkernel.a(sched.c.obj)
                0x1000281c                z_sched_init
 .text.z_impl_k_yield
                0x1000282c       0x84 zephyr/kernel/libkernel.a(sched.c.obj)
                0x1000282c                z_impl_k_yield
 .text.z_tick_sleep
                0x100028b0       0x78 zephyr/kernel/libkernel.a(sched.c.obj)
 .text.z_impl_k_sched_current_thread_query
                0x10002928        0xc zephyr/kernel/libkernel.a(sched.c.obj)
                0x10002928                z_impl_k_sched_current_thread_query
 .text.z_thread_abort
                0x10002934      0x140 zephyr/kernel/libkernel.a(sched.c.obj)
                0x10002934                z_thread_abort
 .text.z_time_slice_size
                0x10002a74       0x40 zephyr/kernel/libkernel.a(timeslicing.c.obj)
 .text.slice_timeout
                0x10002ab4       0x20 zephyr/kernel/libkernel.a(timeslicing.c.obj)
 .text.z_reset_time_slice
                0x10002ad4       0x44 zephyr/kernel/libkernel.a(timeslicing.c.obj)
                0x10002ad4                z_reset_time_slice
 .text.z_time_slice
                0x10002b18       0x5c zephyr/kernel/libkernel.a(timeslicing.c.obj)
                0x10002b18                z_time_slice
 .text.first    0x10002b74       0x10 zephyr/kernel/libkernel.a(timeout.c.obj)
 .text.elapsed  0x10002b84       0x14 zephyr/kernel/libkernel.a(timeout.c.obj)
 .text.remove_timeout
                0x10002b98       0x38 zephyr/kernel/libkernel.a(timeout.c.obj)
 .text.z_add_timeout
                0x10002bd0      0x124 zephyr/kernel/libkernel.a(timeout.c.obj)
                0x10002bd0                z_add_timeout
 .text.sys_clock_announce_locked
                0x10002cf4       0xb8 zephyr/kernel/libkernel.a(timeout.c.obj)
                0x10002cf4                sys_clock_announce_locked
 .text.sys_clock_tick_get
                0x10002dac       0x30 zephyr/kernel/libkernel.a(timeout.c.obj)
                0x10002dac                sys_clock_tick_get
 .text.snprintf
                0x10002ddc       0x54 /Users/yiwenxu/Projects/coursework/PESP/base-station/build/modules/picolibc/libc.a(snprintf.c.obj)
                0x10002ddc                snprintf
 .text.skip_to_arg
                0x10002e30      0x130 /Users/yiwenxu/Projects/coursework/PESP/base-station/build/modules/picolibc/libc.a(vflprintf.c.obj)
 .text.vfprintf
                0x10002f60      0x540 /Users/yiwenxu/Projects/coursework/PESP/base-station/build/modules/picolibc/libc.a(vflprintf.c.obj)
                0x10002f60                __l_vfprintf
                0x10002f60                vfprintf
 .text.vsnprintf
                0x100034a0       0x4c /Users/yiwenxu/Projects/coursework/PESP/base-station/build/modules/picolibc/libc.a(vsnprintf.c.obj)
                0x100034a0                vsnprintf
 .text.__udivmoddi4
                0x100034ec      0x338 /Applications/ArmGNUToolchain/15.2.rel1/arm-none-eabi/bin/../lib/gcc/arm-none-eabi/15.2.1/thumb/v8-m.main/nofp/libgcc.a(_udivmoddi4.o)
                0x100034ec                __udivmoddi4
 .text._OffsetAbsSyms
                0x10003824        0x2 zephyr/CMakeFiles/offsets.dir/./arch/arm/core/offsets/offsets.c.obj
                0x10003824                _OffsetAbsSyms
 .text.driver_log_sink
                0x10003826        0x2 app/libapp.a(main.c.obj)
 .text.k_uptime_get_32
                0x10003828       0x10 app/libapp.a(main.c.obj)
 .text.uart_poll_out
                0x10003838        0x6 app/libapp.a(sensor_node_driver.c.obj)
 .text.sensor_node_driver_device_init
                0x1000383e        0xa app/libapp.a(sensor_node_driver.c.obj)
 .text.k_uptime_get_32
                0x10003848       0x10 app/libapp.a(sensor_node_driver.c.obj)
 .text.parse_u32_field
                0x10003858       0x4c app/libapp.a(sensor_node_driver.c.obj)
 .text.sensor_node_driver_start
                0x100038a4        0x4 app/libapp.a(sensor_node_driver.c.obj)
                0x100038a4                sensor_node_driver_start
 .text.sensor_node_driver_process
                0x100038a8        0x4 app/libapp.a(sensor_node_driver.c.obj)
                0x100038a8                sensor_node_driver_process
 .text.sensor_node_driver_set_force_threshold
                0x100038ac        0x4 app/libapp.a(sensor_node_driver.c.obj)
                0x100038ac                sensor_node_driver_set_force_threshold
 .text.sensor_node_driver_set_sampling_interval
                0x100038b0        0x4 app/libapp.a(sensor_node_driver.c.obj)
                0x100038b0                sensor_node_driver_set_sampling_interval
 .text.sensor_node_driver_enable_interrupt
                0x100038b4        0x4 app/libapp.a(sensor_node_driver.c.obj)
                0x100038b4                sensor_node_driver_enable_interrupt
 .text.chunk_field
                0x100038b8       0x16 zephyr/libzephyr.a(heap.c.obj)
 .text.chunk_set
                0x100038ce       0x16 zephyr/libzephyr.a(heap.c.obj)
 .text.chunk_size
                0x100038e4        0xc zephyr/libzephyr.a(heap.c.obj)
 .text.set_chunk_used
                0x100038f0       0x30 zephyr/libzephyr.a(heap.c.obj)
 .text.set_chunk_size
                0x10003920        0x8 zephyr/libzephyr.a(heap.c.obj)
 .text.undersized_chunk
                0x10003928       0x1c zephyr/libzephyr.a(heap.c.obj)
 .text.bucket_idx
                0x10003944       0x14 zephyr/libzephyr.a(heap.c.obj)
 .text.free_list_add
                0x10003958       0x84 zephyr/libzephyr.a(heap.c.obj)
 .text.sys_heap_init
                0x100039dc       0xa0 zephyr/libzephyr.a(heap.c.obj)
                0x100039dc                sys_heap_init
 .text.z_thread_entry
                0x10003a7c       0x14 zephyr/libzephyr.a(thread_entry.c.obj)
                0x10003a7c                z_thread_entry
 .text._ConfigAbsSyms
                0x10003a90        0x2 zephyr/libzephyr.a(configs.c.obj)
                0x10003a90                _ConfigAbsSyms
 .text.arch_early_memset
                0x10003a92        0x4 zephyr/arch/common/libarch__common.a(init.c.obj)
                0x10003a92                arch_early_memset
 .text.arch_early_memcpy
                0x10003a96        0x4 zephyr/arch/common/libarch__common.a(init.c.obj)
                0x10003a96                arch_early_memcpy
 .text.z_arm_fatal_error
                0x10003a9a        0xc zephyr/arch/arch/arm/core/libarch__arm__core.a(fatal.c.obj)
                0x10003a9a                z_arm_fatal_error
 .text.z_do_kernel_oops
                0x10003aa6        0x8 zephyr/arch/arch/arm/core/libarch__arm__core.a(fatal.c.obj)
                0x10003aa6                z_do_kernel_oops
 .text.z_arm_nmi
                0x10003aae        0xe zephyr/arch/arch/arm/core/libarch__arm__core.a(nmi.c.obj)
                0x10003aae                z_arm_nmi
 .text.z_irq_spurious
                0x10003abc        0x8 zephyr/arch/arch/arm/core/cortex_m/libarch__arm__core__cortex_m.a(irq_manage.c.obj)
                0x10003abc                z_irq_spurious
 .text.arch_coprocessors_disable
                0x10003ac4        0x6 zephyr/arch/arch/arm/core/cortex_m/libarch__arm__core__cortex_m.a(thread.c.obj)
                0x10003ac4                arch_coprocessors_disable
 .text.arch_irq_unlock_outlined
                0x10003aca        0xe zephyr/arch/arch/arm/core/cortex_m/libarch__arm__core__cortex_m.a(thread.c.obj)
                0x10003aca                arch_irq_unlock_outlined
 .text.arch_cpu_idle
                0x10003ad8       0x1a zephyr/arch/arch/arm/core/cortex_m/libarch__arm__core__cortex_m.a(cpu_idle.c.obj)
                0x10003ad8                arch_cpu_idle
 .text.z_arm_interrupt_init
                0x10003af2       0x18 zephyr/arch/arch/arm/core/cortex_m/libarch__arm__core__cortex_m.a(irq_init.c.obj)
                0x10003af2                z_arm_interrupt_init
 .text.__assert_no_args
                0x10003b0a        0x6 zephyr/lib/libc/picolibc/liblib__libc__picolibc.a(assert.c.obj)
                0x10003b0a                __assert_no_args
 .text.abort    0x10003b10       0x10 zephyr/lib/libc/common/liblib__libc__common.a(abort.c.obj)
                0x10003b10                abort
 .text.soc_reset_hook
                0x10003b20        0x4 zephyr/soc/soc/rp2350a/rp2350/libsoc__raspberrypi__rpi_pico__rp2350.a(soc.c.obj)
                0x10003b20                soc_reset_hook
 .text.clock_control_rpi_pico_on
                0x10003b24       0x3c zephyr/drivers/clock_control/libdrivers__clock_control.a(clock_control_rpi_pico.c.obj)
 .text.clock_control_rpi_pico_off
                0x10003b60       0x3c zephyr/drivers/clock_control/libdrivers__clock_control.a(clock_control_rpi_pico.c.obj)
 .text.rpi_pico_is_clock_enabled.isra.0
                0x10003b9c       0x50 zephyr/drivers/clock_control/libdrivers__clock_control.a(clock_control_rpi_pico.c.obj)
 .text.clock_control_rpi_pico_get_status
                0x10003bec       0x18 zephyr/drivers/clock_control/libdrivers__clock_control.a(clock_control_rpi_pico.c.obj)
 .text.clock_control_rpi_pico_get_rate
                0x10003c04       0x1e zephyr/drivers/clock_control/libdrivers__clock_control.a(clock_control_rpi_pico.c.obj)
 .text.rpi_pico_clkid_tuple_reorder_by_dependencies
                0x10003c22       0x4c zephyr/drivers/clock_control/libdrivers__clock_control.a(clock_control_rpi_pico.c.obj)
                0x10003c22                rpi_pico_clkid_tuple_reorder_by_dependencies
 .text.gpio_rpi_port_get_raw
                0x10003c6e        0xa zephyr/drivers/gpio/libdrivers__gpio.a(gpio_rpi_pico.c.obj)
 .text.gpio_rpi_port_set_bits_raw
                0x10003c78       0x24 zephyr/drivers/gpio/libdrivers__gpio.a(gpio_rpi_pico.c.obj)
 .text.gpio_rpi_port_clear_bits_raw
                0x10003c9c       0x24 zephyr/drivers/gpio/libdrivers__gpio.a(gpio_rpi_pico.c.obj)
 .text.gpio_rpi_port_toggle_bits
                0x10003cc0       0x16 zephyr/drivers/gpio/libdrivers__gpio.a(gpio_rpi_pico.c.obj)
 .text.gpio_rpi_manage_callback
                0x10003cd6       0x54 zephyr/drivers/gpio/libdrivers__gpio.a(gpio_rpi_pico.c.obj)
 .text.gpio_rpi_bank_init
                0x10003d2a        0xe zephyr/drivers/gpio/libdrivers__gpio.a(gpio_rpi_pico.c.obj)
 .text.gpio_rpi_pin_interrupt_configure
                0x10003d38       0x42 zephyr/drivers/gpio/libdrivers__gpio.a(gpio_rpi_pico.c.obj)
 .text.bank_0_config_func
                0x10003d7a       0x16 zephyr/drivers/gpio/libdrivers__gpio.a(gpio_rpi_pico.c.obj)
 .text.gpio_rpi_port_set_masked_raw
                0x10003d90       0x40 zephyr/drivers/gpio/libdrivers__gpio.a(gpio_rpi_pico.c.obj)
 .text.pinctrl_lookup_state
                0x10003dd0       0x24 zephyr/drivers/pinctrl/libdrivers__pinctrl.a(common.c.obj)
                0x10003dd0                pinctrl_lookup_state
 .text.pinctrl_configure_pins
                0x10003df4       0xc4 zephyr/drivers/pinctrl/libdrivers__pinctrl.a(pinctrl_rpi_pico.c.obj)
                0x10003df4                pinctrl_configure_pins
 .text.pwr_on_raspberrypi_pico_uart
                0x10003eb8        0x4 zephyr/drivers/serial/libdrivers__serial.a(uart_pl011.c.obj)
 .text.clk_enable_raspberrypi_pico_uart
                0x10003ebc        0x4 zephyr/drivers/serial/libdrivers__serial.a(uart_pl011.c.obj)
 .text.pl011_poll_in
                0x10003ec0       0x2a zephyr/drivers/serial/libdrivers__serial.a(uart_pl011.c.obj)
 .text.pl011_poll_out
                0x10003eea        0xe zephyr/drivers/serial/libdrivers__serial.a(uart_pl011.c.obj)
 .text.pl011_err_check
                0x10003ef8       0x24 zephyr/drivers/serial/libdrivers__serial.a(uart_pl011.c.obj)
 .text.pl011_runtime_config_get
                0x10003f1c       0x10 zephyr/drivers/serial/libdrivers__serial.a(uart_pl011.c.obj)
 .text.pl011_fifo_fill
                0x10003f2c       0x1e zephyr/drivers/serial/libdrivers__serial.a(uart_pl011.c.obj)
 .text.pl011_fifo_read
                0x10003f4a       0x1e zephyr/drivers/serial/libdrivers__serial.a(uart_pl011.c.obj)
 .text.pl011_irq_tx_enable
                0x10003f68       0x4a zephyr/drivers/serial/libdrivers__serial.a(uart_pl011.c.obj)
 .text.pl011_irq_tx_disable
                0x10003fb2       0x14 zephyr/drivers/serial/libdrivers__serial.a(uart_pl011.c.obj)
 .text.pl011_irq_tx_complete
                0x10003fc6       0x10 zephyr/drivers/serial/libdrivers__serial.a(uart_pl011.c.obj)
 .text.pl011_irq_tx_ready
                0x10003fd6       0x2c zephyr/drivers/serial/libdrivers__serial.a(uart_pl011.c.obj)
 .text.pl011_irq_rx_enable
                0x10004002        0xe zephyr/drivers/serial/libdrivers__serial.a(uart_pl011.c.obj)
 .text.pl011_irq_rx_disable
                0x10004010        0xe zephyr/drivers/serial/libdrivers__serial.a(uart_pl011.c.obj)
 .text.pl011_irq_rx_ready
                0x1000401e       0x26 zephyr/drivers/serial/libdrivers__serial.a(uart_pl011.c.obj)
 .text.pl011_irq_err_enable
                0x10004044        0xe zephyr/drivers/serial/libdrivers__serial.a(uart_pl011.c.obj)
 .text.pl011_irq_err_disable
                0x10004052        0xe zephyr/drivers/serial/libdrivers__serial.a(uart_pl011.c.obj)
 .text.pl011_irq_is_pending
                0x10004060       0x16 zephyr/drivers/serial/libdrivers__serial.a(uart_pl011.c.obj)
 .text.pl011_irq_update
                0x10004076        0x4 zephyr/drivers/serial/libdrivers__serial.a(uart_pl011.c.obj)
 .text.pl011_irq_callback_set
                0x1000407a        0x8 zephyr/drivers/serial/libdrivers__serial.a(uart_pl011.c.obj)
 .text.pl011_isr
                0x10004082       0x26 zephyr/drivers/serial/libdrivers__serial.a(uart_pl011.c.obj)
                0x10004082                pl011_isr
 .text.pl011_irq_config_func_0
                0x100040a8       0x16 zephyr/drivers/serial/libdrivers__serial.a(uart_pl011.c.obj)
 .text.pl011_runtime_configure
                0x100040be        0x6 zephyr/drivers/serial/libdrivers__serial.a(uart_pl011.c.obj)
 .text.pl011_init
                0x100040c4      0x112 zephyr/drivers/serial/libdrivers__serial.a(uart_pl011.c.obj)
 .text.clock_configure
                0x100041d6       0x52 modules/hal_rpi_pico/libmodules__hal_rpi_pico.a(clocks.c.obj)
                0x100041d6                clock_configure
 .text.tick_start
                0x10004228       0x14 modules/hal_rpi_pico/libmodules__hal_rpi_pico.a(ticks.c.obj)
                0x10004228                tick_start
 .text.rom_reboot.constprop.0.isra.0
                0x1000423c       0x32 modules/hal_rpi_pico/libmodules__hal_rpi_pico.a(bootrom.c.obj)
 .text.rom_reset_usb_boot
                0x1000426e       0x1a modules/hal_rpi_pico/libmodules__hal_rpi_pico.a(bootrom.c.obj)
                0x1000426e                rom_reset_usb_boot
 .text.gpio_set_irqover
                0x10004288       0x1e modules/hal_rpi_pico/libmodules__hal_rpi_pico.a(gpio.c.obj)
                0x10004288                gpio_set_irqover
 .text.gpio_set_inover
                0x100042a6       0x1e modules/hal_rpi_pico/libmodules__hal_rpi_pico.a(gpio.c.obj)
                0x100042a6                gpio_set_inover
 .text.gpio_set_outover
                0x100042c4       0x1e modules/hal_rpi_pico/libmodules__hal_rpi_pico.a(gpio.c.obj)
                0x100042c4                gpio_set_outover
 .text.gpio_set_oeover
                0x100042e2       0x1e modules/hal_rpi_pico/libmodules__hal_rpi_pico.a(gpio.c.obj)
                0x100042e2                gpio_set_oeover
 .text.gpio_init
                0x10004300       0x12 modules/hal_rpi_pico/libmodules__hal_rpi_pico.a(gpio.c.obj)
                0x10004300                gpio_init
 .text.do_device_init
                0x10004312       0x30 zephyr/kernel/libkernel.a(device.c.obj)
                0x10004312                do_device_init
 .text.z_impl_device_is_ready
                0x10004342       0x16 zephyr/kernel/libkernel.a(device.c.obj)
                0x10004342                z_impl_device_is_ready
 .text.arch_system_halt
                0x10004358       0x10 zephyr/kernel/libkernel.a(fatal.c.obj)
                0x10004358                arch_system_halt
 .text.k_sys_fatal_error_handler
                0x10004368        0x6 zephyr/kernel/libkernel.a(fatal.c.obj)
                0x10004368                k_sys_fatal_error_handler
 .text.idle     0x1000436e       0x16 zephyr/kernel/libkernel.a(idle.c.obj)
                0x1000436e                idle
 .text.sys_dlist_remove
                0x10004384       0x10 zephyr/kernel/libkernel.a(sched.c.obj)
 .text.unpend_thread_no_timeout
                0x10004394       0x14 zephyr/kernel/libkernel.a(sched.c.obj)
 .text.z_ready_thread
                0x100043a8       0x1e zephyr/kernel/libkernel.a(sched.c.obj)
                0x100043a8                z_ready_thread
 .text.z_sched_wake_thread_locked
                0x100043c6       0x28 zephyr/kernel/libkernel.a(sched.c.obj)
                0x100043c6                z_sched_wake_thread_locked
 .text.z_thread_timeout
                0x100043ee       0x20 zephyr/kernel/libkernel.a(sched.c.obj)
                0x100043ee                z_thread_timeout
 .text.z_impl_k_sleep
                0x1000440e       0x32 zephyr/kernel/libkernel.a(sched.c.obj)
                0x1000440e                z_impl_k_sleep
 .text.z_impl_k_wakeup
                0x10004440       0x40 zephyr/kernel/libkernel.a(sched.c.obj)
                0x10004440                z_impl_k_wakeup
 .text.next_timeout
                0x10004480       0x2c zephyr/kernel/libkernel.a(timeout.c.obj)
 .text.z_abort_timeout
                0x100044ac       0x68 zephyr/kernel/libkernel.a(timeout.c.obj)
                0x100044ac                z_abort_timeout
 .text.sys_clock_tick_get_32
                0x10004514        0x8 zephyr/kernel/libkernel.a(timeout.c.obj)
                0x10004514                sys_clock_tick_get_32
 .text.z_impl_k_uptime_ticks
                0x1000451c        0x4 zephyr/kernel/libkernel.a(timeout.c.obj)
                0x1000451c                z_impl_k_uptime_ticks
 .text.boot_banner
                0x10004520        0x2 zephyr/kernel/libkernel.a(banner.c.obj)
                0x10004520                boot_banner
 .text.memcpy   0x10004522       0x1c /Users/yiwenxu/Projects/coursework/PESP/base-station/build/modules/picolibc/libc.a(memcpy.c.obj)
                0x10004522                memcpy
                0x10004522                __aeabi_memcpy
                0x10004522                __aeabi_memcpy4
                0x10004522                __aeabi_memcpy8
 .text.memset   0x1000453e       0x10 /Users/yiwenxu/Projects/coursework/PESP/base-station/build/modules/picolibc/libc.a(memset.c.obj)
                0x1000453e                memset
 .text.memcmp   0x1000454e       0x20 /Users/yiwenxu/Projects/coursework/PESP/base-station/build/modules/picolibc/libc.a(memcmp.c.obj)
                0x1000454e                memcmp
 .text.strchr   0x1000456e       0x1c /Users/yiwenxu/Projects/coursework/PESP/base-station/build/modules/picolibc/libc.a(strchr.c.obj)
                0x1000456e                strchr
 .text.strncmp  0x1000458a       0x24 /Users/yiwenxu/Projects/coursework/PESP/base-station/build/modules/picolibc/libc.a(strncmp.c.obj)
                0x1000458a                strncmp
 .text.strnlen  0x100045ae       0x18 /Users/yiwenxu/Projects/coursework/PESP/base-station/build/modules/picolibc/libc.a(strnlen.c.obj)
                0x100045ae                strnlen
 .text.strstr   0x100045c6       0x2c /Users/yiwenxu/Projects/coursework/PESP/base-station/build/modules/picolibc/libc.a(strstr.c.obj)
                0x100045c6                strstr
 .text.__ultoa_invert
                0x100045f2       0xc0 /Users/yiwenxu/Projects/coursework/PESP/base-station/build/modules/picolibc/libc.a(vflprintf.c.obj)
 .text.__file_str_put
                0x100046b2       0x10 /Users/yiwenxu/Projects/coursework/PESP/base-station/build/modules/picolibc/libc.a(filestrput.c.obj)
                0x100046b2                __file_str_put
 *(SORT_BY_ALIGNMENT(.gnu.linkonce.t.*))
 *(SORT_BY_ALIGNMENT(.glue_7t))
 .glue_7t       0x100046c2        0x0 linker stubs
 *(SORT_BY_ALIGNMENT(.glue_7))
 .glue_7        0x100046c2        0x0 linker stubs
 *(SORT_BY_ALIGNMENT(.vfp11_veneer))
 .vfp11_veneer  0x100046c2        0x0 linker stubs
 *(SORT_BY_ALIGNMENT(.v4_bx))
 .v4_bx         0x100046c2        0x0 linker stubs
                0x100046c4                        . = ALIGN (0x4)
 *fill*         0x100046c2        0x2 
                0x100046c4                        __text_region_end = .

.ARM.exidx      0x100046c4        0x8
                0x100046c4                        __exidx_start = .
 *(SORT_BY_ALIGNMENT(.ARM.exidx*) SORT_BY_ALIGNMENT(gnu.linkonce.armexidx.*))
 .ARM.exidx.text.__udivmoddi4
                0x100046c4        0x8 /Applications/ArmGNUToolchain/15.2.rel1/arm-none-eabi/bin/../lib/gcc/arm-none-eabi/15.2.1/thumb/v8-m.main/nofp/libgcc.a(_udivmoddi4.o)
                0x100046cc                        __exidx_end = .
                0x100046cc                        __rodata_region_start = .

initlevel       0x100046cc       0x38
                0x100046cc                        __init_start = .
                0x100046cc                        __init_EARLY_start = .
 *(SORT_BY_NAME(SORT_BY_ALIGNMENT(.z_init_EARLY_P_?_*)))
 *(SORT_BY_NAME(SORT_BY_ALIGNMENT(.z_init_EARLY_P_??_*)))
 *(SORT_BY_NAME(SORT_BY_ALIGNMENT(.z_init_EARLY_P_???_*)))
                0x100046cc                        __init_PRE_KERNEL_1_start = .
 *(SORT_BY_NAME(SORT_BY_ALIGNMENT(.z_init_PRE_KERNEL_1_P_?_*)))
 *(SORT_BY_NAME(SORT_BY_ALIGNMENT(.z_init_PRE_KERNEL_1_P_??_*)))
 .z_init_PRE_KERNEL_1_P_30_SUB_00025_
                0x100046cc        0x8 zephyr/drivers/clock_control/libdrivers__clock_control.a(clock_control_rpi_pico.c.obj)
 .z_init_PRE_KERNEL_1_P_35_SUB_00027_
                0x100046d4        0x8 zephyr/drivers/reset/libdrivers__reset.a(reset_rpi_pico.c.obj)
 .z_init_PRE_KERNEL_1_P_50_SUB_00070_
                0x100046dc        0x8 zephyr/drivers/serial/libdrivers__serial.a(uart_pl011.c.obj)
 *(SORT_BY_NAME(SORT_BY_ALIGNMENT(.z_init_PRE_KERNEL_1_P_???_*)))
                0x100046e4                        __init_PRE_KERNEL_2_start = .
 *(SORT_BY_NAME(SORT_BY_ALIGNMENT(.z_init_PRE_KERNEL_2_P_?_*)))
 .z_init_PRE_KERNEL_2_P_0_SUB_0_
                0x100046e4        0x8 zephyr/drivers/timer/libdrivers__timer.a(cortex_m_systick.c.obj)
 *(SORT_BY_NAME(SORT_BY_ALIGNMENT(.z_init_PRE_KERNEL_2_P_??_*)))
 *(SORT_BY_NAME(SORT_BY_ALIGNMENT(.z_init_PRE_KERNEL_2_P_???_*)))
                0x100046ec                        __init_POST_KERNEL_start = .
 *(SORT_BY_NAME(SORT_BY_ALIGNMENT(.z_init_POST_KERNEL_P_?_*)))
 *(SORT_BY_NAME(SORT_BY_ALIGNMENT(.z_init_POST_KERNEL_P_??_*)))
 .z_init_POST_KERNEL_P_35_SUB_0_
                0x100046ec        0x8 zephyr/lib/libc/common/liblib__libc__common.a(malloc.c.obj)
 .z_init_POST_KERNEL_P_40_SUB_00037_
                0x100046f4        0x8 zephyr/drivers/gpio/libdrivers__gpio.a(gpio_rpi_pico.c.obj)
 .z_init_POST_KERNEL_P_40_SUB_0_
                0x100046fc        0x8 app/libapp.a(sensor_node_driver.c.obj)
 *(SORT_BY_NAME(SORT_BY_ALIGNMENT(.z_init_POST_KERNEL_P_???_*)))
                0x10004704                        __init_APPLICATION_start = .
 *(SORT_BY_NAME(SORT_BY_ALIGNMENT(.z_init_APPLICATION_P_?_*)))
 *(SORT_BY_NAME(SORT_BY_ALIGNMENT(.z_init_APPLICATION_P_??_*)))
 *(SORT_BY_NAME(SORT_BY_ALIGNMENT(.z_init_APPLICATION_P_???_*)))
                0x10004704                        __init_SMP_start = .
 *(SORT_BY_NAME(SORT_BY_ALIGNMENT(.z_init_SMP_P_?_*)))
 *(SORT_BY_NAME(SORT_BY_ALIGNMENT(.z_init_SMP_P_??_*)))
 *(SORT_BY_NAME(SORT_BY_ALIGNMENT(.z_init_SMP_P_???_*)))
                0x10004704                        __init_end = .

device_area     0x10004704       0x8c
                0x10004704                        _device_list_start = .
 *(SORT_BY_NAME(SORT_BY_ALIGNMENT(._device.static.*_?_*)))
 *(SORT_BY_NAME(SORT_BY_ALIGNMENT(._device.static.*_??_*)))
 ._device.static.1_30_
                0x10004704       0x1c zephyr/drivers/clock_control/libdrivers__clock_control.a(clock_control_rpi_pico.c.obj)
                0x10004704                __device_dts_ord_25
 ._device.static.1_35_
                0x10004720       0x1c zephyr/drivers/reset/libdrivers__reset.a(reset_rpi_pico.c.obj)
                0x10004720                __device_dts_ord_27
 ._device.static.1_50_
                0x1000473c       0x1c zephyr/drivers/serial/libdrivers__serial.a(uart_pl011.c.obj)
                0x1000473c                __device_dts_ord_70
 ._device.static.3_40_
                0x10004758       0x1c app/libapp.a(sensor_node_driver.c.obj)
 ._device.static.3_40_
                0x10004774       0x1c zephyr/drivers/gpio/libdrivers__gpio.a(gpio_rpi_pico.c.obj)
                0x10004774                __device_dts_ord_37
 *(SORT_BY_NAME(SORT_BY_ALIGNMENT(._device.static.*_???_*)))
 *(SORT_BY_NAME(SORT_BY_ALIGNMENT(._device.static.*_????_*)))
 *(SORT_BY_NAME(SORT_BY_ALIGNMENT(._device.static.*_?????_*)))
                0x10004790                        _device_list_end = .

sw_isr_table    0x10004790      0x1a0
                0x10004790                        . = ALIGN (0x4)
 *(SORT_BY_ALIGNMENT(.gnu.linkonce.sw_isr_table*))
 .gnu.linkonce.sw_isr_table
                0x10004790      0x1a0 zephyr/CMakeFiles/zephyr_final.dir/isr_tables.c.obj
                0x10004790                _sw_isr_table

initlevel_error
 *(SORT_BY_NAME(SORT_BY_ALIGNMENT(.z_init_*)))
                0x00000001                        ASSERT ((SIZEOF (initlevel_error) == 0x0), Undefined initialization levels used.)

app_shmem_regions
                0x10004930        0x0
                0x10004930                        __app_shmem_regions_start = .
 *(SORT_BY_NAME(SORT_BY_ALIGNMENT(.app_regions.*)))
                0x10004930                        __app_shmem_regions_end = .

k_p4wq_initparam_area
                0x10004930        0x0
                0x10004930                        _k_p4wq_initparam_list_start = .
 *(SORT_BY_NAME(SORT_BY_ALIGNMENT(._k_p4wq_initparam.static.*)))
                0x10004930                        _k_p4wq_initparam_list_end = .

_static_thread_data_area
                0x10004930        0x0
                0x10004930                        __static_thread_data_list_start = .
 *(SORT_BY_NAME(SORT_BY_ALIGNMENT(.__static_thread_data.static.*)))
                0x10004930                        __static_thread_data_list_end = .

device_deps     0x10004930        0x0
                0x10004930                        __device_deps_start = .
 *(SORT_BY_NAME(SORT_BY_ALIGNMENT(.__device_deps_pass2*)))
                0x10004930                        __device_deps_end = .

gpio_driver_api_area
                0x10004930       0x24
                0x10004930                        _gpio_driver_api_list_start = .
 *(SORT_BY_NAME(SORT_BY_ALIGNMENT(._gpio_driver_api.static.*)))
 ._gpio_driver_api.static.gpio_rpi_driver_api_
                0x10004930       0x24 zephyr/drivers/gpio/libdrivers__gpio.a(gpio_rpi_pico.c.obj)
                0x10004954                        _gpio_driver_api_list_end = .

reset_driver_api_area
                0x10004954       0x10
                0x10004954                        _reset_driver_api_list_start = .
 *(SORT_BY_NAME(SORT_BY_ALIGNMENT(._reset_driver_api.static.*)))
 ._reset_driver_api.static.reset_rpi_driver_api_
                0x10004954       0x10 zephyr/drivers/reset/libdrivers__reset.a(reset_rpi_pico.c.obj)
                0x10004964                        _reset_driver_api_list_end = .

shared_irq_driver_api_area
                0x10004964        0x0
                0x10004964                        _shared_irq_driver_api_list_start = .
 *(SORT_BY_NAME(SORT_BY_ALIGNMENT(._shared_irq_driver_api.static.*)))
                0x10004964                        _shared_irq_driver_api_list_end = .

crypto_driver_api_area
                0x10004964        0x0
                0x10004964                        _crypto_driver_api_list_start = .
 *(SORT_BY_NAME(SORT_BY_ALIGNMENT(._crypto_driver_api.static.*)))
                0x10004964                        _crypto_driver_api_list_end = .

adc_driver_api_area
                0x10004964        0x0
                0x10004964                        _adc_driver_api_list_start = .
 *(SORT_BY_NAME(SORT_BY_ALIGNMENT(._adc_driver_api.static.*)))
                0x10004964                        _adc_driver_api_list_end = .

auxdisplay_driver_api_area
                0x10004964        0x0
                0x10004964                        _auxdisplay_driver_api_list_start = .
 *(SORT_BY_NAME(SORT_BY_ALIGNMENT(._auxdisplay_driver_api.static.*)))
                0x10004964                        _auxdisplay_driver_api_list_end = .

bbram_driver_api_area
                0x10004964        0x0
                0x10004964                        _bbram_driver_api_list_start = .
 *(SORT_BY_NAME(SORT_BY_ALIGNMENT(._bbram_driver_api.static.*)))
                0x10004964                        _bbram_driver_api_list_end = .

biometric_driver_api_area
                0x10004964        0x0
                0x10004964                        _biometric_driver_api_list_start = .
 *(SORT_BY_NAME(SORT_BY_ALIGNMENT(._biometric_driver_api.static.*)))
                0x10004964                        _biometric_driver_api_list_end = .

bt_hci_driver_api_area
                0x10004964        0x0
                0x10004964                        _bt_hci_driver_api_list_start = .
 *(SORT_BY_NAME(SORT_BY_ALIGNMENT(._bt_hci_driver_api.static.*)))
                0x10004964                        _bt_hci_driver_api_list_end = .

can_driver_api_area
                0x10004964        0x0
                0x10004964                        _can_driver_api_list_start = .
 *(SORT_BY_NAME(SORT_BY_ALIGNMENT(._can_driver_api.static.*)))
                0x10004964                        _can_driver_api_list_end = .

cellular_driver_api_area
                0x10004964        0x0
                0x10004964                        _cellular_driver_api_list_start = .
 *(SORT_BY_NAME(SORT_BY_ALIGNMENT(._cellular_driver_api.static.*)))
                0x10004964                        _cellular_driver_api_list_end = .

charger_driver_api_area
                0x10004964        0x0
                0x10004964                        _charger_driver_api_list_start = .
 *(SORT_BY_NAME(SORT_BY_ALIGNMENT(._charger_driver_api.static.*)))
                0x10004964                        _charger_driver_api_list_end = .

clock_control_driver_api_area
                0x10004964       0x1c
                0x10004964                        _clock_control_driver_api_list_start = .
 *(SORT_BY_NAME(SORT_BY_ALIGNMENT(._clock_control_driver_api.static.*)))
 ._clock_control_driver_api.static.clock_control_rpi_pico_api_
                0x10004964       0x1c zephyr/drivers/clock_control/libdrivers__clock_control.a(clock_control_rpi_pico.c.obj)
                0x10004980                        _clock_control_driver_api_list_end = .

comparator_driver_api_area
                0x10004980        0x0
                0x10004980                        _comparator_driver_api_list_start = .
 *(SORT_BY_NAME(SORT_BY_ALIGNMENT(._comparator_driver_api.static.*)))
                0x10004980                        _comparator_driver_api_list_end = .

coredump_driver_api_area
                0x10004980        0x0
                0x10004980                        _coredump_driver_api_list_start = .
 *(SORT_BY_NAME(SORT_BY_ALIGNMENT(._coredump_driver_api.static.*)))
                0x10004980                        _coredump_driver_api_list_end = .

counter_driver_api_area
                0x10004980        0x0
                0x10004980                        _counter_driver_api_list_start = .
 *(SORT_BY_NAME(SORT_BY_ALIGNMENT(._counter_driver_api.static.*)))
                0x10004980                        _counter_driver_api_list_end = .

crc_driver_api_area
                0x10004980        0x0
                0x10004980                        _crc_driver_api_list_start = .
 *(SORT_BY_NAME(SORT_BY_ALIGNMENT(._crc_driver_api.static.*)))
                0x10004980                        _crc_driver_api_list_end = .

dac_driver_api_area
                0x10004980        0x0
                0x10004980                        _dac_driver_api_list_start = .
 *(SORT_BY_NAME(SORT_BY_ALIGNMENT(._dac_driver_api.static.*)))
                0x10004980                        _dac_driver_api_list_end = .

dai_driver_api_area
                0x10004980        0x0
                0x10004980                        _dai_driver_api_list_start = .
 *(SORT_BY_NAME(SORT_BY_ALIGNMENT(._dai_driver_api.static.*)))
                0x10004980                        _dai_driver_api_list_end = .

display_driver_api_area
                0x10004980        0x0
                0x10004980                        _display_driver_api_list_start = .
 *(SORT_BY_NAME(SORT_BY_ALIGNMENT(._display_driver_api.static.*)))
                0x10004980                        _display_driver_api_list_end = .

dma_driver_api_area
                0x10004980        0x0
                0x10004980                        _dma_driver_api_list_start = .
 *(SORT_BY_NAME(SORT_BY_ALIGNMENT(._dma_driver_api.static.*)))
                0x10004980                        _dma_driver_api_list_end = .

edac_driver_api_area
                0x10004980        0x0
                0x10004980                        _edac_driver_api_list_start = .
 *(SORT_BY_NAME(SORT_BY_ALIGNMENT(._edac_driver_api.static.*)))
                0x10004980                        _edac_driver_api_list_end = .

eeprom_driver_api_area
                0x10004980        0x0
                0x10004980                        _eeprom_driver_api_list_start = .
 *(SORT_BY_NAME(SORT_BY_ALIGNMENT(._eeprom_driver_api.static.*)))
                0x10004980                        _eeprom_driver_api_list_end = .

emul_bbram_driver_api_area
                0x10004980        0x0
                0x10004980                        _emul_bbram_driver_api_list_start = .
 *(SORT_BY_NAME(SORT_BY_ALIGNMENT(._emul_bbram_driver_api.static.*)))
                0x10004980                        _emul_bbram_driver_api_list_end = .

fuel_gauge_emul_driver_api_area
                0x10004980        0x0
                0x10004980                        _fuel_gauge_emul_driver_api_list_start = .
 *(SORT_BY_NAME(SORT_BY_ALIGNMENT(._fuel_gauge_emul_driver_api.static.*)))
                0x10004980                        _fuel_gauge_emul_driver_api_list_end = .

emul_sensor_driver_api_area
                0x10004980        0x0
                0x10004980                        _emul_sensor_driver_api_list_start = .
 *(SORT_BY_NAME(SORT_BY_ALIGNMENT(._emul_sensor_driver_api.static.*)))
                0x10004980                        _emul_sensor_driver_api_list_end = .

entropy_driver_api_area
                0x10004980        0x0
                0x10004980                        _entropy_driver_api_list_start = .
 *(SORT_BY_NAME(SORT_BY_ALIGNMENT(._entropy_driver_api.static.*)))
                0x10004980                        _entropy_driver_api_list_end = .

espi_driver_api_area
                0x10004980        0x0
                0x10004980                        _espi_driver_api_list_start = .
 *(SORT_BY_NAME(SORT_BY_ALIGNMENT(._espi_driver_api.static.*)))
                0x10004980                        _espi_driver_api_list_end = .

espi_saf_driver_api_area
                0x10004980        0x0
                0x10004980                        _espi_saf_driver_api_list_start = .
 *(SORT_BY_NAME(SORT_BY_ALIGNMENT(._espi_saf_driver_api.static.*)))
                0x10004980                        _espi_saf_driver_api_list_end = .

flash_driver_api_area
                0x10004980        0x0
                0x10004980                        _flash_driver_api_list_start = .
 *(SORT_BY_NAME(SORT_BY_ALIGNMENT(._flash_driver_api.static.*)))
                0x10004980                        _flash_driver_api_list_end = .

fpga_driver_api_area
                0x10004980        0x0
                0x10004980                        _fpga_driver_api_list_start = .
 *(SORT_BY_NAME(SORT_BY_ALIGNMENT(._fpga_driver_api.static.*)))
                0x10004980                        _fpga_driver_api_list_end = .

fuel_gauge_driver_api_area
                0x10004980        0x0
                0x10004980                        _fuel_gauge_driver_api_list_start = .
 *(SORT_BY_NAME(SORT_BY_ALIGNMENT(._fuel_gauge_driver_api.static.*)))
                0x10004980                        _fuel_gauge_driver_api_list_end = .

gnss_driver_api_area
                0x10004980        0x0
                0x10004980                        _gnss_driver_api_list_start = .
 *(SORT_BY_NAME(SORT_BY_ALIGNMENT(._gnss_driver_api.static.*)))
                0x10004980                        _gnss_driver_api_list_end = .

haptics_driver_api_area
                0x10004980        0x0
                0x10004980                        _haptics_driver_api_list_start = .
 *(SORT_BY_NAME(SORT_BY_ALIGNMENT(._haptics_driver_api.static.*)))
                0x10004980                        _haptics_driver_api_list_end = .

hwspinlock_driver_api_area
                0x10004980        0x0
                0x10004980                        _hwspinlock_driver_api_list_start = .
 *(SORT_BY_NAME(SORT_BY_ALIGNMENT(._hwspinlock_driver_api.static.*)))
                0x10004980                        _hwspinlock_driver_api_list_end = .

i2c_driver_api_area
                0x10004980        0x0
                0x10004980                        _i2c_driver_api_list_start = .
 *(SORT_BY_NAME(SORT_BY_ALIGNMENT(._i2c_driver_api.static.*)))
                0x10004980                        _i2c_driver_api_list_end = .

i2c_target_driver_api_area
                0x10004980        0x0
                0x10004980                        _i2c_target_driver_api_list_start = .
 *(SORT_BY_NAME(SORT_BY_ALIGNMENT(._i2c_target_driver_api.static.*)))
                0x10004980                        _i2c_target_driver_api_list_end = .

i2s_driver_api_area
                0x10004980        0x0
                0x10004980                        _i2s_driver_api_list_start = .
 *(SORT_BY_NAME(SORT_BY_ALIGNMENT(._i2s_driver_api.static.*)))
                0x10004980                        _i2s_driver_api_list_end = .

i3c_driver_api_area
                0x10004980        0x0
                0x10004980                        _i3c_driver_api_list_start = .
 *(SORT_BY_NAME(SORT_BY_ALIGNMENT(._i3c_driver_api.static.*)))
                0x10004980                        _i3c_driver_api_list_end = .

ipm_driver_api_area
                0x10004980        0x0
                0x10004980                        _ipm_driver_api_list_start = .
 *(SORT_BY_NAME(SORT_BY_ALIGNMENT(._ipm_driver_api.static.*)))
                0x10004980                        _ipm_driver_api_list_end = .

led_driver_api_area
                0x10004980        0x0
                0x10004980                        _led_driver_api_list_start = .
 *(SORT_BY_NAME(SORT_BY_ALIGNMENT(._led_driver_api.static.*)))
                0x10004980                        _led_driver_api_list_end = .

led_strip_driver_api_area
                0x10004980        0x0
                0x10004980                        _led_strip_driver_api_list_start = .
 *(SORT_BY_NAME(SORT_BY_ALIGNMENT(._led_strip_driver_api.static.*)))
                0x10004980                        _led_strip_driver_api_list_end = .

lora_driver_api_area
                0x10004980        0x0
                0x10004980                        _lora_driver_api_list_start = .
 *(SORT_BY_NAME(SORT_BY_ALIGNMENT(._lora_driver_api.static.*)))
                0x10004980                        _lora_driver_api_list_end = .

mbox_driver_api_area
                0x10004980        0x0
                0x10004980                        _mbox_driver_api_list_start = .
 *(SORT_BY_NAME(SORT_BY_ALIGNMENT(._mbox_driver_api.static.*)))
                0x10004980                        _mbox_driver_api_list_end = .

mdio_driver_api_area
                0x10004980        0x0
                0x10004980                        _mdio_driver_api_list_start = .
 *(SORT_BY_NAME(SORT_BY_ALIGNMENT(._mdio_driver_api.static.*)))
                0x10004980                        _mdio_driver_api_list_end = .

mipi_dbi_driver_api_area
                0x10004980        0x0
                0x10004980                        _mipi_dbi_driver_api_list_start = .
 *(SORT_BY_NAME(SORT_BY_ALIGNMENT(._mipi_dbi_driver_api.static.*)))
                0x10004980                        _mipi_dbi_driver_api_list_end = .

mipi_dsi_driver_api_area
                0x10004980        0x0
                0x10004980                        _mipi_dsi_driver_api_list_start = .
 *(SORT_BY_NAME(SORT_BY_ALIGNMENT(._mipi_dsi_driver_api.static.*)))
                0x10004980                        _mipi_dsi_driver_api_list_end = .

mspi_driver_api_area
                0x10004980        0x0
                0x10004980                        _mspi_driver_api_list_start = .
 *(SORT_BY_NAME(SORT_BY_ALIGNMENT(._mspi_driver_api.static.*)))
                0x10004980                        _mspi_driver_api_list_end = .

opamp_driver_api_area
                0x10004980        0x0
                0x10004980                        _opamp_driver_api_list_start = .
 *(SORT_BY_NAME(SORT_BY_ALIGNMENT(._opamp_driver_api.static.*)))
                0x10004980                        _opamp_driver_api_list_end = .

otp_driver_api_area
                0x10004980        0x0
                0x10004980                        _otp_driver_api_list_start = .
 *(SORT_BY_NAME(SORT_BY_ALIGNMENT(._otp_driver_api.static.*)))
                0x10004980                        _otp_driver_api_list_end = .

peci_driver_api_area
                0x10004980        0x0
                0x10004980                        _peci_driver_api_list_start = .
 *(SORT_BY_NAME(SORT_BY_ALIGNMENT(._peci_driver_api.static.*)))
                0x10004980                        _peci_driver_api_list_end = .

ps2_driver_api_area
                0x10004980        0x0
                0x10004980                        _ps2_driver_api_list_start = .
 *(SORT_BY_NAME(SORT_BY_ALIGNMENT(._ps2_driver_api.static.*)))
                0x10004980                        _ps2_driver_api_list_end = .

ptp_clock_driver_api_area
                0x10004980        0x0
                0x10004980                        _ptp_clock_driver_api_list_start = .
 *(SORT_BY_NAME(SORT_BY_ALIGNMENT(._ptp_clock_driver_api.static.*)))
                0x10004980                        _ptp_clock_driver_api_list_end = .

pwm_driver_api_area
                0x10004980        0x0
                0x10004980                        _pwm_driver_api_list_start = .
 *(SORT_BY_NAME(SORT_BY_ALIGNMENT(._pwm_driver_api.static.*)))
                0x10004980                        _pwm_driver_api_list_end = .

regulator_parent_driver_api_area
                0x10004980        0x0
                0x10004980                        _regulator_parent_driver_api_list_start = .
 *(SORT_BY_NAME(SORT_BY_ALIGNMENT(._regulator_parent_driver_api.static.*)))
                0x10004980                        _regulator_parent_driver_api_list_end = .

regulator_driver_api_area
                0x10004980        0x0
                0x10004980                        _regulator_driver_api_list_start = .
 *(SORT_BY_NAME(SORT_BY_ALIGNMENT(._regulator_driver_api.static.*)))
                0x10004980                        _regulator_driver_api_list_end = .

retained_mem_driver_api_area
                0x10004980        0x0
                0x10004980                        _retained_mem_driver_api_list_start = .
 *(SORT_BY_NAME(SORT_BY_ALIGNMENT(._retained_mem_driver_api.static.*)))
                0x10004980                        _retained_mem_driver_api_list_end = .

rtc_driver_api_area
                0x10004980        0x0
                0x10004980                        _rtc_driver_api_list_start = .
 *(SORT_BY_NAME(SORT_BY_ALIGNMENT(._rtc_driver_api.static.*)))
                0x10004980                        _rtc_driver_api_list_end = .

sdhc_driver_api_area
                0x10004980        0x0
                0x10004980                        _sdhc_driver_api_list_start = .
 *(SORT_BY_NAME(SORT_BY_ALIGNMENT(._sdhc_driver_api.static.*)))
                0x10004980                        _sdhc_driver_api_list_end = .

sensor_driver_api_area
                0x10004980        0x0
                0x10004980                        _sensor_driver_api_list_start = .
 *(SORT_BY_NAME(SORT_BY_ALIGNMENT(._sensor_driver_api.static.*)))
                0x10004980                        _sensor_driver_api_list_end = .

smbus_driver_api_area
                0x10004980        0x0
                0x10004980                        _smbus_driver_api_list_start = .
 *(SORT_BY_NAME(SORT_BY_ALIGNMENT(._smbus_driver_api.static.*)))
                0x10004980                        _smbus_driver_api_list_end = .

spi_driver_api_area
                0x10004980        0x0
                0x10004980                        _spi_driver_api_list_start = .
 *(SORT_BY_NAME(SORT_BY_ALIGNMENT(._spi_driver_api.static.*)))
                0x10004980                        _spi_driver_api_list_end = .

syscon_driver_api_area
                0x10004980        0x0
                0x10004980                        _syscon_driver_api_list_start = .
 *(SORT_BY_NAME(SORT_BY_ALIGNMENT(._syscon_driver_api.static.*)))
                0x10004980                        _syscon_driver_api_list_end = .

tee_driver_api_area
                0x10004980        0x0
                0x10004980                        _tee_driver_api_list_start = .
 *(SORT_BY_NAME(SORT_BY_ALIGNMENT(._tee_driver_api.static.*)))
                0x10004980                        _tee_driver_api_list_end = .

uaol_driver_api_area
                0x10004980        0x0
                0x10004980                        _uaol_driver_api_list_start = .
 *(SORT_BY_NAME(SORT_BY_ALIGNMENT(._uaol_driver_api.static.*)))
                0x10004980                        _uaol_driver_api_list_end = .

video_driver_api_area
                0x10004980        0x0
                0x10004980                        _video_driver_api_list_start = .
 *(SORT_BY_NAME(SORT_BY_ALIGNMENT(._video_driver_api.static.*)))
                0x10004980                        _video_driver_api_list_end = .

virtio_driver_api_area
                0x10004980        0x0
                0x10004980                        _virtio_driver_api_list_start = .
 *(SORT_BY_NAME(SORT_BY_ALIGNMENT(._virtio_driver_api.static.*)))
                0x10004980                        _virtio_driver_api_list_end = .

w1_driver_api_area
                0x10004980        0x0
                0x10004980                        _w1_driver_api_list_start = .
 *(SORT_BY_NAME(SORT_BY_ALIGNMENT(._w1_driver_api.static.*)))
                0x10004980                        _w1_driver_api_list_end = .

wdt_driver_api_area
                0x10004980        0x0
                0x10004980                        _wdt_driver_api_list_start = .
 *(SORT_BY_NAME(SORT_BY_ALIGNMENT(._wdt_driver_api.static.*)))
                0x10004980                        _wdt_driver_api_list_end = .

wuc_driver_api_area
                0x10004980        0x0
                0x10004980                        _wuc_driver_api_list_start = .
 *(SORT_BY_NAME(SORT_BY_ALIGNMENT(._wuc_driver_api.static.*)))
                0x10004980                        _wuc_driver_api_list_end = .

can_transceiver_driver_api_area
                0x10004980        0x0
                0x10004980                        _can_transceiver_driver_api_list_start = .
 *(SORT_BY_NAME(SORT_BY_ALIGNMENT(._can_transceiver_driver_api.static.*)))
                0x10004980                        _can_transceiver_driver_api_list_end = .

nrf_clock_control_driver_api_area
                0x10004980        0x0
                0x10004980                        _nrf_clock_control_driver_api_list_start = .
 *(SORT_BY_NAME(SORT_BY_ALIGNMENT(._nrf_clock_control_driver_api.static.*)))
                0x10004980                        _nrf_clock_control_driver_api_list_end = .

i3c_target_driver_api_area
                0x10004980        0x0
                0x10004980                        _i3c_target_driver_api_list_start = .
 *(SORT_BY_NAME(SORT_BY_ALIGNMENT(._i3c_target_driver_api.static.*)))
                0x10004980                        _i3c_target_driver_api_list_end = .

its_driver_api_area
                0x10004980        0x0
                0x10004980                        _its_driver_api_list_start = .
 *(SORT_BY_NAME(SORT_BY_ALIGNMENT(._its_driver_api.static.*)))
                0x10004980                        _its_driver_api_list_end = .

vtd_driver_api_area
                0x10004980        0x0
                0x10004980                        _vtd_driver_api_list_start = .
 *(SORT_BY_NAME(SORT_BY_ALIGNMENT(._vtd_driver_api.static.*)))
                0x10004980                        _vtd_driver_api_list_end = .

renesas_elc_driver_api_area
                0x10004980        0x0
                0x10004980                        _renesas_elc_driver_api_list_start = .
 *(SORT_BY_NAME(SORT_BY_ALIGNMENT(._renesas_elc_driver_api.static.*)))
                0x10004980                        _renesas_elc_driver_api_list_end = .

tgpio_driver_api_area
                0x10004980        0x0
                0x10004980                        _tgpio_driver_api_list_start = .
 *(SORT_BY_NAME(SORT_BY_ALIGNMENT(._tgpio_driver_api.static.*)))
                0x10004980                        _tgpio_driver_api_list_end = .

pcie_ctrl_driver_api_area
                0x10004980        0x0
                0x10004980                        _pcie_ctrl_driver_api_list_start = .
 *(SORT_BY_NAME(SORT_BY_ALIGNMENT(._pcie_ctrl_driver_api.static.*)))
                0x10004980                        _pcie_ctrl_driver_api_list_end = .

pcie_ep_driver_api_area
                0x10004980        0x0
                0x10004980                        _pcie_ep_driver_api_list_start = .
 *(SORT_BY_NAME(SORT_BY_ALIGNMENT(._pcie_ep_driver_api.static.*)))
                0x10004980                        _pcie_ep_driver_api_list_end = .

psi5_driver_api_area
                0x10004980        0x0
                0x10004980                        _psi5_driver_api_list_start = .
 *(SORT_BY_NAME(SORT_BY_ALIGNMENT(._psi5_driver_api.static.*)))
                0x10004980                        _psi5_driver_api_list_end = .

sent_driver_api_area
                0x10004980        0x0
                0x10004980                        _sent_driver_api_list_start = .
 *(SORT_BY_NAME(SORT_BY_ALIGNMENT(._sent_driver_api.static.*)))
                0x10004980                        _sent_driver_api_list_end = .

svc_driver_api_area
                0x10004980        0x0
                0x10004980                        _svc_driver_api_list_start = .
 *(SORT_BY_NAME(SORT_BY_ALIGNMENT(._svc_driver_api.static.*)))
                0x10004980                        _svc_driver_api_list_end = .

stepper_driver_api_area
                0x10004980        0x0
                0x10004980                        _stepper_driver_api_list_start = .
 *(SORT_BY_NAME(SORT_BY_ALIGNMENT(._stepper_driver_api.static.*)))
                0x10004980                        _stepper_driver_api_list_end = .

stepper_ctrl_driver_api_area
                0x10004980        0x0
                0x10004980                        _stepper_ctrl_driver_api_list_start = .
 *(SORT_BY_NAME(SORT_BY_ALIGNMENT(._stepper_ctrl_driver_api.static.*)))
                0x10004980                        _stepper_ctrl_driver_api_list_end = .

uart_driver_api_area
                0x10004980       0xa8
                0x10004980                        _uart_driver_api_list_start = .
 *(SORT_BY_NAME(SORT_BY_ALIGNMENT(._uart_driver_api.static.*)))
 ._uart_driver_api.static.pl011_driver_api_
                0x10004980       0x54 zephyr/drivers/serial/libdrivers__serial.a(uart_pl011.c.obj)
 ._uart_driver_api.static.pl011_driver_api_noirq_
                0x100049d4       0x54 zephyr/drivers/serial/libdrivers__serial.a(uart_pl011.c.obj)
                0x10004a28                        _uart_driver_api_list_end = .

bc12_emul_driver_api_area
                0x10004a28        0x0
                0x10004a28                        _bc12_emul_driver_api_list_start = .
 *(SORT_BY_NAME(SORT_BY_ALIGNMENT(._bc12_emul_driver_api.static.*)))
                0x10004a28                        _bc12_emul_driver_api_list_end = .

bc12_driver_api_area
                0x10004a28        0x0
                0x10004a28                        _bc12_driver_api_list_start = .
 *(SORT_BY_NAME(SORT_BY_ALIGNMENT(._bc12_driver_api.static.*)))
                0x10004a28                        _bc12_driver_api_list_end = .

usbc_ppc_driver_api_area
                0x10004a28        0x0
                0x10004a28                        _usbc_ppc_driver_api_list_start = .
 *(SORT_BY_NAME(SORT_BY_ALIGNMENT(._usbc_ppc_driver_api.static.*)))
                0x10004a28                        _usbc_ppc_driver_api_list_end = .

tcpc_driver_api_area
                0x10004a28        0x0
                0x10004a28                        _tcpc_driver_api_list_start = .
 *(SORT_BY_NAME(SORT_BY_ALIGNMENT(._tcpc_driver_api.static.*)))
                0x10004a28                        _tcpc_driver_api_list_end = .

usbc_vbus_driver_api_area
                0x10004a28        0x0
                0x10004a28                        _usbc_vbus_driver_api_list_start = .
 *(SORT_BY_NAME(SORT_BY_ALIGNMENT(._usbc_vbus_driver_api.static.*)))
                0x10004a28                        _usbc_vbus_driver_api_list_end = .

ivshmem_driver_api_area
                0x10004a28        0x0
                0x10004a28                        _ivshmem_driver_api_list_start = .
 *(SORT_BY_NAME(SORT_BY_ALIGNMENT(._ivshmem_driver_api.static.*)))
                0x10004a28                        _ivshmem_driver_api_list_end = .

ethphy_driver_api_area
                0x10004a28        0x0
                0x10004a28                        _ethphy_driver_api_list_start = .
 *(SORT_BY_NAME(SORT_BY_ALIGNMENT(._ethphy_driver_api.static.*)))
                0x10004a28                        _ethphy_driver_api_list_end = .

ztest           0x10004a28        0x0
                0x10004a28                        _ztest_expected_result_entry_list_start = .
 *(SORT_BY_NAME(SORT_BY_ALIGNMENT(._ztest_expected_result_entry.static.*)))
                0x10004a28                        _ztest_expected_result_entry_list_end = .
                0x10004a28                        _ztest_suite_node_list_start = .
 *(SORT_BY_NAME(SORT_BY_ALIGNMENT(._ztest_suite_node.static.*)))
                0x10004a28                        _ztest_suite_node_list_end = .
                0x10004a28                        _ztest_unit_test_list_start = .
 *(SORT_BY_NAME(SORT_BY_ALIGNMENT(._ztest_unit_test.static.*)))
                0x10004a28                        _ztest_unit_test_list_end = .
                0x10004a28                        _ztest_test_rule_list_start = .
 *(SORT_BY_NAME(SORT_BY_ALIGNMENT(._ztest_test_rule.static.*)))
                0x10004a28                        _ztest_test_rule_list_end = .

init_array      0x10004a28        0x0
                0x10004a28                        __zephyr_init_array_start = .
 *(SORT_BY_INIT_PRIORITY(.init_array.*) SORT_BY_INIT_PRIORITY(.ctors.*))
 *(SORT_BY_ALIGNMENT(.init_array) SORT_BY_ALIGNMENT(.ctors))
                0x10004a28                        __zephyr_init_array_end = .
                0x00000001                        ASSERT ((__zephyr_init_array_start == __zephyr_init_array_end), GNU-style constructors required but STATIC_INIT_GNU not enabled)

bt_l2cap_fixed_chan_area
                0x10004a28        0x0
                0x10004a28                        _bt_l2cap_fixed_chan_list_start = .
 *(SORT_BY_NAME(SORT_BY_ALIGNMENT(._bt_l2cap_fixed_chan.static.*)))
                0x10004a28                        _bt_l2cap_fixed_chan_list_end = .

bt_gatt_service_static_area
                0x10004a28        0x0
                0x10004a28                        _bt_gatt_service_static_list_start = .
 *(SORT_BY_NAME(SORT_BY_ALIGNMENT(._bt_gatt_service_static.static.*)))
                0x10004a28                        _bt_gatt_service_static_list_end = .

log_strings_area
                0x10004a28        0x0
                0x10004a28                        _log_strings_list_start = .
 *(SORT_BY_NAME(SORT_BY_ALIGNMENT(._log_strings.static.*)))
                0x10004a28                        _log_strings_list_end = .

log_stmesp_ptr_area
                0x10004a28        0x0
                0x10004a28                        _log_stmesp_ptr_list_start = .
 *(SORT_BY_NAME(SORT_BY_ALIGNMENT(._log_stmesp_ptr.static.*)))
                0x10004a28                        _log_stmesp_ptr_list_end = .

log_stmesp_str_area
                0x10004a28        0x0
                0x10004a28                        _log_stmesp_str_list_start = .
 *(SORT_BY_NAME(SORT_BY_ALIGNMENT(._log_stmesp_str.static.*)))
                0x10004a28                        _log_stmesp_str_list_end = .

log_const_area  0x10004a28        0x0
                0x10004a28                        _log_const_list_start = .
 *(SORT_BY_NAME(SORT_BY_ALIGNMENT(._log_const.static.*)))
                0x10004a28                        _log_const_list_end = .

log_backend_area
                0x10004a28        0x0
                0x10004a28                        _log_backend_list_start = .
 *(SORT_BY_NAME(SORT_BY_ALIGNMENT(._log_backend.static.*)))
                0x10004a28                        _log_backend_list_end = .

log_link_area   0x10004a28        0x0
                0x10004a28                        _log_link_list_start = .
 *(SORT_BY_NAME(SORT_BY_ALIGNMENT(._log_link.static.*)))
                0x10004a28                        _log_link_list_end = .

tracing_backend_area
                0x10004a28        0x0
                0x10004a28                        _tracing_backend_list_start = .
 *(SORT_BY_NAME(SORT_BY_ALIGNMENT(._tracing_backend.static.*)))
                0x10004a28                        _tracing_backend_list_end = .

zephyr_dbg_info
 *(SORT_BY_ALIGNMENT(.dbg_thread_info))

intc_table_area
                0x10004a28        0x0
                0x10004a28                        _intc_table_list_start = .
 *(SORT_BY_NAME(SORT_BY_ALIGNMENT(._intc_table.static.*)))
                0x10004a28                        _intc_table_list_end = .

symbol_to_keep  0x10004a28        0x0
                0x10004a28                        __symbol_to_keep_start = .
 *(SORT_BY_NAME(SORT_BY_ALIGNMENT(.symbol_to_keep*)))
                0x10004a28                        __symbol_to_keep_end = .

shell_area      0x10004a28        0x0
                0x10004a28                        _shell_list_start = .
 *(SORT_BY_NAME(SORT_BY_ALIGNMENT(._shell.static.*)))
                0x10004a28                        _shell_list_end = .

shell_root_cmds_area
                0x10004a28        0x0
                0x10004a28                        _shell_root_cmds_list_start = .
 *(SORT_BY_NAME(SORT_BY_ALIGNMENT(._shell_root_cmds.static.*)))
                0x10004a28                        _shell_root_cmds_list_end = .

shell_subcmds_area
                0x10004a28        0x0
                0x10004a28                        _shell_subcmds_list_start = .
 *(SORT_BY_NAME(SORT_BY_ALIGNMENT(._shell_subcmds.static.*)))
                0x10004a28                        _shell_subcmds_list_end = .

shell_dynamic_subcmds_area
                0x10004a28        0x0
                0x10004a28                        _shell_dynamic_subcmds_list_start = .
 *(SORT_BY_NAME(SORT_BY_ALIGNMENT(._shell_dynamic_subcmds.static.*)))
                0x10004a28                        _shell_dynamic_subcmds_list_end = .

cfb_font_area   0x10004a28        0x0
                0x10004a28                        _cfb_font_list_start = .
 *(SORT_BY_NAME(SORT_BY_ALIGNMENT(._cfb_font.static.*)))
                0x10004a28                        _cfb_font_list_end = .

rodata          0x10004a28      0x540
 *(SORT_BY_ALIGNMENT(.rodata))
 .rodata        0x10004a28       0x22 zephyr/drivers/clock_control/libdrivers__clock_control.a(clock_control_rpi_pico.c.obj)
 *(SORT_BY_ALIGNMENT(.rodata.*))
 *fill*         0x10004a4a        0x2 
 .rodata.__device_sensor_node_driver
                0x10004a4c       0x1c app/libapp.a(main.c.obj)
 .rodata.sensor_node_api
                0x10004a68       0x34 app/libapp.a(sensor_node_driver.c.obj)
 .rodata.read_config_cmd
                0x10004a9c        0xc app/libapp.a(sensor_node_driver.c.obj)
 .rodata.clear_event_cmd
                0x10004aa8        0xc app/libapp.a(sensor_node_driver.c.obj)
 .rodata.read_event_cmd
                0x10004ab4        0xc app/libapp.a(sensor_node_driver.c.obj)
 .rodata.read_force_cmd
                0x10004ac0        0xc app/libapp.a(sensor_node_driver.c.obj)
 .rodata.read_all_cmd
                0x10004acc        0xc app/libapp.a(sensor_node_driver.c.obj)
 .rodata.clock_control_rpi_pico_config
                0x10004ad8       0xf0 zephyr/drivers/clock_control/libdrivers__clock_control.a(clock_control_rpi_pico.c.obj)
 .rodata.__pinctrl_dev_config__device_dts_ord_25
                0x10004bc8        0x8 zephyr/drivers/clock_control/libdrivers__clock_control.a(clock_control_rpi_pico.c.obj)
 .rodata.__pinctrl_states__device_dts_ord_25
                0x10004bd0        0x0 zephyr/drivers/clock_control/libdrivers__clock_control.a(clock_control_rpi_pico.c.obj)
 .rodata.gpio_rpi_0_config
                0x10004bd0        0x8 zephyr/drivers/gpio/libdrivers__gpio.a(gpio_rpi_pico.c.obj)
 .rodata.__pinctrl_dev_config__device_dts_ord_70
                0x10004bd8        0x8 zephyr/drivers/serial/libdrivers__serial.a(uart_pl011.c.obj)
 .rodata.__pinctrl_states__device_dts_ord_70
                0x10004be0        0x8 zephyr/drivers/serial/libdrivers__serial.a(uart_pl011.c.obj)
 .rodata.__pinctrl_state_pins_0__device_dts_ord_70
                0x10004be8        0x8 zephyr/drivers/serial/libdrivers__serial.a(uart_pl011.c.obj)
 .rodata.levels.0
                0x10004bf0       0x18 zephyr/kernel/libkernel.a(init.c.obj)
 .rodata.send_frame.str1.1
                0x10004c08      0x33f app/libapp.a(sensor_node_driver.c.obj)
                                 0x17 (size before relaxing)
 .rodata.sensor_node_driver_enable_interrupt_impl.str1.1
                0x10004f47        0x0 app/libapp.a(sensor_node_driver.c.obj)
                                 0x15 (size before relaxing)
 .rodata.sensor_node_driver_set_sampling_interval_impl.str1.1
                0x10004f47        0x0 app/libapp.a(sensor_node_driver.c.obj)
                                 0x16 (size before relaxing)
 .rodata.sensor_node_driver_set_force_threshold_impl.str1.1
                0x10004f47        0x0 app/libapp.a(sensor_node_driver.c.obj)
                                 0x17 (size before relaxing)
 .rodata.parse_decimal_scaled_field.str1.1
                0x10004f47        0x0 app/libapp.a(sensor_node_driver.c.obj)
                                  0x4 (size before relaxing)
 .rodata.handle_payload.str1.1
                0x10004f47        0x0 app/libapp.a(sensor_node_driver.c.obj)
                                 0xe0 (size before relaxing)
 .rodata.sensor_node_driver_process_impl.str1.1
                0x10004f47        0x0 app/libapp.a(sensor_node_driver.c.obj)
                                 0x98 (size before relaxing)
 .rodata.sensor_node_driver_start_impl.str1.1
                0x10004f47        0x0 app/libapp.a(sensor_node_driver.c.obj)
                                 0xd3 (size before relaxing)
 .rodata.str1.1
                0x10004f47        0x0 app/libapp.a(sensor_node_driver.c.obj)
                                 0x4b (size before relaxing)
 .rodata.table.0
                0x10004f47        0x6 zephyr/drivers/clock_control/libdrivers__clock_control.a(clock_control_rpi_pico.c.obj)
 .rodata.table.1
                0x10004f4d        0x7 zephyr/drivers/clock_control/libdrivers__clock_control.a(clock_control_rpi_pico.c.obj)
 .rodata.table.2
                0x10004f54        0x6 zephyr/drivers/clock_control/libdrivers__clock_control.a(clock_control_rpi_pico.c.obj)
 .rodata.table.3
                0x10004f5a        0x3 zephyr/drivers/clock_control/libdrivers__clock_control.a(clock_control_rpi_pico.c.obj)
 .rodata.table.4
                0x10004f5d        0xa zephyr/drivers/clock_control/libdrivers__clock_control.a(clock_control_rpi_pico.c.obj)
 .rodata.str1.1
                0x10004f67        0x0 zephyr/drivers/clock_control/libdrivers__clock_control.a(clock_control_rpi_pico.c.obj)
                                 0x1a (size before relaxing)
 .rodata.str1.1
                0x10004f67        0x0 zephyr/drivers/gpio/libdrivers__gpio.a(gpio_rpi_pico.c.obj)
                                  0xc (size before relaxing)
 .rodata.str1.1
                0x10004f67        0x0 zephyr/drivers/reset/libdrivers__reset.a(reset_rpi_pico.c.obj)
                                 0x1a (size before relaxing)
 .rodata.str1.1
                0x10004f67        0x0 zephyr/drivers/serial/libdrivers__serial.a(uart_pl011.c.obj)
                                  0xe (size before relaxing)
 .rodata.z_cstart.str1.1
                0x10004f67        0x0 zephyr/kernel/libkernel.a(init.c.obj)
                                  0x5 (size before relaxing)
 .rodata.vfprintf.str1.1
                0x10004f67        0x0 /Users/yiwenxu/Projects/coursework/PESP/base-station/build/modules/picolibc/libc.a(vflprintf.c.obj)
                                  0xf (size before relaxing)
 *(SORT_BY_ALIGNMENT(.gnu.linkonce.r.*))
                0x10004f68                        . = ALIGN (0x4)
 *fill*         0x10004f67        0x1 
                [!provide]                        PROVIDE (__eh_frame_start = 0x0)
                [!provide]                        PROVIDE (__eh_frame_end = 0x0)
                [!provide]                        PROVIDE (__eh_frame_hdr_start = 0x0)
                [!provide]                        PROVIDE (__eh_frame_hdr_end = 0x0)

/DISCARD/
 *(SORT_BY_ALIGNMENT(.eh_frame))
                0x10004f68                        __rodata_region_end = .
                0x10004f68                        . = ALIGN (_region_min_align)
                0x10004f68                        __rom_region_end = ((__rom_region_start + .) - ADDR (rom_start))
                0x00004f68                        __rom_region_size = (__rom_region_end - __rom_region_start)

/DISCARD/
 *(SORT_BY_ALIGNMENT(.got.plt))
 *(SORT_BY_ALIGNMENT(.igot.plt))
 *(SORT_BY_ALIGNMENT(.got))
 *(SORT_BY_ALIGNMENT(.igot))
                0x20000000                        . = 0x20000000
                0x20000000                        . = ALIGN (_region_min_align)
                0x20000000                        _image_ram_start = .

.ramfunc        0x20000000        0x0 load address 0x10004f68
                0x20000000                        __ramfunc_region_start = .
                0x20000000                        . = ALIGN (_region_min_align)
                0x20000000                        __ramfunc_start = .
 *(SORT_BY_ALIGNMENT(.ramfunc))
 *(SORT_BY_ALIGNMENT(.ramfunc.*))
                0x20000000                        . = ALIGN (_region_min_align)
                0x20000000                        __ramfunc_end = .
                0x00000000                        __ramfunc_size = (__ramfunc_end - __ramfunc_start)
                0x10004f68                        __ramfunc_load_start = LOADADDR (.ramfunc)

datas           0x20000000       0x58 load address 0x10004f68
                0x20000000                        __data_region_start = .
                0x20000000                        __data_start = .
 *(SORT_BY_ALIGNMENT(.data))
 *(SORT_BY_ALIGNMENT(.data.*))
 .data.clock_control_rpi_pico_data
                0x20000000        0x8 zephyr/drivers/clock_control/libdrivers__clock_control.a(clock_control_rpi_pico.c.obj)
 .data.pl011_data_port_0
                0x20000008       0x1c zephyr/drivers/serial/libdrivers__serial.a(uart_pl011.c.obj)
 .data.pl011_cfg_port_0
                0x20000024       0x28 zephyr/drivers/serial/libdrivers__serial.a(uart_pl011.c.obj)
 .data.slice_ticks
                0x2000004c        0x4 zephyr/kernel/libkernel.a(timeslicing.c.obj)
 .data.timeout_list
                0x20000050        0x8 zephyr/kernel/libkernel.a(timeout.c.obj)
 *(SORT_BY_ALIGNMENT(.kernel.*))
                0x20000058                        __data_end = .
                0x00000058                        __data_size = (__data_end - __data_start)
                0x10004f68                        __data_load_start = LOADADDR (datas)
                0x10004f68                        __data_region_load_start = LOADADDR (datas)

device_states   0x20000058        0xc load address 0x10004fc0
                0x20000058                        . = ALIGN (0x4)
                0x20000058                        __device_states_start = .
 *(SORT_BY_ALIGNMENT(.z_devstate))
 .z_devstate    0x20000058        0x2 app/libapp.a(sensor_node_driver.c.obj)
 .z_devstate    0x2000005a        0x2 zephyr/drivers/clock_control/libdrivers__clock_control.a(clock_control_rpi_pico.c.obj)
 .z_devstate    0x2000005c        0x2 zephyr/drivers/gpio/libdrivers__gpio.a(gpio_rpi_pico.c.obj)
 .z_devstate    0x2000005e        0x2 zephyr/drivers/reset/libdrivers__reset.a(reset_rpi_pico.c.obj)
 .z_devstate    0x20000060        0x2 zephyr/drivers/serial/libdrivers__serial.a(uart_pl011.c.obj)
 *(SORT_BY_ALIGNMENT(.z_devstate.*))
                0x20000062                        __device_states_end = .
                0x20000064                        . = ALIGN (0x4)
 *fill*         0x20000062        0x2 

log_mpsc_pbuf_area
                0x20000064        0x0 load address 0x10004fcc
                0x20000064                        _log_mpsc_pbuf_list_start = .
 *(SORT_BY_NAME(SORT_BY_ALIGNMENT(._log_mpsc_pbuf.static.*)))
                0x20000064                        _log_mpsc_pbuf_list_end = .

log_msg_ptr_area
                0x20000064        0x0 load address 0x10004fcc
                0x20000064                        _log_msg_ptr_list_start = .
 *(SORT_BY_NAME(SORT_BY_ALIGNMENT(._log_msg_ptr.static.*)))
                0x20000064                        _log_msg_ptr_list_end = .

log_dynamic_area
                0x20000064        0x0 load address 0x10004fcc
                0x20000064                        _log_dynamic_list_start = .
 *(SORT_BY_NAME(SORT_BY_ALIGNMENT(._log_dynamic.static.*)))
                0x20000064                        _log_dynamic_list_end = .

k_timer_area    0x20000064        0x0 load address 0x10004fcc
                0x20000064                        _k_timer_list_start = .
 *(SORT_BY_NAME(SORT_BY_ALIGNMENT(._k_timer.static.*)))
                0x20000064                        _k_timer_list_end = .

k_mem_slab_area
                0x20000064        0x0 load address 0x10004fcc
                0x20000064                        _k_mem_slab_list_start = .
 *(SORT_BY_NAME(SORT_BY_ALIGNMENT(._k_mem_slab.static.*)))
                0x20000064                        _k_mem_slab_list_end = .

k_heap_area     0x20000064        0x0 load address 0x10004fcc
                0x20000064                        _k_heap_list_start = .
 *(SORT_BY_NAME(SORT_BY_ALIGNMENT(._k_heap.static.*)))
                0x20000064                        _k_heap_list_end = .

k_mutex_area    0x20000064        0x0 load address 0x10004fcc
                0x20000064                        _k_mutex_list_start = .
 *(SORT_BY_NAME(SORT_BY_ALIGNMENT(._k_mutex.static.*)))
                0x20000064                        _k_mutex_list_end = .

k_stack_area    0x20000064        0x0 load address 0x10004fcc
                0x20000064                        _k_stack_list_start = .
 *(SORT_BY_NAME(SORT_BY_ALIGNMENT(._k_stack.static.*)))
                0x20000064                        _k_stack_list_end = .

k_msgq_area     0x20000064        0x0 load address 0x10004fcc
                0x20000064                        _k_msgq_list_start = .
 *(SORT_BY_NAME(SORT_BY_ALIGNMENT(._k_msgq.static.*)))
                0x20000064                        _k_msgq_list_end = .

k_mbox_area     0x20000064        0x0 load address 0x10004fcc
                0x20000064                        _k_mbox_list_start = .
 *(SORT_BY_NAME(SORT_BY_ALIGNMENT(._k_mbox.static.*)))
                0x20000064                        _k_mbox_list_end = .

k_pipe_area     0x20000064        0x0 load address 0x10004fcc
                0x20000064                        _k_pipe_list_start = .
 *(SORT_BY_NAME(SORT_BY_ALIGNMENT(._k_pipe.static.*)))